{"seed": 0, "user": 0, "d": 8, "strategy": "random", "final_regret": 7.267134666442871, "queries_to_threshold": 1, "reached_threshold": true}
{"seed": 0, "user": 0, "d": 8, "strategy": "bald", "final_regret": 0.019685745239257812, "queries_to_threshold": 1, "reached_threshold": true}
{"seed": 0, "user": 0, "d": 8, "strategy": "voi", "final_regret": 0.6798171997070312, "queries_to_threshold": 1, "reached_threshold": true}
{"seed": 0, "user": 0, "d": 8, "strategy": "oracle", "final_regret": 0.040317535400390625, "queries_to_threshold": 1, "reached_threshold": true}
{"seed": 0, "user": 1, "d": 8, "strategy": "random", "final_regret": 2.575031280517578, "queries_to_threshold": 11, "reached_threshold": false}
{"seed": 0, "user": 1, "d": 8, "strategy": "bald", "final_regret": 0.9578399658203125, "queries_to_threshold": 5, "reached_threshold": true}
{"seed": 0, "user": 1, "d": 8, "strategy": "voi", "final_regret": 4.724636077880859, "queries_to_threshold": 6, "reached_threshold": true}
{"seed": 0, "user": 1, "d": 8, "strategy": "oracle", "final_regret": 0.9091587066650391, "queries_to_threshold": 7, "reached_threshold": true}
{"seed": 0, "user": 2, "d": 8, "strategy": "random", "final_regret": 2.5022106170654297, "queries_to_threshold": 1, "reached_threshold": true}
{"seed": 0, "user": 2, "d": 8, "strategy": "bald", "final_regret": 0.6093854904174805, "queries_to_threshold": 1, "reached_threshold": true}
{"seed": 0, "user": 2, "d": 8, "strategy": "voi", "final_regret": 0.34130001068115234, "queries_to_threshold": 1, "reached_threshold": true}
{"seed": 0, "user": 2, "d": 8, "strategy": "oracle", "final_regret": 0.16925334930419922, "queries_to_threshold": 1, "reached_threshold": true}
{"seed": 0, "user": 3, "d": 8, "strategy": "random", "final_regret": 5.215066909790039, "queries_to_threshold": 11, "reached_threshold": false}
{"seed": 0, "user": 3, "d": 8, "strategy": "bald", "final_regret": 13.157487869262695, "queries_to_threshold": 11, "reached_threshold": false}
{"seed": 0, "user": 3, "d": 8, "strategy": "voi", "final_regret": 0.3110637664794922, "queries_to_threshold": 4, "reached_threshold": true}
{"seed": 0, "user": 3, "d": 8, "strategy": "oracle", "final_regret": 1.9615716934204102, "queries_to_threshold": 11, "reached_threshold": false}
{"seed": 0, "user": 4, "d": 8, "strategy": "random", "final_regret": 0.8564319610595703, "queries_to_threshold": 10, "reached_threshold": true}
{"seed": 0, "user": 4, "d": 8, "strategy": "bald", "final_regret": 2.0265045166015625, "queries_to_threshold": 11, "reached_threshold": false}
{"seed": 0, "user": 4, "d": 8, "strategy": "voi", "final_regret": 3.1101016998291016, "queries_to_threshold": 11, "reached_threshold": false}
{"seed": 0, "user": 4, "d": 8, "strategy": "oracle", "final_regret": 0.6443080902099609, "queries_to_threshold": 7, "reached_threshold": true}
{"seed": 0, "user": 5, "d": 8, "strategy": "random", "final_regret": 3.116185188293457, "queries_to_threshold": 3, "reached_threshold": true}
{"seed": 0, "user": 5, "d": 8, "strategy": "bald", "final_regret": 1.3694429397583008, "queries_to_threshold": 4, "reached_threshold": true}
{"seed": 0, "user": 5, "d": 8, "strategy": "voi", "final_regret": 4.507335662841797, "queries_to_threshold": 11, "reached_threshold": false}
{"seed": 0, "user": 5, "d": 8, "strategy": "oracle", "final_regret": 1.4053211212158203, "queries_to_threshold": 11, "reached_threshold": false}
{"seed": 0, "user": 6, "d": 8, "strategy": "random", "final_regret": 6.72063684463501, "queries_to_threshold": 11, "reached_threshold": false}
{"seed": 0, "user": 6, "d": 8, "strategy": "bald", "final_regret": 0.7654085159301758, "queries_to_threshold": 2, "reached_threshold": true}
{"seed": 0, "user": 6, "d": 8, "strategy": "voi", "final_regret": 7.287646293640137, "queries_to_threshold": 11, "reached_threshold": false}
{"seed": 0, "user": 6, "d": 8, "strategy": "oracle", "final_regret": 0.6381998062133789, "queries_to_threshold": 1, "reached_threshold": true}
{"seed": 0, "user": 7, "d": 8, "strategy": "random", "final_regret": 0.12528514862060547, "queries_to_threshold": 3, "reached_threshold": true}
{"seed": 0, "user": 7, "d": 8, "strategy": "bald", "final_regret": 2.2712268829345703, "queries_to_threshold": 2, "reached_threshold": true}
{"seed": 0, "user": 7, "d": 8, "strategy": "voi", "final_regret": 1.3985748291015625, "queries_to_threshold": 4, "reached_threshold": true}
{"seed": 0, "user": 7, "d": 8, "strategy": "oracle", "final_regret": 0.12350273132324219, "queries_to_threshold": 2, "reached_threshold": true}
{"seed": 0, "user": 8, "d": 8, "strategy": "random", "final_regret": 0.14458703994750977, "queries_to_threshold": 6, "reached_threshold": true}
{"seed": 0, "user": 8, "d": 8, "strategy": "bald", "final_regret": 0.4010734558105469, "queries_to_threshold": 5, "reached_threshold": true}
{"seed": 0, "user": 8, "d": 8, "strategy": "voi", "final_regret": 0.4168510437011719, "queries_to_threshold": 4, "reached_threshold": true}
{"seed": 0, "user": 8, "d": 8, "strategy": "oracle", "final_regret": 0.06379032135009766, "queries_to_threshold": 4, "reached_threshold": true}
{"seed": 0, "user": 9, "d": 8, "strategy": "random", "final_regret": 1.6823453903198242, "queries_to_threshold": 2, "reached_threshold": true}
{"seed": 0, "user": 9, "d": 8, "strategy": "bald", "final_regret": 0.12099075317382812, "queries_to_threshold": 1, "reached_threshold": true}
{"seed": 0, "user": 9, "d": 8, "strategy": "voi", "final_regret": 9.430547714233398, "queries_to_threshold": 1, "reached_threshold": true}
{"seed": 0, "user": 9, "d": 8, "strategy": "oracle", "final_regret": 0.014589309692382812, "queries_to_threshold": 5, "reached_threshold": true}
{"seed": 0, "user": 10, "d": 8, "strategy": "random", "final_regret": 3.8821680545806885, "queries_to_threshold": 11, "reached_threshold": false}
{"seed": 0, "user": 10, "d": 8, "strategy": "bald", "final_regret": 2.7924532890319824, "queries_to_threshold": 11, "reached_threshold": false}
{"seed": 0, "user": 10, "d": 8, "strategy": "voi", "final_regret": 2.9809298515319824, "queries_to_threshold": 11, "reached_threshold": false}
{"seed": 0, "user": 10, "d": 8, "strategy": "oracle", "final_regret": 1.5476045608520508, "queries_to_threshold": 11, "reached_threshold": false}
{"seed": 0, "user": 11, "d": 8, "strategy": "random", "final_regret": 1.1030330657958984, "queries_to_threshold": 11, "reached_threshold": false}
{"seed": 0, "user": 11, "d": 8, "strategy": "bald", "final_regret": 1.1304340362548828, "queries_to_threshold": 2, "reached_threshold": true}
{"seed": 0, "user": 11, "d": 8, "strategy": "voi", "final_regret": 0.9961414337158203, "queries_to_threshold": 2, "reached_threshold": true}
{"seed": 0, "user": 11, "d": 8, "strategy": "oracle", "final_regret": 0.042975425720214844, "queries_to_threshold": 3, "reached_threshold": true}
{"seed": 0, "user": 12, "d": 8, "strategy": "random", "final_regret": 0.13854217529296875, "queries_to_threshold": 1, "reached_threshold": true}
{"seed": 0, "user": 12, "d": 8, "strategy": "bald", "final_regret": 0.01560211181640625, "queries_to_threshold": 1, "reached_threshold": true}
{"seed": 0, "user": 12, "d": 8, "strategy": "voi", "final_regret": 2.521028518676758, "queries_to_threshold": 1, "reached_threshold": true}
{"seed": 0, "user": 12, "d": 8, "strategy": "oracle", "final_regret": 0.37734031677246094, "queries_to_threshold": 1, "reached_threshold": true}
{"seed": 0, "user": 13, "d": 8, "strategy": "random", "final_regret": 4.817663669586182, "queries_to_threshold": 11, "reached_threshold": false}
{"seed": 0, "user": 13, "d": 8, "strategy": "bald", "final_regret": 3.6279335021972656, "queries_to_threshold": 6, "reached_threshold": true}
{"seed": 0, "user": 13, "d": 8, "strategy": "voi", "final_regret": 0.22029685974121094, "queries_to_threshold": 4, "reached_threshold": true}
{"seed": 0, "user": 13, "d": 8, "strategy": "oracle", "final_regret": 5.121382236480713, "queries_to_threshold": 11, "reached_threshold": false}
{"seed": 0, "user": 14, "d": 8, "strategy": "random", "final_regret": 4.054014205932617, "queries_to_threshold": 11, "reached_threshold": false}
{"seed": 0, "user": 14, "d": 8, "strategy": "bald", "final_regret": 3.6944236755371094, "queries_to_threshold": 11, "reached_threshold": false}
{"seed": 0, "user": 14, "d": 8, "strategy": "voi", "final_regret": -1.33514404296875e-05, "queries_to_threshold": 4, "reached_threshold": true}
{"seed": 0, "user": 14, "d": 8, "strategy": "oracle", "final_regret": 0.029626846313476562, "queries_to_threshold": 2, "reached_threshold": true}
{"seed": 1, "user": 0, "d": 8, "strategy": "random", "final_regret": 6.0524139404296875, "queries_to_threshold": 11, "reached_threshold": false}
{"seed": 1, "user": 0, "d": 8, "strategy": "bald", "final_regret": 2.7970151901245117, "queries_to_threshold": 11, "reached_threshold": false}
{"seed": 1, "user": 0, "d": 8, "strategy": "voi", "final_regret": 0.1527109146118164, "queries_to_threshold": 8, "reached_threshold": true}
{"seed": 1, "user": 0, "d": 8, "strategy": "oracle", "final_regret": 2.818136215209961, "queries_to_threshold": 11, "reached_threshold": false}
{"seed": 1, "user": 1, "d": 8, "strategy": "random", "final_regret": 4.681791305541992, "queries_to_threshold": 3, "reached_threshold": true}
{"seed": 1, "user": 1, "d": 8, "strategy": "bald", "final_regret": 13.044559478759766, "queries_to_threshold": 11, "reached_threshold": false}
{"seed": 1, "user": 1, "d": 8, "strategy": "voi", "final_regret": 2.4787187576293945, "queries_to_threshold": 2, "reached_threshold": true}
{"seed": 1, "user": 1, "d": 8, "strategy": "oracle", "final_regret": 4.368982315063477, "queries_to_threshold": 11, "reached_threshold": false}
{"seed": 1, "user": 2, "d": 8, "strategy": "random", "final_regret": 1.6274280548095703, "queries_to_threshold": 1, "reached_threshold": true}
{"seed": 1, "user": 2, "d": 8, "strategy": "bald", "final_regret": 0.053320884704589844, "queries_to_threshold": 5, "reached_threshold": true}
{"seed": 1, "user": 2, "d": 8, "strategy": "voi", "final_regret": 0.7702274322509766, "queries_to_threshold": 3, "reached_threshold": true}
{"seed": 1, "user": 2, "d": 8, "strategy": "oracle", "final_regret": 0.009340286254882812, "queries_to_threshold": 1, "reached_threshold": true}
{"seed": 1, "user": 3, "d": 8, "strategy": "random", "final_regret": 1.7732973098754883, "queries_to_threshold": 11, "reached_threshold": false}
{"seed": 1, "user": 3, "d": 8, "strategy": "bald", "final_regret": 3.0862255096435547, "queries_to_threshold": 11, "reached_threshold": false}
{"seed": 1, "user": 3, "d": 8, "strategy": "voi", "final_regret": 0.6961297988891602, "queries_to_threshold": 3, "reached_threshold": true}
{"seed": 1, "user": 3, "d": 8, "strategy": "oracle", "final_regret": 1.218857765197754, "queries_to_threshold": 11, "reached_threshold": false}
{"seed": 1, "user": 4, "d": 8, "strategy": "random", "final_regret": 3.2569937705993652, "queries_to_threshold": 11, "reached_threshold": false}
{"seed": 1, "user": 4, "d": 8, "strategy": "bald", "final_regret": 1.8527536392211914, "queries_to_threshold": 11, "reached_threshold": false}
{"seed": 1, "user": 4, "d": 8, "strategy": "voi", "final_regret": 3.219960927963257, "queries_to_threshold": 11, "reached_threshold": false}
{"seed": 1, "user": 4, "d": 8, "strategy": "oracle", "final_regret": 0.6454026699066162, "queries_to_threshold": 2, "reached_threshold": true}
{"seed": 1, "user": 5, "d": 8, "strategy": "random", "final_regret": 5.66355562210083, "queries_to_threshold": 2, "reached_threshold": true}
{"seed": 1, "user": 5, "d": 8, "strategy": "bald", "final_regret": 0.8577468395233154, "queries_to_threshold": 7, "reached_threshold": true}
{"seed": 1, "user": 5, "d": 8, "strategy": "voi", "final_regret": 1.2037792205810547, "queries_to_threshold": 8, "reached_threshold": true}
{"seed": 1, "user": 5, "d": 8, "strategy": "oracle", "final_regret": 0.7231945991516113, "queries_to_threshold": 1, "reached_threshold": true}
{"seed": 1, "user": 6, "d": 8, "strategy": "random", "final_regret": 3.3266258239746094, "queries_to_threshold": 11, "reached_threshold": false}
{"seed": 1, "user": 6, "d": 8, "strategy": "bald", "final_regret": 2.7829971313476562, "queries_to_threshold": 4, "reached_threshold": true}
{"seed": 1, "user": 6, "d": 8, "strategy": "voi", "final_regret": 1.3069038391113281, "queries_to_threshold": 3, "reached_threshold": true}
{"seed": 1, "user": 6, "d": 8, "strategy": "oracle", "final_regret": 3.341202735900879, "queries_to_threshold": 11, "reached_threshold": false}
{"seed": 1, "user": 7, "d": 8, "strategy": "random", "final_regret": 0.8124237060546875, "queries_to_threshold": 4, "reached_threshold": true}
{"seed": 1, "user": 7, "d": 8, "strategy": "bald", "final_regret": 0.586176872253418, "queries_to_threshold": 3, "reached_threshold": true}
{"seed": 1, "user": 7, "d": 8, "strategy": "voi", "final_regret": 0.7314090728759766, "queries_to_threshold": 3, "reached_threshold": true}
{"seed": 1, "user": 7, "d": 8, "strategy": "oracle", "final_regret": 0.09110641479492188, "queries_to_threshold": 1, "reached_threshold": true}
{"seed": 1, "user": 8, "d": 8, "strategy": "random", "final_regret": 12.373302459716797, "queries_to_threshold": 11, "reached_threshold": false}
{"seed": 1, "user": 8, "d": 8, "strategy": "bald", "final_regret": 5.620297431945801, "queries_to_threshold": 11, "reached_threshold": false}
{"seed": 1, "user": 8, "d": 8, "strategy": "voi", "final_regret": 0.9263019561767578, "queries_to_threshold": 10, "reached_threshold": true}
{"seed": 1, "user": 8, "d": 8, "strategy": "oracle", "final_regret": 0.9577598571777344, "queries_to_threshold": 1, "reached_threshold": true}
{"seed": 1, "user": 9, "d": 8, "strategy": "random", "final_regret": 0.6486215591430664, "queries_to_threshold": 7, "reached_threshold": true}
{"seed": 1, "user": 9, "d": 8, "strategy": "bald", "final_regret": 0.39966869354248047, "queries_to_threshold": 6, "reached_threshold": true}
{"seed": 1, "user": 9, "d": 8, "strategy": "voi", "final_regret": 1.6681232452392578, "queries_to_threshold": 11, "reached_threshold": false}
{"seed": 1, "user": 9, "d": 8, "strategy": "oracle", "final_regret": 1.1641864776611328, "queries_to_threshold": 11, "reached_threshold": false}
{"seed": 1, "user": 10, "d": 8, "strategy": "random", "final_regret": 2.538820266723633, "queries_to_threshold": 1, "reached_threshold": true}
{"seed": 1, "user": 10, "d": 8, "strategy": "bald", "final_regret": 2.447530746459961, "queries_to_threshold": 1, "reached_threshold": true}
{"seed": 1, "user": 10, "d": 8, "strategy": "voi", "final_regret": 0.5098094940185547, "queries_to_threshold": 1, "reached_threshold": true}
{"seed": 1, "user": 10, "d": 8, "strategy": "oracle", "final_regret": 0.22956275939941406, "queries_to_threshold": 1, "reached_threshold": true}
{"seed": 1, "user": 11, "d": 8, "strategy": "random", "final_regret": 6.372982025146484, "queries_to_threshold": 11, "reached_threshold": false}
{"seed": 1, "user": 11, "d": 8, "strategy": "bald", "final_regret": 0.9338626861572266, "queries_to_threshold": 3, "reached_threshold": true}
{"seed": 1, "user": 11, "d": 8, "strategy": "voi", "final_regret": 13.89029598236084, "queries_to_threshold": 4, "reached_threshold": true}
{"seed": 1, "user": 11, "d": 8, "strategy": "oracle", "final_regret": 0.23830223083496094, "queries_to_threshold": 1, "reached_threshold": true}
{"seed": 1, "user": 12, "d": 8, "strategy": "random", "final_regret": 0.11706924438476562, "queries_to_threshold": 1, "reached_threshold": true}
{"seed": 1, "user": 12, "d": 8, "strategy": "bald", "final_regret": 0.11317825317382812, "queries_to_threshold": 3, "reached_threshold": true}
{"seed": 1, "user": 12, "d": 8, "strategy": "voi", "final_regret": 4.5335588455200195, "queries_to_threshold": 11, "reached_threshold": false}
{"seed": 1, "user": 12, "d": 8, "strategy": "oracle", "final_regret": 0.16015052795410156, "queries_to_threshold": 1, "reached_threshold": true}
{"seed": 1, "user": 13, "d": 8, "strategy": "random", "final_regret": 0.2232065200805664, "queries_to_threshold": 10, "reached_threshold": true}
{"seed": 1, "user": 13, "d": 8, "strategy": "bald", "final_regret": 3.4898462295532227, "queries_to_threshold": 11, "reached_threshold": false}
{"seed": 1, "user": 13, "d": 8, "strategy": "voi", "final_regret": 3.2526350021362305, "queries_to_threshold": 11, "reached_threshold": false}
{"seed": 1, "user": 13, "d": 8, "strategy": "oracle", "final_regret": 3.0472517013549805, "queries_to_threshold": 11, "reached_threshold": false}
{"seed": 1, "user": 14, "d": 8, "strategy": "random", "final_regret": 0.15988445281982422, "queries_to_threshold": 6, "reached_threshold": true}
{"seed": 1, "user": 14, "d": 8, "strategy": "bald", "final_regret": 1.4474925994873047, "queries_to_threshold": 3, "reached_threshold": true}
{"seed": 1, "user": 14, "d": 8, "strategy": "voi", "final_regret": 0.6110439300537109, "queries_to_threshold": 3, "reached_threshold": true}
{"seed": 1, "user": 14, "d": 8, "strategy": "oracle", "final_regret": 0.014273643493652344, "queries_to_threshold": 1, "reached_threshold": true}
{"seed": 2, "user": 0, "d": 8, "strategy": "random", "final_regret": 6.330986022949219, "queries_to_threshold": 2, "reached_threshold": true}
{"seed": 2, "user": 0, "d": 8, "strategy": "bald", "final_regret": 0.136962890625, "queries_to_threshold": 1, "reached_threshold": true}
{"seed": 2, "user": 0, "d": 8, "strategy": "voi", "final_regret": 6.181970596313477, "queries_to_threshold": 11, "reached_threshold": false}
{"seed": 2, "user": 0, "d": 8, "strategy": "oracle", "final_regret": 0.25788116455078125, "queries_to_threshold": 1, "reached_threshold": true}
{"seed": 2, "user": 1, "d": 8, "strategy": "random", "final_regret": 1.8871021270751953, "queries_to_threshold": 11, "reached_threshold": false}
{"seed": 2, "user": 1, "d": 8, "strategy": "bald", "final_regret": 1.5540871620178223, "queries_to_threshold": 11, "reached_threshold": false}
{"seed": 2, "user": 1, "d": 8, "strategy": "voi", "final_regret": 0.7032346725463867, "queries_to_threshold": 5, "reached_threshold": true}
{"seed": 2, "user": 1, "d": 8, "strategy": "oracle", "final_regret": 1.262631893157959, "queries_to_threshold": 11, "reached_threshold": false}
{"seed": 2, "user": 2, "d": 8, "strategy": "random", "final_regret": 6.927251815795898, "queries_to_threshold": 6, "reached_threshold": true}
{"seed": 2, "user": 2, "d": 8, "strategy": "bald", "final_regret": 0.1936817169189453, "queries_to_threshold": 1, "reached_threshold": true}
{"seed": 2, "user": 2, "d": 8, "strategy": "voi", "final_regret": 6.143341064453125, "queries_to_threshold": 1, "reached_threshold": true}
{"seed": 2, "user": 2, "d": 8, "strategy": "oracle", "final_regret": 0.20050430297851562, "queries_to_threshold": 1, "reached_threshold": true}
{"seed": 2, "user": 3, "d": 8, "strategy": "random", "final_regret": 3.778233528137207, "queries_to_threshold": 11, "reached_threshold": false}
{"seed": 2, "user": 3, "d": 8, "strategy": "bald", "final_regret": 3.772439479827881, "queries_to_threshold": 11, "reached_threshold": false}
{"seed": 2, "user": 3, "d": 8, "strategy": "voi", "final_regret": 3.450850486755371, "queries_to_threshold": 11, "reached_threshold": false}
{"seed": 2, "user": 3, "d": 8, "strategy": "oracle", "final_regret": 0.8650531768798828, "queries_to_threshold": 6, "reached_threshold": true}
{"seed": 2, "user": 4, "d": 8, "strategy": "random", "final_regret": 0.1390533447265625, "queries_to_threshold": 2, "reached_threshold": true}
{"seed": 2, "user": 4, "d": 8, "strategy": "bald", "final_regret": 10.23564338684082, "queries_to_threshold": 1, "reached_threshold": true}
{"seed": 2, "user": 4, "d": 8, "strategy": "voi", "final_regret": 0.9614639282226562, "queries_to_threshold": 1, "reached_threshold": true}
{"seed": 2, "user": 4, "d": 8, "strategy": "oracle", "final_regret": 0.04572486877441406, "queries_to_threshold": 1, "reached_threshold": true}
{"seed": 2, "user": 5, "d": 8, "strategy": "random", "final_regret": 10.590136528015137, "queries_to_threshold": 11, "reached_threshold": false}
{"seed": 2, "user": 5, "d": 8, "strategy": "bald", "final_regret": 10.531668663024902, "queries_to_threshold": 11, "reached_threshold": false}
{"seed": 2, "user": 5, "d": 8, "strategy": "voi", "final_regret": 0.09710693359375, "queries_to_threshold": 6, "reached_threshold": true}
{"seed": 2, "user": 5, "d": 8, "strategy": "oracle", "final_regret": 0.11616325378417969, "queries_to_threshold": 5, "reached_threshold": true}
{"seed": 2, "user": 6, "d": 8, "strategy": "random", "final_regret": 3.7951459884643555, "queries_to_threshold": 11, "reached_threshold": false}
{"seed": 2, "user": 6, "d": 8, "strategy": "bald", "final_regret": 0.03890228271484375, "queries_to_threshold": 10, "reached_threshold": true}
{"seed": 2, "user": 6, "d": 8, "strategy": "voi", "final_regret": 0.03890228271484375, "queries_to_threshold": 5, "reached_threshold": true}
{"seed": 2, "user": 6, "d": 8, "strategy": "oracle", "final_regret": 0.034926414489746094, "queries_to_threshold": 3, "reached_threshold": true}
{"seed": 2, "user": 7, "d": 8, "strategy": "random", "final_regret": 11.84016227722168, "queries_to_threshold": 11, "reached_threshold": false}
{"seed": 2, "user": 7, "d": 8, "strategy": "bald", "final_regret": 4.86922550201416, "queries_to_threshold": 11, "reached_threshold": false}
{"seed": 2, "user": 7, "d": 8, "strategy": "voi", "final_regret": 11.659929275512695, "queries_to_threshold": 11, "reached_threshold": false}
{"seed": 2, "user": 7, "d": 8, "strategy": "oracle", "final_regret": 2.588934898376465, "queries_to_threshold": 11, "reached_threshold": false}
{"seed": 2, "user": 8, "d": 8, "strategy": "random", "final_regret": 4.695830345153809, "queries_to_threshold": 1, "reached_threshold": true}
{"seed": 2, "user": 8, "d": 8, "strategy": "bald", "final_regret": 3.668959617614746, "queries_to_threshold": 2, "reached_threshold": true}
{"seed": 2, "user": 8, "d": 8, "strategy": "voi", "final_regret": 3.555874824523926, "queries_to_threshold": 2, "reached_threshold": true}
{"seed": 2, "user": 8, "d": 8, "strategy": "oracle", "final_regret": 0.0073699951171875, "queries_to_threshold": 1, "reached_threshold": true}
{"seed": 2, "user": 9, "d": 8, "strategy": "random", "final_regret": 6.916342735290527, "queries_to_threshold": 11, "reached_threshold": false}
{"seed": 2, "user": 9, "d": 8, "strategy": "bald", "final_regret": 4.133129119873047, "queries_to_threshold": 11, "reached_threshold": false}
{"seed": 2, "user": 9, "d": 8, "strategy": "voi", "final_regret": 3.1602578163146973, "queries_to_threshold": 11, "reached_threshold": false}
{"seed": 2, "user": 9, "d": 8, "strategy": "oracle", "final_regret": 0.03661823272705078, "queries_to_threshold": 7, "reached_threshold": true}
{"seed": 2, "user": 10, "d": 8, "strategy": "random", "final_regret": 2.561370849609375, "queries_to_threshold": 11, "reached_threshold": false}
{"seed": 2, "user": 10, "d": 8, "strategy": "bald", "final_regret": 4.413591384887695, "queries_to_threshold": 11, "reached_threshold": false}
{"seed": 2, "user": 10, "d": 8, "strategy": "voi", "final_regret": 2.4502944946289062, "queries_to_threshold": 11, "reached_threshold": false}
{"seed": 2, "user": 10, "d": 8, "strategy": "oracle", "final_regret": 2.6148948669433594, "queries_to_threshold": 11, "reached_threshold": false}
{"seed": 2, "user": 11, "d": 8, "strategy": "random", "final_regret": 0.2771720886230469, "queries_to_threshold": 4, "reached_threshold": true}
{"seed": 2, "user": 11, "d": 8, "strategy": "bald", "final_regret": 0.18198013305664062, "queries_to_threshold": 1, "reached_threshold": true}
{"seed": 2, "user": 11, "d": 8, "strategy": "voi", "final_regret": 0.2190418243408203, "queries_to_threshold": 2, "reached_threshold": true}
{"seed": 2, "user": 11, "d": 8, "strategy": "oracle", "final_regret": 0.059223175048828125, "queries_to_threshold": 4, "reached_threshold": true}
{"seed": 2, "user": 12, "d": 8, "strategy": "random", "final_regret": 0.12374305725097656, "queries_to_threshold": 1, "reached_threshold": true}
{"seed": 2, "user": 12, "d": 8, "strategy": "bald", "final_regret": 8.199064254760742, "queries_to_threshold": 9, "reached_threshold": true}
{"seed": 2, "user": 12, "d": 8, "strategy": "voi", "final_regret": 0.05257606506347656, "queries_to_threshold": 1, "reached_threshold": true}
{"seed": 2, "user": 12, "d": 8, "strategy": "oracle", "final_regret": -1.049041748046875e-05, "queries_to_threshold": 1, "reached_threshold": true}
{"seed": 2, "user": 13, "d": 8, "strategy": "random", "final_regret": 0.07327842712402344, "queries_to_threshold": 1, "reached_threshold": true}
{"seed": 2, "user": 13, "d": 8, "strategy": "bald", "final_regret": 6.6645402908325195, "queries_to_threshold": 1, "reached_threshold": true}
{"seed": 2, "user": 13, "d": 8, "strategy": "voi", "final_regret": 0.08387565612792969, "queries_to_threshold": 2, "reached_threshold": true}
{"seed": 2, "user": 13, "d": 8, "strategy": "oracle", "final_regret": 0.11366462707519531, "queries_to_threshold": 1, "reached_threshold": true}
{"seed": 2, "user": 14, "d": 8, "strategy": "random", "final_regret": 1.9102964401245117, "queries_to_threshold": 11, "reached_threshold": false}
{"seed": 2, "user": 14, "d": 8, "strategy": "bald", "final_regret": 1.9102964401245117, "queries_to_threshold": 11, "reached_threshold": false}
{"seed": 2, "user": 14, "d": 8, "strategy": "voi", "final_regret": 7.146201133728027, "queries_to_threshold": 11, "reached_threshold": false}
{"seed": 2, "user": 14, "d": 8, "strategy": "oracle", "final_regret": 0.20059680938720703, "queries_to_threshold": 3, "reached_threshold": true}
{"seed": 3, "user": 0, "d": 8, "strategy": "random", "final_regret": 5.495604515075684, "queries_to_threshold": 11, "reached_threshold": false}
{"seed": 3, "user": 0, "d": 8, "strategy": "bald", "final_regret": 5.526185035705566, "queries_to_threshold": 11, "reached_threshold": false}
{"seed": 3, "user": 0, "d": 8, "strategy": "voi", "final_regret": 2.5275468826293945, "queries_to_threshold": 11, "reached_threshold": false}
{"seed": 3, "user": 0, "d": 8, "strategy": "oracle", "final_regret": 2.507962703704834, "queries_to_threshold": 11, "reached_threshold": false}
{"seed": 3, "user": 1, "d": 8, "strategy": "random", "final_regret": 1.0636978149414062, "queries_to_threshold": 3, "reached_threshold": true}
{"seed": 3, "user": 1, "d": 8, "strategy": "bald", "final_regret": 1.1009588241577148, "queries_to_threshold": 2, "reached_threshold": true}
{"seed": 3, "user": 1, "d": 8, "strategy": "voi", "final_regret": 1.1100482940673828, "queries_to_threshold": 8, "reached_threshold": true}
{"seed": 3, "user": 1, "d": 8, "strategy": "oracle", "final_regret": 1.1009588241577148, "queries_to_threshold": 11, "reached_threshold": false}
{"seed": 3, "user": 2, "d": 8, "strategy": "random", "final_regret": 0.478729248046875, "queries_to_threshold": 1, "reached_threshold": true}
{"seed": 3, "user": 2, "d": 8, "strategy": "bald", "final_regret": 0.3295421600341797, "queries_to_threshold": 1, "reached_threshold": true}
{"seed": 3, "user": 2, "d": 8, "strategy": "voi", "final_regret": 3.643167495727539, "queries_to_threshold": 1, "reached_threshold": true}
{"seed": 3, "user": 2, "d": 8, "strategy": "oracle", "final_regret": 0.3021354675292969, "queries_to_threshold": 1, "reached_threshold": true}
{"seed": 3, "user": 3, "d": 8, "strategy": "random", "final_regret": 0.12517833709716797, "queries_to_threshold": 1, "reached_threshold": true}
{"seed": 3, "user": 3, "d": 8, "strategy": "bald", "final_regret": 0.27823448181152344, "queries_to_threshold": 1, "reached_threshold": true}
{"seed": 3, "user": 3, "d": 8, "strategy": "voi", "final_regret": 0.07469940185546875, "queries_to_threshold": 1, "reached_threshold": true}
{"seed": 3, "user": 3, "d": 8, "strategy": "oracle", "final_regret": 0.2962646484375, "queries_to_threshold": 1, "reached_threshold": true}
{"seed": 3, "user": 4, "d": 8, "strategy": "random", "final_regret": 3.3796653747558594, "queries_to_threshold": 1, "reached_threshold": true}
{"seed": 3, "user": 4, "d": 8, "strategy": "bald", "final_regret": 0.29701995849609375, "queries_to_threshold": 1, "reached_threshold": true}
{"seed": 3, "user": 4, "d": 8, "strategy": "voi", "final_regret": 0.1877117156982422, "queries_to_threshold": 1, "reached_threshold": true}
{"seed": 3, "user": 4, "d": 8, "strategy": "oracle", "final_regret": 0.10033035278320312, "queries_to_threshold": 1, "reached_threshold": true}
{"seed": 3, "user": 5, "d": 8, "strategy": "random", "final_regret": 1.3635272979736328, "queries_to_threshold": 1, "reached_threshold": true}
{"seed": 3, "user": 5, "d": 8, "strategy": "bald", "final_regret": 1.2631092071533203, "queries_to_threshold": 1, "reached_threshold": true}
{"seed": 3, "user": 5, "d": 8, "strategy": "voi", "final_regret": 0.7201604843139648, "queries_to_threshold": 1, "reached_threshold": true}
{"seed": 3, "user": 5, "d": 8, "strategy": "oracle", "final_regret": 0.2830696105957031, "queries_to_threshold": 1, "reached_threshold": true}
{"seed": 3, "user": 6, "d": 8, "strategy": "random", "final_regret": 0.5166664123535156, "queries_to_threshold": 1, "reached_threshold": true}
{"seed": 3, "user": 6, "d": 8, "strategy": "bald", "final_regret": 1.0372791290283203, "queries_to_threshold": 1, "reached_threshold": true}
{"seed": 3, "user": 6, "d": 8, "strategy": "voi", "final_regret": 0.08574295043945312, "queries_to_threshold": 1, "reached_threshold": true}
{"seed": 3, "user": 6, "d": 8, "strategy": "oracle", "final_regret": 0.08047676086425781, "queries_to_threshold": 1, "reached_threshold": true}
{"seed": 3, "user": 7, "d": 8, "strategy": "random", "final_regret": 5.250883102416992, "queries_to_threshold": 11, "reached_threshold": false}
{"seed": 3, "user": 7, "d": 8, "strategy": "bald", "final_regret": 5.701499938964844, "queries_to_threshold": 11, "reached_threshold": false}
{"seed": 3, "user": 7, "d": 8, "strategy": "voi", "final_regret": 0.23331451416015625, "queries_to_threshold": 3, "reached_threshold": true}
{"seed": 3, "user": 7, "d": 8, "strategy": "oracle", "final_regret": 0.017702102661132812, "queries_to_threshold": 2, "reached_threshold": true}
{"seed": 3, "user": 8, "d": 8, "strategy": "random", "final_regret": 9.734152793884277, "queries_to_threshold": 11, "reached_threshold": false}
{"seed": 3, "user": 8, "d": 8, "strategy": "bald", "final_regret": 0.032462120056152344, "queries_to_threshold": 7, "reached_threshold": true}
{"seed": 3, "user": 8, "d": 8, "strategy": "voi", "final_regret": 3.5963926315307617, "queries_to_threshold": 3, "reached_threshold": true}
{"seed": 3, "user": 8, "d": 8, "strategy": "oracle", "final_regret": 0.007723808288574219, "queries_to_threshold": 4, "reached_threshold": true}
{"seed": 3, "user": 9, "d": 8, "strategy": "random", "final_regret": 3.0489940643310547, "queries_to_threshold": 1, "reached_threshold": true}
{"seed": 3, "user": 9, "d": 8, "strategy": "bald", "final_regret": 0.8427295684814453, "queries_to_threshold": 1, "reached_threshold": true}
{"seed": 3, "user": 9, "d": 8, "strategy": "voi", "final_regret": 2.5408706665039062, "queries_to_threshold": 1, "reached_threshold": true}
{"seed": 3, "user": 9, "d": 8, "strategy": "oracle", "final_regret": 0.8131313323974609, "queries_to_threshold": 1, "reached_threshold": true}
{"seed": 3, "user": 10, "d": 8, "strategy": "random", "final_regret": 7.506471633911133, "queries_to_threshold": 11, "reached_threshold": false}
{"seed": 3, "user": 10, "d": 8, "strategy": "bald", "final_regret": 7.506471633911133, "queries_to_threshold": 11, "reached_threshold": false}
{"seed": 3, "user": 10, "d": 8, "strategy": "voi", "final_regret": 5.710649490356445, "queries_to_threshold": 11, "reached_threshold": false}
{"seed": 3, "user": 10, "d": 8, "strategy": "oracle", "final_regret": 2.8695621490478516, "queries_to_threshold": 11, "reached_threshold": false}
{"seed": 3, "user": 11, "d": 8, "strategy": "random", "final_regret": 2.681711196899414, "queries_to_threshold": 11, "reached_threshold": false}
{"seed": 3, "user": 11, "d": 8, "strategy": "bald", "final_regret": 5.571713447570801, "queries_to_threshold": 11, "reached_threshold": false}
{"seed": 3, "user": 11, "d": 8, "strategy": "voi", "final_regret": 2.6556968688964844, "queries_to_threshold": 11, "reached_threshold": false}
{"seed": 3, "user": 11, "d": 8, "strategy": "oracle", "final_regret": 2.7142086029052734, "queries_to_threshold": 11, "reached_threshold": false}
{"seed": 3, "user": 12, "d": 8, "strategy": "random", "final_regret": 9.833100318908691, "queries_to_threshold": 11, "reached_threshold": false}
{"seed": 3, "user": 12, "d": 8, "strategy": "bald", "final_regret": 2.739391326904297, "queries_to_threshold": 11, "reached_threshold": false}
{"seed": 3, "user": 12, "d": 8, "strategy": "voi", "final_regret": 9.622112274169922, "queries_to_threshold": 11, "reached_threshold": false}
{"seed": 3, "user": 12, "d": 8, "strategy": "oracle", "final_regret": 9.412434577941895, "queries_to_threshold": 11, "reached_threshold": false}
{"seed": 3, "user": 13, "d": 8, "strategy": "random", "final_regret": 5.846368789672852, "queries_to_threshold": 11, "reached_threshold": false}
{"seed": 3, "user": 13, "d": 8, "strategy": "bald", "final_regret": 3.9793410301208496, "queries_to_threshold": 11, "reached_threshold": false}
{"seed": 3, "user": 13, "d": 8, "strategy": "voi", "final_regret": 2.556826591491699, "queries_to_threshold": 11, "reached_threshold": false}
{"seed": 3, "user": 13, "d": 8, "strategy": "oracle", "final_regret": 1.1965761184692383, "queries_to_threshold": 11, "reached_threshold": false}
{"seed": 3, "user": 14, "d": 8, "strategy": "random", "final_regret": 0.532257080078125, "queries_to_threshold": 1, "reached_threshold": true}
{"seed": 3, "user": 14, "d": 8, "strategy": "bald", "final_regret": 1.2787284851074219, "queries_to_threshold": 1, "reached_threshold": true}
{"seed": 3, "user": 14, "d": 8, "strategy": "voi", "final_regret": 0.19092559814453125, "queries_to_threshold": 1, "reached_threshold": true}
{"seed": 3, "user": 14, "d": 8, "strategy": "oracle", "final_regret": 0.030721664428710938, "queries_to_threshold": 1, "reached_threshold": true}
{"seed": 4, "user": 0, "d": 8, "strategy": "random", "final_regret": 5.53271484375, "queries_to_threshold": 11, "reached_threshold": false}
{"seed": 4, "user": 0, "d": 8, "strategy": "bald", "final_regret": 5.473705291748047, "queries_to_threshold": 11, "reached_threshold": false}
{"seed": 4, "user": 0, "d": 8, "strategy": "voi", "final_regret": 5.50068473815918, "queries_to_threshold": 11, "reached_threshold": false}
{"seed": 4, "user": 0, "d": 8, "strategy": "oracle", "final_regret": 3.426494598388672, "queries_to_threshold": 11, "reached_threshold": false}
{"seed": 4, "user": 1, "d": 8, "strategy": "random", "final_regret": 4.345921516418457, "queries_to_threshold": 11, "reached_threshold": false}
{"seed": 4, "user": 1, "d": 8, "strategy": "bald", "final_regret": 6.939664840698242, "queries_to_threshold": 11, "reached_threshold": false}
{"seed": 4, "user": 1, "d": 8, "strategy": "voi", "final_regret": 9.51554012298584, "queries_to_threshold": 11, "reached_threshold": false}
{"seed": 4, "user": 1, "d": 8, "strategy": "oracle", "final_regret": 1.9026274681091309, "queries_to_threshold": 11, "reached_threshold": false}
{"seed": 4, "user": 2, "d": 8, "strategy": "random", "final_regret": 5.2290496826171875, "queries_to_threshold": 11, "reached_threshold": false}
{"seed": 4, "user": 2, "d": 8, "strategy": "bald", "final_regret": 1.3394050598144531, "queries_to_threshold": 11, "reached_threshold": false}
{"seed": 4, "user": 2, "d": 8, "strategy": "voi", "final_regret": 1.2415332794189453, "queries_to_threshold": 11, "reached_threshold": false}
{"seed": 4, "user": 2, "d": 8, "strategy": "oracle", "final_regret": 0.3183155059814453, "queries_to_threshold": 6, "reached_threshold": true}
{"seed": 4, "user": 3, "d": 8, "strategy": "random", "final_regret": 10.624717712402344, "queries_to_threshold": 1, "reached_threshold": true}
{"seed": 4, "user": 3, "d": 8, "strategy": "bald", "final_regret": 1.1018495559692383, "queries_to_threshold": 2, "reached_threshold": true}
{"seed": 4, "user": 3, "d": 8, "strategy": "voi", "final_regret": 4.596921920776367, "queries_to_threshold": 1, "reached_threshold": true}
{"seed": 4, "user": 3, "d": 8, "strategy": "oracle", "final_regret": 0.08269023895263672, "queries_to_threshold": 1, "reached_threshold": true}
{"seed": 4, "user": 4, "d": 8, "strategy": "random", "final_regret": 0.02434539794921875, "queries_to_threshold": 1, "reached_threshold": true}
{"seed": 4, "user": 4, "d": 8, "strategy": "bald", "final_regret": 0.12257003784179688, "queries_to_threshold": 1, "reached_threshold": true}
{"seed": 4, "user": 4, "d": 8, "strategy": "voi", "final_regret": 2.9140262603759766, "queries_to_threshold": 11, "reached_threshold": false}
{"seed": 4, "user": 4, "d": 8, "strategy": "oracle", "final_regret": 0.0460052490234375, "queries_to_threshold": 1, "reached_threshold": true}
{"seed": 4, "user": 5, "d": 8, "strategy": "random", "final_regret": 1.0167961120605469, "queries_to_threshold": 11, "reached_threshold": false}
{"seed": 4, "user": 5, "d": 8, "strategy": "bald", "final_regret": 0.9102268218994141, "queries_to_threshold": 5, "reached_threshold": true}
{"seed": 4, "user": 5, "d": 8, "strategy": "voi", "final_regret": 0.9710521697998047, "queries_to_threshold": 9, "reached_threshold": true}
{"seed": 4, "user": 5, "d": 8, "strategy": "oracle", "final_regret": 0.6365242004394531, "queries_to_threshold": 2, "reached_threshold": true}
{"seed": 4, "user": 6, "d": 8, "strategy": "random", "final_regret": 11.737075805664062, "queries_to_threshold": 11, "reached_threshold": false}
{"seed": 4, "user": 6, "d": 8, "strategy": "bald", "final_regret": 0.11986732482910156, "queries_to_threshold": 5, "reached_threshold": true}
{"seed": 4, "user": 6, "d": 8, "strategy": "voi", "final_regret": 8.822942733764648, "queries_to_threshold": 5, "reached_threshold": true}
{"seed": 4, "user": 6, "d": 8, "strategy": "oracle", "final_regret": 0.025152206420898438, "queries_to_threshold": 1, "reached_threshold": true}
{"seed": 4, "user": 7, "d": 8, "strategy": "random", "final_regret": 2.2050232887268066, "queries_to_threshold": 11, "reached_threshold": false}
{"seed": 4, "user": 7, "d": 8, "strategy": "bald", "final_regret": 1.7672309875488281, "queries_to_threshold": 11, "reached_threshold": false}
{"seed": 4, "user": 7, "d": 8, "strategy": "voi", "final_regret": 1.5429649353027344, "queries_to_threshold": 11, "reached_threshold": false}
{"seed": 4, "user": 7, "d": 8, "strategy": "oracle", "final_regret": 0.14259815216064453, "queries_to_threshold": 3, "reached_threshold": true}
{"seed": 4, "user": 8, "d": 8, "strategy": "random", "final_regret": 8.630170822143555, "queries_to_threshold": 11, "reached_threshold": false}
{"seed": 4, "user": 8, "d": 8, "strategy": "bald", "final_regret": 11.060672760009766, "queries_to_threshold": 11, "reached_threshold": false}
{"seed": 4, "user": 8, "d": 8, "strategy": "voi", "final_regret": 2.2628726959228516, "queries_to_threshold": 6, "reached_threshold": true}
{"seed": 4, "user": 8, "d": 8, "strategy": "oracle", "final_regret": 0.0510711669921875, "queries_to_threshold": 9, "reached_threshold": true}
{"seed": 4, "user": 9, "d": 8, "strategy": "random", "final_regret": 1.5755577087402344, "queries_to_threshold": 11, "reached_threshold": false}
{"seed": 4, "user": 9, "d": 8, "strategy": "bald", "final_regret": 0.21102142333984375, "queries_to_threshold": 6, "reached_threshold": true}
{"seed": 4, "user": 9, "d": 8, "strategy": "voi", "final_regret": 3.9855575561523438, "queries_to_threshold": 11, "reached_threshold": false}
{"seed": 4, "user": 9, "d": 8, "strategy": "oracle", "final_regret": 6.448692321777344, "queries_to_threshold": 3, "reached_threshold": true}
{"seed": 4, "user": 10, "d": 8, "strategy": "random", "final_regret": 0.054131507873535156, "queries_to_threshold": 4, "reached_threshold": true}
{"seed": 4, "user": 10, "d": 8, "strategy": "bald", "final_regret": 0.01503753662109375, "queries_to_threshold": 3, "reached_threshold": true}
{"seed": 4, "user": 10, "d": 8, "strategy": "voi", "final_regret": 0.08245849609375, "queries_to_threshold": 3, "reached_threshold": true}
{"seed": 4, "user": 10, "d": 8, "strategy": "oracle", "final_regret": 0.008187294006347656, "queries_to_threshold": 1, "reached_threshold": true}
{"seed": 4, "user": 11, "d": 8, "strategy": "random", "final_regret": 4.447907447814941, "queries_to_threshold": 11, "reached_threshold": false}
{"seed": 4, "user": 11, "d": 8, "strategy": "bald", "final_regret": 2.3182263374328613, "queries_to_threshold": 11, "reached_threshold": false}
{"seed": 4, "user": 11, "d": 8, "strategy": "voi", "final_regret": 1.1064562797546387, "queries_to_threshold": 11, "reached_threshold": false}
{"seed": 4, "user": 11, "d": 8, "strategy": "oracle", "final_regret": 1.1675043106079102, "queries_to_threshold": 11, "reached_threshold": false}
{"seed": 4, "user": 12, "d": 8, "strategy": "random", "final_regret": 2.0780797004699707, "queries_to_threshold": 11, "reached_threshold": false}
{"seed": 4, "user": 12, "d": 8, "strategy": "bald", "final_regret": 3.0254178047180176, "queries_to_threshold": 11, "reached_threshold": false}
{"seed": 4, "user": 12, "d": 8, "strategy": "voi", "final_regret": 3.2102346420288086, "queries_to_threshold": 11, "reached_threshold": false}
{"seed": 4, "user": 12, "d": 8, "strategy": "oracle", "final_regret": 0.25224176049232483, "queries_to_threshold": 2, "reached_threshold": true}
{"seed": 4, "user": 13, "d": 8, "strategy": "random", "final_regret": 1.7608294486999512, "queries_to_threshold": 11, "reached_threshold": false}
{"seed": 4, "user": 13, "d": 8, "strategy": "bald", "final_regret": 0.9688224792480469, "queries_to_threshold": 7, "reached_threshold": true}
{"seed": 4, "user": 13, "d": 8, "strategy": "voi", "final_regret": 0.6942529678344727, "queries_to_threshold": 4, "reached_threshold": true}
{"seed": 4, "user": 13, "d": 8, "strategy": "oracle", "final_regret": 0.09459304809570312, "queries_to_threshold": 2, "reached_threshold": true}
{"seed": 4, "user": 14, "d": 8, "strategy": "random", "final_regret": 10.925641059875488, "queries_to_threshold": 11, "reached_threshold": false}
{"seed": 4, "user": 14, "d": 8, "strategy": "bald", "final_regret": 12.218249320983887, "queries_to_threshold": 11, "reached_threshold": false}
{"seed": 4, "user": 14, "d": 8, "strategy": "voi", "final_regret": 0.3932018280029297, "queries_to_threshold": 10, "reached_threshold": true}
{"seed": 4, "user": 14, "d": 8, "strategy": "oracle", "final_regret": 0.09581184387207031, "queries_to_threshold": 8, "reached_threshold": true}
{"seed": 5, "user": 0, "d": 8, "strategy": "random", "final_regret": 6.489772796630859, "queries_to_threshold": 11, "reached_threshold": false}
{"seed": 5, "user": 0, "d": 8, "strategy": "bald", "final_regret": 6.401925086975098, "queries_to_threshold": 11, "reached_threshold": false}
{"seed": 5, "user": 0, "d": 8, "strategy": "voi", "final_regret": 3.012544631958008, "queries_to_threshold": 2, "reached_threshold": true}
{"seed": 5, "user": 0, "d": 8, "strategy": "oracle", "final_regret": 3.0347728729248047, "queries_to_threshold": 11, "reached_threshold": false}
{"seed": 5, "user": 1, "d": 8, "strategy": "random", "final_regret": 2.3204030990600586, "queries_to_threshold": 1, "reached_threshold": true}
{"seed": 5, "user": 1, "d": 8, "strategy": "bald", "final_regret": 1.2423295974731445, "queries_to_threshold": 1, "reached_threshold": true}
{"seed": 5, "user": 1, "d": 8, "strategy": "voi", "final_regret": 0.1605844497680664, "queries_to_threshold": 1, "reached_threshold": true}
{"seed": 5, "user": 1, "d": 8, "strategy": "oracle", "final_regret": 0.10106277465820312, "queries_to_threshold": 1, "reached_threshold": true}
{"seed": 5, "user": 2, "d": 8, "strategy": "random", "final_regret": 0.2371234893798828, "queries_to_threshold": 1, "reached_threshold": true}
{"seed": 5, "user": 2, "d": 8, "strategy": "bald", "final_regret": 0.6664752960205078, "queries_to_threshold": 4, "reached_threshold": true}
{"seed": 5, "user": 2, "d": 8, "strategy": "voi", "final_regret": 3.8014183044433594, "queries_to_threshold": 11, "reached_threshold": false}
{"seed": 5, "user": 2, "d": 8, "strategy": "oracle", "final_regret": 0.0189208984375, "queries_to_threshold": 1, "reached_threshold": true}
{"seed": 5, "user": 3, "d": 8, "strategy": "random", "final_regret": 1.976114273071289, "queries_to_threshold": 5, "reached_threshold": true}
{"seed": 5, "user": 3, "d": 8, "strategy": "bald", "final_regret": 6.894595146179199, "queries_to_threshold": 11, "reached_threshold": false}
{"seed": 5, "user": 3, "d": 8, "strategy": "voi", "final_regret": 4.712655067443848, "queries_to_threshold": 11, "reached_threshold": false}
{"seed": 5, "user": 3, "d": 8, "strategy": "oracle", "final_regret": 0.27285194396972656, "queries_to_threshold": 1, "reached_threshold": true}
{"seed": 5, "user": 4, "d": 8, "strategy": "random", "final_regret": 0.33724403381347656, "queries_to_threshold": 9, "reached_threshold": true}
{"seed": 5, "user": 4, "d": 8, "strategy": "bald", "final_regret": 7.695472717285156, "queries_to_threshold": 11, "reached_threshold": false}
{"seed": 5, "user": 4, "d": 8, "strategy": "voi", "final_regret": 1.9725933074951172, "queries_to_threshold": 9, "reached_threshold": true}
{"seed": 5, "user": 4, "d": 8, "strategy": "oracle", "final_regret": 2.99713134765625, "queries_to_threshold": 11, "reached_threshold": false}
{"seed": 5, "user": 5, "d": 8, "strategy": "random", "final_regret": 0.40688037872314453, "queries_to_threshold": 8, "reached_threshold": true}
{"seed": 5, "user": 5, "d": 8, "strategy": "bald", "final_regret": 0.5145139694213867, "queries_to_threshold": 10, "reached_threshold": true}
{"seed": 5, "user": 5, "d": 8, "strategy": "voi", "final_regret": 0.40688037872314453, "queries_to_threshold": 1, "reached_threshold": true}
{"seed": 5, "user": 5, "d": 8, "strategy": "oracle", "final_regret": 0.10488414764404297, "queries_to_threshold": 1, "reached_threshold": true}
{"seed": 5, "user": 6, "d": 8, "strategy": "random", "final_regret": 0.016145706176757812, "queries_to_threshold": 2, "reached_threshold": true}
{"seed": 5, "user": 6, "d": 8, "strategy": "bald", "final_regret": 0.07149887084960938, "queries_to_threshold": 4, "reached_threshold": true}
{"seed": 5, "user": 6, "d": 8, "strategy": "voi", "final_regret": 0.6261329650878906, "queries_to_threshold": 1, "reached_threshold": true}
{"seed": 5, "user": 6, "d": 8, "strategy": "oracle", "final_regret": 0.050189971923828125, "queries_to_threshold": 1, "reached_threshold": true}
{"seed": 5, "user": 7, "d": 8, "strategy": "random", "final_regret": 0.24060440063476562, "queries_to_threshold": 1, "reached_threshold": true}
{"seed": 5, "user": 7, "d": 8, "strategy": "bald", "final_regret": 1.6383552551269531, "queries_to_threshold": 1, "reached_threshold": true}
{"seed": 5, "user": 7, "d": 8, "strategy": "voi", "final_regret": 0.7043724060058594, "queries_to_threshold": 4, "reached_threshold": true}
{"seed": 5, "user": 7, "d": 8, "strategy": "oracle", "final_regret": 0.028562545776367188, "queries_to_threshold": 1, "reached_threshold": true}
{"seed": 5, "user": 8, "d": 8, "strategy": "random", "final_regret": 1.0109844207763672, "queries_to_threshold": 2, "reached_threshold": true}
{"seed": 5, "user": 8, "d": 8, "strategy": "bald", "final_regret": 0.3981151580810547, "queries_to_threshold": 1, "reached_threshold": true}
{"seed": 5, "user": 8, "d": 8, "strategy": "voi", "final_regret": 0.03397941589355469, "queries_to_threshold": 1, "reached_threshold": true}
{"seed": 5, "user": 8, "d": 8, "strategy": "oracle", "final_regret": 0.12232398986816406, "queries_to_threshold": 1, "reached_threshold": true}
{"seed": 5, "user": 9, "d": 8, "strategy": "random", "final_regret": 0.40779876708984375, "queries_to_threshold": 3, "reached_threshold": true}
{"seed": 5, "user": 9, "d": 8, "strategy": "bald", "final_regret": 4.125324249267578, "queries_to_threshold": 11, "reached_threshold": false}
{"seed": 5, "user": 9, "d": 8, "strategy": "voi", "final_regret": 14.757400512695312, "queries_to_threshold": 11, "reached_threshold": false}
{"seed": 5, "user": 9, "d": 8, "strategy": "oracle", "final_regret": 0.5388374328613281, "queries_to_threshold": 1, "reached_threshold": true}
{"seed": 5, "user": 10, "d": 8, "strategy": "random", "final_regret": 0.1453838348388672, "queries_to_threshold": 3, "reached_threshold": true}
{"seed": 5, "user": 10, "d": 8, "strategy": "bald", "final_regret": 2.2940711975097656, "queries_to_threshold": 5, "reached_threshold": true}
{"seed": 5, "user": 10, "d": 8, "strategy": "voi", "final_regret": 0.139862060546875, "queries_to_threshold": 3, "reached_threshold": true}
{"seed": 5, "user": 10, "d": 8, "strategy": "oracle", "final_regret": 0.11287117004394531, "queries_to_threshold": 4, "reached_threshold": true}
{"seed": 5, "user": 11, "d": 8, "strategy": "random", "final_regret": 22.594100952148438, "queries_to_threshold": 11, "reached_threshold": false}
{"seed": 5, "user": 11, "d": 8, "strategy": "bald", "final_regret": 10.892965316772461, "queries_to_threshold": 11, "reached_threshold": false}
{"seed": 5, "user": 11, "d": 8, "strategy": "voi", "final_regret": 0.0917816162109375, "queries_to_threshold": 8, "reached_threshold": true}
{"seed": 5, "user": 11, "d": 8, "strategy": "oracle", "final_regret": 0.12356376647949219, "queries_to_threshold": 5, "reached_threshold": true}
{"seed": 5, "user": 12, "d": 8, "strategy": "random", "final_regret": 4.637266159057617, "queries_to_threshold": 1, "reached_threshold": true}
{"seed": 5, "user": 12, "d": 8, "strategy": "bald", "final_regret": 1.8549728393554688, "queries_to_threshold": 6, "reached_threshold": true}
{"seed": 5, "user": 12, "d": 8, "strategy": "voi", "final_regret": 4.686281204223633, "queries_to_threshold": 6, "reached_threshold": true}
{"seed": 5, "user": 12, "d": 8, "strategy": "oracle", "final_regret": 0.0033416748046875, "queries_to_threshold": 1, "reached_threshold": true}
{"seed": 5, "user": 13, "d": 8, "strategy": "random", "final_regret": 1.321272850036621, "queries_to_threshold": 1, "reached_threshold": true}
{"seed": 5, "user": 13, "d": 8, "strategy": "bald", "final_regret": 1.7114276885986328, "queries_to_threshold": 11, "reached_threshold": false}
{"seed": 5, "user": 13, "d": 8, "strategy": "voi", "final_regret": 0.9931573867797852, "queries_to_threshold": 10, "reached_threshold": true}
{"seed": 5, "user": 13, "d": 8, "strategy": "oracle", "final_regret": 0.1344623565673828, "queries_to_threshold": 2, "reached_threshold": true}
{"seed": 5, "user": 14, "d": 8, "strategy": "random", "final_regret": 0.3697361946105957, "queries_to_threshold": 1, "reached_threshold": true}
{"seed": 5, "user": 14, "d": 8, "strategy": "bald", "final_regret": 0.5859818458557129, "queries_to_threshold": 2, "reached_threshold": true}
{"seed": 5, "user": 14, "d": 8, "strategy": "voi", "final_regret": 0.7658848762512207, "queries_to_threshold": 5, "reached_threshold": true}
{"seed": 5, "user": 14, "d": 8, "strategy": "oracle", "final_regret": 0.09244489669799805, "queries_to_threshold": 1, "reached_threshold": true}
{"seed": 6, "user": 0, "d": 8, "strategy": "random", "final_regret": 0.6353015899658203, "queries_to_threshold": 9, "reached_threshold": true}
{"seed": 6, "user": 0, "d": 8, "strategy": "bald", "final_regret": 3.6063098907470703, "queries_to_threshold": 3, "reached_threshold": true}
{"seed": 6, "user": 0, "d": 8, "strategy": "voi", "final_regret": 0.629150390625, "queries_to_threshold": 4, "reached_threshold": true}
{"seed": 6, "user": 0, "d": 8, "strategy": "oracle", "final_regret": 0.7717800140380859, "queries_to_threshold": 2, "reached_threshold": true}
{"seed": 6, "user": 1, "d": 8, "strategy": "random", "final_regret": 10.016805648803711, "queries_to_threshold": 3, "reached_threshold": true}
{"seed": 6, "user": 1, "d": 8, "strategy": "bald", "final_regret": 0.11604690551757812, "queries_to_threshold": 4, "reached_threshold": true}
{"seed": 6, "user": 1, "d": 8, "strategy": "voi", "final_regret": 0.1961688995361328, "queries_to_threshold": 1, "reached_threshold": true}
{"seed": 6, "user": 1, "d": 8, "strategy": "oracle", "final_regret": 0.10703659057617188, "queries_to_threshold": 1, "reached_threshold": true}
{"seed": 6, "user": 2, "d": 8, "strategy": "random", "final_regret": 1.0992374420166016, "queries_to_threshold": 5, "reached_threshold": true}
{"seed": 6, "user": 2, "d": 8, "strategy": "bald", "final_regret": 0.22980690002441406, "queries_to_threshold": 1, "reached_threshold": true}
{"seed": 6, "user": 2, "d": 8, "strategy": "voi", "final_regret": 0.3960990905761719, "queries_to_threshold": 1, "reached_threshold": true}
{"seed": 6, "user": 2, "d": 8, "strategy": "oracle", "final_regret": 0.00377655029296875, "queries_to_threshold": 1, "reached_threshold": true}
{"seed": 6, "user": 3, "d": 8, "strategy": "random", "final_regret": 5.468332290649414, "queries_to_threshold": 11, "reached_threshold": false}
{"seed": 6, "user": 3, "d": 8, "strategy": "bald", "final_regret": 5.009851455688477, "queries_to_threshold": 11, "reached_threshold": false}
{"seed": 6, "user": 3, "d": 8, "strategy": "voi", "final_regret": 0.7394962310791016, "queries_to_threshold": 2, "reached_threshold": true}
{"seed": 6, "user": 3, "d": 8, "strategy": "oracle", "final_regret": 0.02930736541748047, "queries_to_threshold": 3, "reached_threshold": true}
{"seed": 6, "user": 4, "d": 8, "strategy": "random", "final_regret": 6.994800567626953, "queries_to_threshold": 11, "reached_threshold": false}
{"seed": 6, "user": 4, "d": 8, "strategy": "bald", "final_regret": 7.378092288970947, "queries_to_threshold": 11, "reached_threshold": false}
{"seed": 6, "user": 4, "d": 8, "strategy": "voi", "final_regret": 1.7405214309692383, "queries_to_threshold": 11, "reached_threshold": false}
{"seed": 6, "user": 4, "d": 8, "strategy": "oracle", "final_regret": 1.7910099029541016, "queries_to_threshold": 11, "reached_threshold": false}
{"seed": 6, "user": 5, "d": 8, "strategy": "random", "final_regret": 7.103167533874512, "queries_to_threshold": 11, "reached_threshold": false}
{"seed": 6, "user": 5, "d": 8, "strategy": "bald", "final_regret": 0.0036487579345703125, "queries_to_threshold": 7, "reached_threshold": true}
{"seed": 6, "user": 5, "d": 8, "strategy": "voi", "final_regret": 0.033382415771484375, "queries_to_threshold": 3, "reached_threshold": true}
{"seed": 6, "user": 5, "d": 8, "strategy": "oracle", "final_regret": 0.38290882110595703, "queries_to_threshold": 3, "reached_threshold": true}
{"seed": 6, "user": 6, "d": 8, "strategy": "random", "final_regret": 4.3921284675598145, "queries_to_threshold": 11, "reached_threshold": false}
{"seed": 6, "user": 6, "d": 8, "strategy": "bald", "final_regret": 3.101003408432007, "queries_to_threshold": 11, "reached_threshold": false}
{"seed": 6, "user": 6, "d": 8, "strategy": "voi", "final_regret": 2.0848803520202637, "queries_to_threshold": 11, "reached_threshold": false}
{"seed": 6, "user": 6, "d": 8, "strategy": "oracle", "final_regret": 2.205312728881836, "queries_to_threshold": 11, "reached_threshold": false}
{"seed": 6, "user": 7, "d": 8, "strategy": "random", "final_regret": 0.41550445556640625, "queries_to_threshold": 1, "reached_threshold": true}
{"seed": 6, "user": 7, "d": 8, "strategy": "bald", "final_regret": 0.40999412536621094, "queries_to_threshold": 1, "reached_threshold": true}
{"seed": 6, "user": 7, "d": 8, "strategy": "voi", "final_regret": 0.15254592895507812, "queries_to_threshold": 2, "reached_threshold": true}
{"seed": 6, "user": 7, "d": 8, "strategy": "oracle", "final_regret": 0.010936737060546875, "queries_to_threshold": 1, "reached_threshold": true}
{"seed": 6, "user": 8, "d": 8, "strategy": "random", "final_regret": 1.0487070083618164, "queries_to_threshold": 7, "reached_threshold": true}
{"seed": 6, "user": 8, "d": 8, "strategy": "bald", "final_regret": 1.151841163635254, "queries_to_threshold": 11, "reached_threshold": false}
{"seed": 6, "user": 8, "d": 8, "strategy": "voi", "final_regret": 1.0605010986328125, "queries_to_threshold": 1, "reached_threshold": true}
{"seed": 6, "user": 8, "d": 8, "strategy": "oracle", "final_regret": 0.026424407958984375, "queries_to_threshold": 1, "reached_threshold": true}
{"seed": 6, "user": 9, "d": 8, "strategy": "random", "final_regret": 0.2085742950439453, "queries_to_threshold": 7, "reached_threshold": true}
{"seed": 6, "user": 9, "d": 8, "strategy": "bald", "final_regret": 0.3172273635864258, "queries_to_threshold": 7, "reached_threshold": true}
{"seed": 6, "user": 9, "d": 8, "strategy": "voi", "final_regret": 0.7008562088012695, "queries_to_threshold": 1, "reached_threshold": true}
{"seed": 6, "user": 9, "d": 8, "strategy": "oracle", "final_regret": 0.09424972534179688, "queries_to_threshold": 1, "reached_threshold": true}
{"seed": 6, "user": 10, "d": 8, "strategy": "random", "final_regret": 2.202159881591797, "queries_to_threshold": 11, "reached_threshold": false}
{"seed": 6, "user": 10, "d": 8, "strategy": "bald", "final_regret": 2.1943588256835938, "queries_to_threshold": 11, "reached_threshold": false}
{"seed": 6, "user": 10, "d": 8, "strategy": "voi", "final_regret": 1.484166145324707, "queries_to_threshold": 11, "reached_threshold": false}
{"seed": 6, "user": 10, "d": 8, "strategy": "oracle", "final_regret": 2.1335344314575195, "queries_to_threshold": 11, "reached_threshold": false}
{"seed": 6, "user": 11, "d": 8, "strategy": "random", "final_regret": 0.28769493103027344, "queries_to_threshold": 1, "reached_threshold": true}
{"seed": 6, "user": 11, "d": 8, "strategy": "bald", "final_regret": 0.2188129425048828, "queries_to_threshold": 1, "reached_threshold": true}
{"seed": 6, "user": 11, "d": 8, "strategy": "voi", "final_regret": 0.44054222106933594, "queries_to_threshold": 1, "reached_threshold": true}
{"seed": 6, "user": 11, "d": 8, "strategy": "oracle", "final_regret": 0.038082122802734375, "queries_to_threshold": 1, "reached_threshold": true}
{"seed": 6, "user": 12, "d": 8, "strategy": "random", "final_regret": 3.1911697387695312, "queries_to_threshold": 11, "reached_threshold": false}
{"seed": 6, "user": 12, "d": 8, "strategy": "bald", "final_regret": 7.1322174072265625, "queries_to_threshold": 11, "reached_threshold": false}
{"seed": 6, "user": 12, "d": 8, "strategy": "voi", "final_regret": 1.4766521453857422, "queries_to_threshold": 11, "reached_threshold": false}
{"seed": 6, "user": 12, "d": 8, "strategy": "oracle", "final_regret": 1.2391471862792969, "queries_to_threshold": 11, "reached_threshold": false}
{"seed": 6, "user": 13, "d": 8, "strategy": "random", "final_regret": 1.4608116149902344, "queries_to_threshold": 5, "reached_threshold": true}
{"seed": 6, "user": 13, "d": 8, "strategy": "bald", "final_regret": 1.1229820251464844, "queries_to_threshold": 2, "reached_threshold": true}
{"seed": 6, "user": 13, "d": 8, "strategy": "voi", "final_regret": 0.2685055732727051, "queries_to_threshold": 1, "reached_threshold": true}
{"seed": 6, "user": 13, "d": 8, "strategy": "oracle", "final_regret": 0.18828535079956055, "queries_to_threshold": 1, "reached_threshold": true}
{"seed": 6, "user": 14, "d": 8, "strategy": "random", "final_regret": 2.6313114166259766, "queries_to_threshold": 5, "reached_threshold": true}
{"seed": 6, "user": 14, "d": 8, "strategy": "bald", "final_regret": 2.146696090698242, "queries_to_threshold": 11, "reached_threshold": false}
{"seed": 6, "user": 14, "d": 8, "strategy": "voi", "final_regret": 0.10334587097167969, "queries_to_threshold": 1, "reached_threshold": true}
{"seed": 6, "user": 14, "d": 8, "strategy": "oracle", "final_regret": 0.0370025634765625, "queries_to_threshold": 1, "reached_threshold": true}
{"seed": 7, "user": 0, "d": 8, "strategy": "random", "final_regret": 7.134869575500488, "queries_to_threshold": 2, "reached_threshold": true}
{"seed": 7, "user": 0, "d": 8, "strategy": "bald", "final_regret": 0.4248771667480469, "queries_to_threshold": 10, "reached_threshold": true}
{"seed": 7, "user": 0, "d": 8, "strategy": "voi", "final_regret": 8.00991439819336, "queries_to_threshold": 11, "reached_threshold": false}
{"seed": 7, "user": 0, "d": 8, "strategy": "oracle", "final_regret": 0.023548126220703125, "queries_to_threshold": 2, "reached_threshold": true}
{"seed": 7, "user": 1, "d": 8, "strategy": "random", "final_regret": 7.483059883117676, "queries_to_threshold": 11, "reached_threshold": false}
{"seed": 7, "user": 1, "d": 8, "strategy": "bald", "final_regret": 6.925289154052734, "queries_to_threshold": 1, "reached_threshold": true}
{"seed": 7, "user": 1, "d": 8, "strategy": "voi", "final_regret": 0.06492233276367188, "queries_to_threshold": 1, "reached_threshold": true}
{"seed": 7, "user": 1, "d": 8, "strategy": "oracle", "final_regret": 0.044773101806640625, "queries_to_threshold": 1, "reached_threshold": true}
{"seed": 7, "user": 2, "d": 8, "strategy": "random", "final_regret": 1.2102584838867188, "queries_to_threshold": 1, "reached_threshold": true}
{"seed": 7, "user": 2, "d": 8, "strategy": "bald", "final_regret": 1.0520634651184082, "queries_to_threshold": 11, "reached_threshold": false}
{"seed": 7, "user": 2, "d": 8, "strategy": "voi", "final_regret": 3.442337989807129, "queries_to_threshold": 11, "reached_threshold": false}
{"seed": 7, "user": 2, "d": 8, "strategy": "oracle", "final_regret": 2.254861831665039, "queries_to_threshold": 1, "reached_threshold": true}
{"seed": 7, "user": 3, "d": 8, "strategy": "random", "final_regret": 0.40103912353515625, "queries_to_threshold": 4, "reached_threshold": true}
{"seed": 7, "user": 3, "d": 8, "strategy": "bald", "final_regret": 8.110108375549316, "queries_to_threshold": 11, "reached_threshold": false}
{"seed": 7, "user": 3, "d": 8, "strategy": "voi", "final_regret": 0.18811988830566406, "queries_to_threshold": 7, "reached_threshold": true}
{"seed": 7, "user": 3, "d": 8, "strategy": "oracle", "final_regret": 0.14516448974609375, "queries_to_threshold": 2, "reached_threshold": true}
{"seed": 7, "user": 4, "d": 8, "strategy": "random", "final_regret": 7.565873622894287, "queries_to_threshold": 11, "reached_threshold": false}
{"seed": 7, "user": 4, "d": 8, "strategy": "bald", "final_regret": 4.4079694747924805, "queries_to_threshold": 11, "reached_threshold": false}
{"seed": 7, "user": 4, "d": 8, "strategy": "voi", "final_regret": 7.637415885925293, "queries_to_threshold": 11, "reached_threshold": false}
{"seed": 7, "user": 4, "d": 8, "strategy": "oracle", "final_regret": 0.021547317504882812, "queries_to_threshold": 9, "reached_threshold": true}
{"seed": 7, "user": 5, "d": 8, "strategy": "random", "final_regret": 2.469059944152832, "queries_to_threshold": 1, "reached_threshold": true}
{"seed": 7, "user": 5, "d": 8, "strategy": "bald", "final_regret": 1.0320377349853516, "queries_to_threshold": 1, "reached_threshold": true}
{"seed": 7, "user": 5, "d": 8, "strategy": "voi", "final_regret": 3.871530532836914, "queries_to_threshold": 1, "reached_threshold": true}
{"seed": 7, "user": 5, "d": 8, "strategy": "oracle", "final_regret": 0.5413675308227539, "queries_to_threshold": 1, "reached_threshold": true}
{"seed": 7, "user": 6, "d": 8, "strategy": "random", "final_regret": 0.20469093322753906, "queries_to_threshold": 6, "reached_threshold": true}
{"seed": 7, "user": 6, "d": 8, "strategy": "bald", "final_regret": 0.17937183380126953, "queries_to_threshold": 1, "reached_threshold": true}
{"seed": 7, "user": 6, "d": 8, "strategy": "voi", "final_regret": 0.1657257080078125, "queries_to_threshold": 1, "reached_threshold": true}
{"seed": 7, "user": 6, "d": 8, "strategy": "oracle", "final_regret": 0.13866138458251953, "queries_to_threshold": 6, "reached_threshold": true}
{"seed": 7, "user": 7, "d": 8, "strategy": "random", "final_regret": 4.04026985168457, "queries_to_threshold": 11, "reached_threshold": false}
{"seed": 7, "user": 7, "d": 8, "strategy": "bald", "final_regret": 4.626149654388428, "queries_to_threshold": 11, "reached_threshold": false}
{"seed": 7, "user": 7, "d": 8, "strategy": "voi", "final_regret": 4.226513862609863, "queries_to_threshold": 11, "reached_threshold": false}
{"seed": 7, "user": 7, "d": 8, "strategy": "oracle", "final_regret": 0.4091796875, "queries_to_threshold": 3, "reached_threshold": true}
{"seed": 7, "user": 8, "d": 8, "strategy": "random", "final_regret": 3.2597875595092773, "queries_to_threshold": 11, "reached_threshold": false}
{"seed": 7, "user": 8, "d": 8, "strategy": "bald", "final_regret": 1.5154027938842773, "queries_to_threshold": 11, "reached_threshold": false}
{"seed": 7, "user": 8, "d": 8, "strategy": "voi", "final_regret": 3.350571632385254, "queries_to_threshold": 3, "reached_threshold": true}
{"seed": 7, "user": 8, "d": 8, "strategy": "oracle", "final_regret": 0.27005767822265625, "queries_to_threshold": 1, "reached_threshold": true}
{"seed": 7, "user": 9, "d": 8, "strategy": "random", "final_regret": 0.06885337829589844, "queries_to_threshold": 10, "reached_threshold": true}
{"seed": 7, "user": 9, "d": 8, "strategy": "bald", "final_regret": 3.4038476943969727, "queries_to_threshold": 11, "reached_threshold": false}
{"seed": 7, "user": 9, "d": 8, "strategy": "voi", "final_regret": 1.9811649322509766, "queries_to_threshold": 11, "reached_threshold": false}
{"seed": 7, "user": 9, "d": 8, "strategy": "oracle", "final_regret": 0.026330947875976562, "queries_to_threshold": 3, "reached_threshold": true}
{"seed": 7, "user": 10, "d": 8, "strategy": "random", "final_regret": 0.13332176208496094, "queries_to_threshold": 4, "reached_threshold": true}
{"seed": 7, "user": 10, "d": 8, "strategy": "bald", "final_regret": 3.236906051635742, "queries_to_threshold": 1, "reached_threshold": true}
{"seed": 7, "user": 10, "d": 8, "strategy": "voi", "final_regret": 0.13332176208496094, "queries_to_threshold": 1, "reached_threshold": true}
{"seed": 7, "user": 10, "d": 8, "strategy": "oracle", "final_regret": 0.19926166534423828, "queries_to_threshold": 1, "reached_threshold": true}
{"seed": 7, "user": 11, "d": 8, "strategy": "random", "final_regret": 4.824559211730957, "queries_to_threshold": 11, "reached_threshold": false}
{"seed": 7, "user": 11, "d": 8, "strategy": "bald", "final_regret": 4.773833274841309, "queries_to_threshold": 11, "reached_threshold": false}
{"seed": 7, "user": 11, "d": 8, "strategy": "voi", "final_regret": 3.3086462020874023, "queries_to_threshold": 11, "reached_threshold": false}
{"seed": 7, "user": 11, "d": 8, "strategy": "oracle", "final_regret": 4.077329635620117, "queries_to_threshold": 11, "reached_threshold": false}
{"seed": 7, "user": 12, "d": 8, "strategy": "random", "final_regret": 0.1808490753173828, "queries_to_threshold": 3, "reached_threshold": true}
{"seed": 7, "user": 12, "d": 8, "strategy": "bald", "final_regret": 0.019481658935546875, "queries_to_threshold": 1, "reached_threshold": true}
{"seed": 7, "user": 12, "d": 8, "strategy": "voi", "final_regret": 0.06792449951171875, "queries_to_threshold": 1, "reached_threshold": true}
{"seed": 7, "user": 12, "d": 8, "strategy": "oracle", "final_regret": 0.02618408203125, "queries_to_threshold": 1, "reached_threshold": true}
{"seed": 7, "user": 13, "d": 8, "strategy": "random", "final_regret": 1.4761219024658203, "queries_to_threshold": 5, "reached_threshold": true}
{"seed": 7, "user": 13, "d": 8, "strategy": "bald", "final_regret": 3.316802978515625, "queries_to_threshold": 1, "reached_threshold": true}
{"seed": 7, "user": 13, "d": 8, "strategy": "voi", "final_regret": 0.07141304016113281, "queries_to_threshold": 1, "reached_threshold": true}
{"seed": 7, "user": 13, "d": 8, "strategy": "oracle", "final_regret": 0.06924247741699219, "queries_to_threshold": 1, "reached_threshold": true}
{"seed": 7, "user": 14, "d": 8, "strategy": "random", "final_regret": 0.3791179656982422, "queries_to_threshold": 3, "reached_threshold": true}
{"seed": 7, "user": 14, "d": 8, "strategy": "bald", "final_regret": 0.3382110595703125, "queries_to_threshold": 1, "reached_threshold": true}
{"seed": 7, "user": 14, "d": 8, "strategy": "voi", "final_regret": 8.974081993103027, "queries_to_threshold": 1, "reached_threshold": true}
{"seed": 7, "user": 14, "d": 8, "strategy": "oracle", "final_regret": 0.1662921905517578, "queries_to_threshold": 1, "reached_threshold": true}
{"seed": 8, "user": 0, "d": 8, "strategy": "random", "final_regret": 2.718629837036133, "queries_to_threshold": 8, "reached_threshold": true}
{"seed": 8, "user": 0, "d": 8, "strategy": "bald", "final_regret": 0.22084999084472656, "queries_to_threshold": 1, "reached_threshold": true}
{"seed": 8, "user": 0, "d": 8, "strategy": "voi", "final_regret": 0.12740516662597656, "queries_to_threshold": 1, "reached_threshold": true}
{"seed": 8, "user": 0, "d": 8, "strategy": "oracle", "final_regret": 6.568355560302734, "queries_to_threshold": 11, "reached_threshold": false}
{"seed": 8, "user": 1, "d": 8, "strategy": "random", "final_regret": 0.13518714904785156, "queries_to_threshold": 1, "reached_threshold": true}
{"seed": 8, "user": 1, "d": 8, "strategy": "bald", "final_regret": 7.645895004272461, "queries_to_threshold": 1, "reached_threshold": true}
{"seed": 8, "user": 1, "d": 8, "strategy": "voi", "final_regret": 2.852750778198242, "queries_to_threshold": 1, "reached_threshold": true}
{"seed": 8, "user": 1, "d": 8, "strategy": "oracle", "final_regret": 0.13518714904785156, "queries_to_threshold": 1, "reached_threshold": true}
{"seed": 8, "user": 2, "d": 8, "strategy": "random", "final_regret": 2.409231185913086, "queries_to_threshold": 11, "reached_threshold": false}
{"seed": 8, "user": 2, "d": 8, "strategy": "bald", "final_regret": 3.4011478424072266, "queries_to_threshold": 2, "reached_threshold": true}
{"seed": 8, "user": 2, "d": 8, "strategy": "voi", "final_regret": 14.589336395263672, "queries_to_threshold": 11, "reached_threshold": false}
{"seed": 8, "user": 2, "d": 8, "strategy": "oracle", "final_regret": 0.07875537872314453, "queries_to_threshold": 2, "reached_threshold": true}
{"seed": 8, "user": 3, "d": 8, "strategy": "random", "final_regret": 12.323380470275879, "queries_to_threshold": 1, "reached_threshold": true}
{"seed": 8, "user": 3, "d": 8, "strategy": "bald", "final_regret": 0.8538627624511719, "queries_to_threshold": 1, "reached_threshold": true}
{"seed": 8, "user": 3, "d": 8, "strategy": "voi", "final_regret": 6.094566345214844, "queries_to_threshold": 11, "reached_threshold": false}
{"seed": 8, "user": 3, "d": 8, "strategy": "oracle", "final_regret": 0.20319747924804688, "queries_to_threshold": 1, "reached_threshold": true}
{"seed": 8, "user": 4, "d": 8, "strategy": "random", "final_regret": 7.461795330047607, "queries_to_threshold": 11, "reached_threshold": false}
{"seed": 8, "user": 4, "d": 8, "strategy": "bald", "final_regret": 4.962212562561035, "queries_to_threshold": 11, "reached_threshold": false}
{"seed": 8, "user": 4, "d": 8, "strategy": "voi", "final_regret": 3.6199235916137695, "queries_to_threshold": 11, "reached_threshold": false}
{"seed": 8, "user": 4, "d": 8, "strategy": "oracle", "final_regret": 3.394455909729004, "queries_to_threshold": 11, "reached_threshold": false}
{"seed": 8, "user": 5, "d": 8, "strategy": "random", "final_regret": 1.2270698547363281, "queries_to_threshold": 2, "reached_threshold": true}
{"seed": 8, "user": 5, "d": 8, "strategy": "bald", "final_regret": 0.22714805603027344, "queries_to_threshold": 1, "reached_threshold": true}
{"seed": 8, "user": 5, "d": 8, "strategy": "voi", "final_regret": 10.689756393432617, "queries_to_threshold": 11, "reached_threshold": false}
{"seed": 8, "user": 5, "d": 8, "strategy": "oracle", "final_regret": 0.2322406768798828, "queries_to_threshold": 1, "reached_threshold": true}
{"seed": 8, "user": 6, "d": 8, "strategy": "random", "final_regret": 0.03991889953613281, "queries_to_threshold": 1, "reached_threshold": true}
{"seed": 8, "user": 6, "d": 8, "strategy": "bald", "final_regret": 0.008806228637695312, "queries_to_threshold": 1, "reached_threshold": true}
{"seed": 8, "user": 6, "d": 8, "strategy": "voi", "final_regret": 0.017404556274414062, "queries_to_threshold": 1, "reached_threshold": true}
{"seed": 8, "user": 6, "d": 8, "strategy": "oracle", "final_regret": 0.03991889953613281, "queries_to_threshold": 1, "reached_threshold": true}
{"seed": 8, "user": 7, "d": 8, "strategy": "random", "final_regret": 2.786041259765625, "queries_to_threshold": 11, "reached_threshold": false}
{"seed": 8, "user": 7, "d": 8, "strategy": "bald", "final_regret": 7.196067810058594, "queries_to_threshold": 11, "reached_threshold": false}
{"seed": 8, "user": 7, "d": 8, "strategy": "voi", "final_regret": 6.751827239990234, "queries_to_threshold": 11, "reached_threshold": false}
{"seed": 8, "user": 7, "d": 8, "strategy": "oracle", "final_regret": 1.0353765487670898, "queries_to_threshold": 11, "reached_threshold": false}
{"seed": 8, "user": 8, "d": 8, "strategy": "random", "final_regret": 1.763545036315918, "queries_to_threshold": 3, "reached_threshold": true}
{"seed": 8, "user": 8, "d": 8, "strategy": "bald", "final_regret": 8.076631546020508, "queries_to_threshold": 1, "reached_threshold": true}
{"seed": 8, "user": 8, "d": 8, "strategy": "voi", "final_regret": 0.5138683319091797, "queries_to_threshold": 1, "reached_threshold": true}
{"seed": 8, "user": 8, "d": 8, "strategy": "oracle", "final_regret": 0.012544631958007812, "queries_to_threshold": 1, "reached_threshold": true}
{"seed": 8, "user": 9, "d": 8, "strategy": "random", "final_regret": 0.6268119812011719, "queries_to_threshold": 1, "reached_threshold": true}
{"seed": 8, "user": 9, "d": 8, "strategy": "bald", "final_regret": 0.10694313049316406, "queries_to_threshold": 2, "reached_threshold": true}
{"seed": 8, "user": 9, "d": 8, "strategy": "voi", "final_regret": 2.652219772338867, "queries_to_threshold": 2, "reached_threshold": true}
{"seed": 8, "user": 9, "d": 8, "strategy": "oracle", "final_regret": 0.0016193389892578125, "queries_to_threshold": 1, "reached_threshold": true}
{"seed": 8, "user": 10, "d": 8, "strategy": "random", "final_regret": 1.7706050872802734, "queries_to_threshold": 1, "reached_threshold": true}
{"seed": 8, "user": 10, "d": 8, "strategy": "bald", "final_regret": 0.7925653457641602, "queries_to_threshold": 1, "reached_threshold": true}
{"seed": 8, "user": 10, "d": 8, "strategy": "voi", "final_regret": 1.8305902481079102, "queries_to_threshold": 1, "reached_threshold": true}
{"seed": 8, "user": 10, "d": 8, "strategy": "oracle", "final_regret": 0.020577430725097656, "queries_to_threshold": 1, "reached_threshold": true}
{"seed": 8, "user": 11, "d": 8, "strategy": "random", "final_regret": 0.12566471099853516, "queries_to_threshold": 1, "reached_threshold": true}
{"seed": 8, "user": 11, "d": 8, "strategy": "bald", "final_regret": 0.22438907623291016, "queries_to_threshold": 1, "reached_threshold": true}
{"seed": 8, "user": 11, "d": 8, "strategy": "voi", "final_regret": 1.1980962753295898, "queries_to_threshold": 1, "reached_threshold": true}
{"seed": 8, "user": 11, "d": 8, "strategy": "oracle", "final_regret": 0.035704612731933594, "queries_to_threshold": 1, "reached_threshold": true}
{"seed": 8, "user": 12, "d": 8, "strategy": "random", "final_regret": 0.4205026626586914, "queries_to_threshold": 1, "reached_threshold": true}
{"seed": 8, "user": 12, "d": 8, "strategy": "bald", "final_regret": 0.30377197265625, "queries_to_threshold": 6, "reached_threshold": true}
{"seed": 8, "user": 12, "d": 8, "strategy": "voi", "final_regret": 7.800735950469971, "queries_to_threshold": 7, "reached_threshold": true}
{"seed": 8, "user": 12, "d": 8, "strategy": "oracle", "final_regret": 0.21338176727294922, "queries_to_threshold": 1, "reached_threshold": true}
{"seed": 8, "user": 13, "d": 8, "strategy": "random", "final_regret": 3.2522525787353516, "queries_to_threshold": 11, "reached_threshold": false}
{"seed": 8, "user": 13, "d": 8, "strategy": "bald", "final_regret": 8.4005765914917, "queries_to_threshold": 11, "reached_threshold": false}
{"seed": 8, "user": 13, "d": 8, "strategy": "voi", "final_regret": 8.592964172363281, "queries_to_threshold": 11, "reached_threshold": false}
{"seed": 8, "user": 13, "d": 8, "strategy": "oracle", "final_regret": 2.136981964111328, "queries_to_threshold": 11, "reached_threshold": false}
{"seed": 8, "user": 14, "d": 8, "strategy": "random", "final_regret": 4.20063591003418, "queries_to_threshold": 11, "reached_threshold": false}
{"seed": 8, "user": 14, "d": 8, "strategy": "bald", "final_regret": 0.20842933654785156, "queries_to_threshold": 7, "reached_threshold": true}
{"seed": 8, "user": 14, "d": 8, "strategy": "voi", "final_regret": 2.121234893798828, "queries_to_threshold": 11, "reached_threshold": false}
{"seed": 8, "user": 14, "d": 8, "strategy": "oracle", "final_regret": 1.5069351196289062, "queries_to_threshold": 11, "reached_threshold": false}
{"seed": 9, "user": 0, "d": 8, "strategy": "random", "final_regret": 0.6452827453613281, "queries_to_threshold": 4, "reached_threshold": true}
{"seed": 9, "user": 0, "d": 8, "strategy": "bald", "final_regret": 1.953390121459961, "queries_to_threshold": 11, "reached_threshold": false}
{"seed": 9, "user": 0, "d": 8, "strategy": "voi", "final_regret": 6.5068511962890625, "queries_to_threshold": 11, "reached_threshold": false}
{"seed": 9, "user": 0, "d": 8, "strategy": "oracle", "final_regret": 0.41963958740234375, "queries_to_threshold": 4, "reached_threshold": true}
{"seed": 9, "user": 1, "d": 8, "strategy": "random", "final_regret": 1.642270565032959, "queries_to_threshold": 11, "reached_threshold": false}
{"seed": 9, "user": 1, "d": 8, "strategy": "bald", "final_regret": 1.8551559448242188, "queries_to_threshold": 11, "reached_threshold": false}
{"seed": 9, "user": 1, "d": 8, "strategy": "voi", "final_regret": 1.8551559448242188, "queries_to_threshold": 11, "reached_threshold": false}
{"seed": 9, "user": 1, "d": 8, "strategy": "oracle", "final_regret": 0.12615299224853516, "queries_to_threshold": 2, "reached_threshold": true}
{"seed": 9, "user": 2, "d": 8, "strategy": "random", "final_regret": 2.435398578643799, "queries_to_threshold": 11, "reached_threshold": false}
{"seed": 9, "user": 2, "d": 8, "strategy": "bald", "final_regret": 3.3093433380126953, "queries_to_threshold": 11, "reached_threshold": false}
{"seed": 9, "user": 2, "d": 8, "strategy": "voi", "final_regret": 7.803773880004883, "queries_to_threshold": 11, "reached_threshold": false}
{"seed": 9, "user": 2, "d": 8, "strategy": "oracle", "final_regret": 0.006762504577636719, "queries_to_threshold": 4, "reached_threshold": true}
{"seed": 9, "user": 3, "d": 8, "strategy": "random", "final_regret": 0.23944091796875, "queries_to_threshold": 1, "reached_threshold": true}
{"seed": 9, "user": 3, "d": 8, "strategy": "bald", "final_regret": 3.484980583190918, "queries_to_threshold": 1, "reached_threshold": true}
{"seed": 9, "user": 3, "d": 8, "strategy": "voi", "final_regret": 0.11136627197265625, "queries_to_threshold": 1, "reached_threshold": true}
{"seed": 9, "user": 3, "d": 8, "strategy": "oracle", "final_regret": 0.04662513732910156, "queries_to_threshold": 1, "reached_threshold": true}
{"seed": 9, "user": 4, "d": 8, "strategy": "random", "final_regret": 7.330081939697266, "queries_to_threshold": 11, "reached_threshold": false}
{"seed": 9, "user": 4, "d": 8, "strategy": "bald", "final_regret": 5.702004432678223, "queries_to_threshold": 11, "reached_threshold": false}
{"seed": 9, "user": 4, "d": 8, "strategy": "voi", "final_regret": 2.6486425399780273, "queries_to_threshold": 11, "reached_threshold": false}
{"seed": 9, "user": 4, "d": 8, "strategy": "oracle", "final_regret": 7.261044502258301, "queries_to_threshold": 11, "reached_threshold": false}
{"seed": 9, "user": 5, "d": 8, "strategy": "random", "final_regret": 1.6776161193847656, "queries_to_threshold": 2, "reached_threshold": true}
{"seed": 9, "user": 5, "d": 8, "strategy": "bald", "final_regret": 0.927886962890625, "queries_to_threshold": 5, "reached_threshold": true}
{"seed": 9, "user": 5, "d": 8, "strategy": "voi", "final_regret": 0.9195003509521484, "queries_to_threshold": 6, "reached_threshold": true}
{"seed": 9, "user": 5, "d": 8, "strategy": "oracle", "final_regret": 0.006363868713378906, "queries_to_threshold": 4, "reached_threshold": true}
{"seed": 9, "user": 6, "d": 8, "strategy": "random", "final_regret": 4.353509902954102, "queries_to_threshold": 11, "reached_threshold": false}
{"seed": 9, "user": 6, "d": 8, "strategy": "bald", "final_regret": 0.8906612396240234, "queries_to_threshold": 2, "reached_threshold": true}
{"seed": 9, "user": 6, "d": 8, "strategy": "voi", "final_regret": 0.9281196594238281, "queries_to_threshold": 2, "reached_threshold": true}
{"seed": 9, "user": 6, "d": 8, "strategy": "oracle", "final_regret": 0.041756629943847656, "queries_to_threshold": 1, "reached_threshold": true}
{"seed": 9, "user": 7, "d": 8, "strategy": "random", "final_regret": 1.6923027038574219, "queries_to_threshold": 1, "reached_threshold": true}
{"seed": 9, "user": 7, "d": 8, "strategy": "bald", "final_regret": 1.010660171508789, "queries_to_threshold": 1, "reached_threshold": true}
{"seed": 9, "user": 7, "d": 8, "strategy": "voi", "final_regret": 0.7118988037109375, "queries_to_threshold": 1, "reached_threshold": true}
{"seed": 9, "user": 7, "d": 8, "strategy": "oracle", "final_regret": 0.037262916564941406, "queries_to_threshold": 1, "reached_threshold": true}
{"seed": 9, "user": 8, "d": 8, "strategy": "random", "final_regret": 7.1852850914001465, "queries_to_threshold": 11, "reached_threshold": false}
{"seed": 9, "user": 8, "d": 8, "strategy": "bald", "final_regret": 0.14232730865478516, "queries_to_threshold": 2, "reached_threshold": true}
{"seed": 9, "user": 8, "d": 8, "strategy": "voi", "final_regret": 0.2695884704589844, "queries_to_threshold": 2, "reached_threshold": true}
{"seed": 9, "user": 8, "d": 8, "strategy": "oracle", "final_regret": 1.1802549362182617, "queries_to_threshold": 1, "reached_threshold": true}
{"seed": 9, "user": 9, "d": 8, "strategy": "random", "final_regret": 4.6625776290893555, "queries_to_threshold": 11, "reached_threshold": false}
{"seed": 9, "user": 9, "d": 8, "strategy": "bald", "final_regret": 7.962430000305176, "queries_to_threshold": 11, "reached_threshold": false}
{"seed": 9, "user": 9, "d": 8, "strategy": "voi", "final_regret": 6.599174499511719, "queries_to_threshold": 11, "reached_threshold": false}
{"seed": 9, "user": 9, "d": 8, "strategy": "oracle", "final_regret": 0.118499755859375, "queries_to_threshold": 6, "reached_threshold": true}
{"seed": 9, "user": 10, "d": 8, "strategy": "random", "final_regret": 2.124113082885742, "queries_to_threshold": 11, "reached_threshold": false}
{"seed": 9, "user": 10, "d": 8, "strategy": "bald", "final_regret": 3.471952438354492, "queries_to_threshold": 11, "reached_threshold": false}
{"seed": 9, "user": 10, "d": 8, "strategy": "voi", "final_regret": 2.2734689712524414, "queries_to_threshold": 11, "reached_threshold": false}
{"seed": 9, "user": 10, "d": 8, "strategy": "oracle", "final_regret": 0.12395191192626953, "queries_to_threshold": 2, "reached_threshold": true}
{"seed": 9, "user": 11, "d": 8, "strategy": "random", "final_regret": 1.6309432983398438, "queries_to_threshold": 11, "reached_threshold": false}
{"seed": 9, "user": 11, "d": 8, "strategy": "bald", "final_regret": 0.06251192092895508, "queries_to_threshold": 6, "reached_threshold": true}
{"seed": 9, "user": 11, "d": 8, "strategy": "voi", "final_regret": 0.8101377487182617, "queries_to_threshold": 5, "reached_threshold": true}
{"seed": 9, "user": 11, "d": 8, "strategy": "oracle", "final_regret": 0.09844350814819336, "queries_to_threshold": 7, "reached_threshold": true}
{"seed": 9, "user": 12, "d": 8, "strategy": "random", "final_regret": 0.5899868011474609, "queries_to_threshold": 1, "reached_threshold": true}
{"seed": 9, "user": 12, "d": 8, "strategy": "bald", "final_regret": 0.6983852386474609, "queries_to_threshold": 2, "reached_threshold": true}
{"seed": 9, "user": 12, "d": 8, "strategy": "voi", "final_regret": 0.27462005615234375, "queries_to_threshold": 1, "reached_threshold": true}
{"seed": 9, "user": 12, "d": 8, "strategy": "oracle", "final_regret": 0.617767333984375, "queries_to_threshold": 1, "reached_threshold": true}
{"seed": 9, "user": 13, "d": 8, "strategy": "random", "final_regret": 11.52066421508789, "queries_to_threshold": 3, "reached_threshold": true}
{"seed": 9, "user": 13, "d": 8, "strategy": "bald", "final_regret": 4.961297988891602, "queries_to_threshold": 11, "reached_threshold": false}
{"seed": 9, "user": 13, "d": 8, "strategy": "voi", "final_regret": 4.076828956604004, "queries_to_threshold": 11, "reached_threshold": false}
{"seed": 9, "user": 13, "d": 8, "strategy": "oracle", "final_regret": 0.2022876739501953, "queries_to_threshold": 2, "reached_threshold": true}
{"seed": 9, "user": 14, "d": 8, "strategy": "random", "final_regret": 1.1518096923828125, "queries_to_threshold": 1, "reached_threshold": true}
{"seed": 9, "user": 14, "d": 8, "strategy": "bald", "final_regret": 0.2768077850341797, "queries_to_threshold": 2, "reached_threshold": true}
{"seed": 9, "user": 14, "d": 8, "strategy": "voi", "final_regret": 0.2257366180419922, "queries_to_threshold": 1, "reached_threshold": true}
{"seed": 9, "user": 14, "d": 8, "strategy": "oracle", "final_regret": 0.023099899291992188, "queries_to_threshold": 1, "reached_threshold": true}
