{"seed": 0, "user": 0, "d": 8, "strategy": "voi", "final_regret": 6.0582475662231445, "queries_to_threshold": 9, "reached_threshold": false}
{"seed": 0, "user": 0, "d": 8, "strategy": "voi_look2", "final_regret": 6.047600746154785, "queries_to_threshold": 9, "reached_threshold": false}
{"seed": 0, "user": 0, "d": 8, "strategy": "oracle", "final_regret": 0.06313037872314453, "queries_to_threshold": 6, "reached_threshold": true}
{"seed": 0, "user": 1, "d": 8, "strategy": "voi", "final_regret": 3.118075370788574, "queries_to_threshold": 9, "reached_threshold": false}
{"seed": 0, "user": 1, "d": 8, "strategy": "voi_look2", "final_regret": 3.034125328063965, "queries_to_threshold": 9, "reached_threshold": false}
{"seed": 0, "user": 1, "d": 8, "strategy": "oracle", "final_regret": 1.8350496292114258, "queries_to_threshold": 9, "reached_threshold": false}
{"seed": 0, "user": 2, "d": 8, "strategy": "voi", "final_regret": 1.3580389022827148, "queries_to_threshold": 5, "reached_threshold": true}
{"seed": 0, "user": 2, "d": 8, "strategy": "voi_look2", "final_regret": 2.081955909729004, "queries_to_threshold": 9, "reached_threshold": false}
{"seed": 0, "user": 2, "d": 8, "strategy": "oracle", "final_regret": 2.422771453857422, "queries_to_threshold": 9, "reached_threshold": false}
{"seed": 0, "user": 3, "d": 8, "strategy": "voi", "final_regret": 0.1400442123413086, "queries_to_threshold": 2, "reached_threshold": true}
{"seed": 0, "user": 3, "d": 8, "strategy": "voi_look2", "final_regret": 0.13996315002441406, "queries_to_threshold": 1, "reached_threshold": true}
{"seed": 0, "user": 3, "d": 8, "strategy": "oracle", "final_regret": 0.12461185455322266, "queries_to_threshold": 1, "reached_threshold": true}
{"seed": 0, "user": 4, "d": 8, "strategy": "voi", "final_regret": 3.798036575317383, "queries_to_threshold": 9, "reached_threshold": false}
{"seed": 0, "user": 4, "d": 8, "strategy": "voi_look2", "final_regret": 3.7835350036621094, "queries_to_threshold": 9, "reached_threshold": false}
{"seed": 0, "user": 4, "d": 8, "strategy": "oracle", "final_regret": 4.659475326538086, "queries_to_threshold": 9, "reached_threshold": false}
{"seed": 0, "user": 5, "d": 8, "strategy": "voi", "final_regret": 1.7045001983642578, "queries_to_threshold": 9, "reached_threshold": false}
{"seed": 0, "user": 5, "d": 8, "strategy": "voi_look2", "final_regret": 1.6052913665771484, "queries_to_threshold": 9, "reached_threshold": false}
{"seed": 0, "user": 5, "d": 8, "strategy": "oracle", "final_regret": 1.1825370788574219, "queries_to_threshold": 9, "reached_threshold": false}
{"seed": 1, "user": 0, "d": 8, "strategy": "voi", "final_regret": 1.848888874053955, "queries_to_threshold": 9, "reached_threshold": false}
{"seed": 1, "user": 0, "d": 8, "strategy": "voi_look2", "final_regret": 2.436436176300049, "queries_to_threshold": 9, "reached_threshold": false}
{"seed": 1, "user": 0, "d": 8, "strategy": "oracle", "final_regret": 1.1603665351867676, "queries_to_threshold": 9, "reached_threshold": false}
{"seed": 1, "user": 1, "d": 8, "strategy": "voi", "final_regret": 0.3017292022705078, "queries_to_threshold": 1, "reached_threshold": true}
{"seed": 1, "user": 1, "d": 8, "strategy": "voi_look2", "final_regret": 8.010553359985352, "queries_to_threshold": 1, "reached_threshold": true}
{"seed": 1, "user": 1, "d": 8, "strategy": "oracle", "final_regret": 0.23879051208496094, "queries_to_threshold": 1, "reached_threshold": true}
{"seed": 1, "user": 2, "d": 8, "strategy": "voi", "final_regret": 0.8734226226806641, "queries_to_threshold": 4, "reached_threshold": true}
{"seed": 1, "user": 2, "d": 8, "strategy": "voi_look2", "final_regret": 0.8812732696533203, "queries_to_threshold": 4, "reached_threshold": true}
{"seed": 1, "user": 2, "d": 8, "strategy": "oracle", "final_regret": 0.9174318313598633, "queries_to_threshold": 3, "reached_threshold": true}
{"seed": 1, "user": 3, "d": 8, "strategy": "voi", "final_regret": 2.7218217849731445, "queries_to_threshold": 9, "reached_threshold": false}
{"seed": 1, "user": 3, "d": 8, "strategy": "voi_look2", "final_regret": 3.327390670776367, "queries_to_threshold": 9, "reached_threshold": false}
{"seed": 1, "user": 3, "d": 8, "strategy": "oracle", "final_regret": 1.7949886322021484, "queries_to_threshold": 9, "reached_threshold": false}
{"seed": 1, "user": 4, "d": 8, "strategy": "voi", "final_regret": 2.5234127044677734, "queries_to_threshold": 9, "reached_threshold": false}
{"seed": 1, "user": 4, "d": 8, "strategy": "voi_look2", "final_regret": 1.7300987243652344, "queries_to_threshold": 9, "reached_threshold": false}
{"seed": 1, "user": 4, "d": 8, "strategy": "oracle", "final_regret": 0.7134027481079102, "queries_to_threshold": 3, "reached_threshold": true}
{"seed": 1, "user": 5, "d": 8, "strategy": "voi", "final_regret": 9.205467224121094, "queries_to_threshold": 3, "reached_threshold": true}
{"seed": 1, "user": 5, "d": 8, "strategy": "voi_look2", "final_regret": 5.096370697021484, "queries_to_threshold": 2, "reached_threshold": true}
{"seed": 1, "user": 5, "d": 8, "strategy": "oracle", "final_regret": 0.8702630996704102, "queries_to_threshold": 1, "reached_threshold": true}
