{"seed": 0, "user": 0, "d": 8, "strategy": "random", "final_regret": 7.256056785583496, "queries_to_threshold": 1, "reached_threshold": true}
{"seed": 0, "user": 0, "d": 8, "strategy": "bald", "final_regret": 3.730459213256836, "queries_to_threshold": 1, "reached_threshold": true}
{"seed": 0, "user": 0, "d": 8, "strategy": "voi", "final_regret": 0.036464691162109375, "queries_to_threshold": 2, "reached_threshold": true}
{"seed": 0, "user": 0, "d": 8, "strategy": "oracle", "final_regret": 0.03729438781738281, "queries_to_threshold": 1, "reached_threshold": true}
{"seed": 0, "user": 1, "d": 8, "strategy": "random", "final_regret": 0.9011135101318359, "queries_to_threshold": 6, "reached_threshold": true}
{"seed": 0, "user": 1, "d": 8, "strategy": "bald", "final_regret": 0.918121337890625, "queries_to_threshold": 2, "reached_threshold": true}
{"seed": 0, "user": 1, "d": 8, "strategy": "voi", "final_regret": 0.9091587066650391, "queries_to_threshold": 2, "reached_threshold": true}
{"seed": 0, "user": 1, "d": 8, "strategy": "oracle", "final_regret": 0.983154296875, "queries_to_threshold": 2, "reached_threshold": true}
{"seed": 0, "user": 2, "d": 8, "strategy": "random", "final_regret": 2.6701793670654297, "queries_to_threshold": 1, "reached_threshold": true}
{"seed": 0, "user": 2, "d": 8, "strategy": "bald", "final_regret": 0.2957725524902344, "queries_to_threshold": 1, "reached_threshold": true}
{"seed": 0, "user": 2, "d": 8, "strategy": "voi", "final_regret": 1.6411371231079102, "queries_to_threshold": 1, "reached_threshold": true}
{"seed": 0, "user": 2, "d": 8, "strategy": "oracle", "final_regret": 0.29246997833251953, "queries_to_threshold": 1, "reached_threshold": true}
{"seed": 0, "user": 3, "d": 8, "strategy": "random", "final_regret": 7.057852745056152, "queries_to_threshold": 11, "reached_threshold": false}
{"seed": 0, "user": 3, "d": 8, "strategy": "bald", "final_regret": 0.9463062286376953, "queries_to_threshold": 3, "reached_threshold": true}
{"seed": 0, "user": 3, "d": 8, "strategy": "voi", "final_regret": 0.37921905517578125, "queries_to_threshold": 3, "reached_threshold": true}
{"seed": 0, "user": 3, "d": 8, "strategy": "oracle", "final_regret": 0.3776264190673828, "queries_to_threshold": 2, "reached_threshold": true}
{"seed": 0, "user": 4, "d": 8, "strategy": "random", "final_regret": 4.344661712646484, "queries_to_threshold": 11, "reached_threshold": false}
{"seed": 0, "user": 4, "d": 8, "strategy": "bald", "final_regret": 4.905702590942383, "queries_to_threshold": 11, "reached_threshold": false}
{"seed": 0, "user": 4, "d": 8, "strategy": "voi", "final_regret": 1.8882369995117188, "queries_to_threshold": 9, "reached_threshold": true}
{"seed": 0, "user": 4, "d": 8, "strategy": "oracle", "final_regret": 4.4413299560546875, "queries_to_threshold": 11, "reached_threshold": false}
{"seed": 0, "user": 5, "d": 8, "strategy": "random", "final_regret": 1.8395214080810547, "queries_to_threshold": 3, "reached_threshold": true}
{"seed": 0, "user": 5, "d": 8, "strategy": "bald", "final_regret": 1.4100379943847656, "queries_to_threshold": 6, "reached_threshold": true}
{"seed": 0, "user": 5, "d": 8, "strategy": "voi", "final_regret": 2.2145423889160156, "queries_to_threshold": 6, "reached_threshold": true}
{"seed": 0, "user": 5, "d": 8, "strategy": "oracle", "final_regret": 3.4807491302490234, "queries_to_threshold": 11, "reached_threshold": false}
{"seed": 0, "user": 6, "d": 8, "strategy": "random", "final_regret": 5.530198574066162, "queries_to_threshold": 11, "reached_threshold": false}
{"seed": 0, "user": 6, "d": 8, "strategy": "bald", "final_regret": 1.9361505508422852, "queries_to_threshold": 4, "reached_threshold": true}
{"seed": 0, "user": 6, "d": 8, "strategy": "voi", "final_regret": 0.2922239303588867, "queries_to_threshold": 6, "reached_threshold": true}
{"seed": 0, "user": 6, "d": 8, "strategy": "oracle", "final_regret": 0.5976018905639648, "queries_to_threshold": 2, "reached_threshold": true}
{"seed": 0, "user": 7, "d": 8, "strategy": "random", "final_regret": 0.13275909423828125, "queries_to_threshold": 1, "reached_threshold": true}
{"seed": 0, "user": 7, "d": 8, "strategy": "bald", "final_regret": 1.4375953674316406, "queries_to_threshold": 3, "reached_threshold": true}
{"seed": 0, "user": 7, "d": 8, "strategy": "voi", "final_regret": 0.13275909423828125, "queries_to_threshold": 4, "reached_threshold": true}
{"seed": 0, "user": 7, "d": 8, "strategy": "oracle", "final_regret": 0.13275909423828125, "queries_to_threshold": 2, "reached_threshold": true}
{"seed": 0, "user": 8, "d": 8, "strategy": "random", "final_regret": 0.27828454971313477, "queries_to_threshold": 5, "reached_threshold": true}
{"seed": 0, "user": 8, "d": 8, "strategy": "bald", "final_regret": 0.3072805404663086, "queries_to_threshold": 5, "reached_threshold": true}
{"seed": 0, "user": 8, "d": 8, "strategy": "voi", "final_regret": 3.270160675048828, "queries_to_threshold": 3, "reached_threshold": true}
{"seed": 0, "user": 8, "d": 8, "strategy": "oracle", "final_regret": 0.17801666259765625, "queries_to_threshold": 3, "reached_threshold": true}
{"seed": 0, "user": 9, "d": 8, "strategy": "random", "final_regret": 3.2911195755004883, "queries_to_threshold": 1, "reached_threshold": true}
{"seed": 0, "user": 9, "d": 8, "strategy": "bald", "final_regret": 0.8460168838500977, "queries_to_threshold": 1, "reached_threshold": true}
{"seed": 0, "user": 9, "d": 8, "strategy": "voi", "final_regret": 1.869755744934082, "queries_to_threshold": 1, "reached_threshold": true}
{"seed": 0, "user": 9, "d": 8, "strategy": "oracle", "final_regret": 0.0984964370727539, "queries_to_threshold": 1, "reached_threshold": true}
{"seed": 0, "user": 10, "d": 8, "strategy": "random", "final_regret": 2.670663356781006, "queries_to_threshold": 11, "reached_threshold": false}
{"seed": 0, "user": 10, "d": 8, "strategy": "bald", "final_regret": 2.3329153060913086, "queries_to_threshold": 11, "reached_threshold": false}
{"seed": 0, "user": 10, "d": 8, "strategy": "voi", "final_regret": 2.299893856048584, "queries_to_threshold": 11, "reached_threshold": false}
{"seed": 0, "user": 10, "d": 8, "strategy": "oracle", "final_regret": 1.5472807884216309, "queries_to_threshold": 11, "reached_threshold": false}
{"seed": 0, "user": 11, "d": 8, "strategy": "random", "final_regret": 0.6123256683349609, "queries_to_threshold": 9, "reached_threshold": true}
{"seed": 0, "user": 11, "d": 8, "strategy": "bald", "final_regret": 5.197883605957031, "queries_to_threshold": 2, "reached_threshold": true}
{"seed": 0, "user": 11, "d": 8, "strategy": "voi", "final_regret": 0.042975425720214844, "queries_to_threshold": 2, "reached_threshold": true}
{"seed": 0, "user": 11, "d": 8, "strategy": "oracle", "final_regret": 0.03966045379638672, "queries_to_threshold": 9, "reached_threshold": true}
{"seed": 0, "user": 12, "d": 8, "strategy": "random", "final_regret": 1.2227249145507812, "queries_to_threshold": 1, "reached_threshold": true}
{"seed": 0, "user": 12, "d": 8, "strategy": "bald", "final_regret": 2.334747314453125, "queries_to_threshold": 6, "reached_threshold": true}
{"seed": 0, "user": 12, "d": 8, "strategy": "voi", "final_regret": 0.15772056579589844, "queries_to_threshold": 5, "reached_threshold": true}
{"seed": 0, "user": 12, "d": 8, "strategy": "oracle", "final_regret": 0.04402732849121094, "queries_to_threshold": 1, "reached_threshold": true}
{"seed": 0, "user": 13, "d": 8, "strategy": "random", "final_regret": 4.9274091720581055, "queries_to_threshold": 11, "reached_threshold": false}
{"seed": 0, "user": 13, "d": 8, "strategy": "bald", "final_regret": 0.2752056121826172, "queries_to_threshold": 7, "reached_threshold": true}
{"seed": 0, "user": 13, "d": 8, "strategy": "voi", "final_regret": 0.19336795806884766, "queries_to_threshold": 3, "reached_threshold": true}
{"seed": 0, "user": 13, "d": 8, "strategy": "oracle", "final_regret": 5.122224807739258, "queries_to_threshold": 11, "reached_threshold": false}
{"seed": 0, "user": 14, "d": 8, "strategy": "random", "final_regret": 5.013952255249023, "queries_to_threshold": 11, "reached_threshold": false}
{"seed": 0, "user": 14, "d": 8, "strategy": "bald", "final_regret": 5.086600303649902, "queries_to_threshold": 11, "reached_threshold": false}
{"seed": 0, "user": 14, "d": 8, "strategy": "voi", "final_regret": 5.392205238342285, "queries_to_threshold": 11, "reached_threshold": false}
{"seed": 0, "user": 14, "d": 8, "strategy": "oracle", "final_regret": 0.008634567260742188, "queries_to_threshold": 2, "reached_threshold": true}
{"seed": 1, "user": 0, "d": 8, "strategy": "random", "final_regret": 9.322017669677734, "queries_to_threshold": 11, "reached_threshold": false}
{"seed": 1, "user": 0, "d": 8, "strategy": "bald", "final_regret": 5.751834392547607, "queries_to_threshold": 11, "reached_threshold": false}
{"seed": 1, "user": 0, "d": 8, "strategy": "voi", "final_regret": 3.2076568603515625, "queries_to_threshold": 11, "reached_threshold": false}
{"seed": 1, "user": 0, "d": 8, "strategy": "oracle", "final_regret": 2.4936485290527344, "queries_to_threshold": 11, "reached_threshold": false}
{"seed": 1, "user": 1, "d": 8, "strategy": "random", "final_regret": 4.275575637817383, "queries_to_threshold": 4, "reached_threshold": true}
{"seed": 1, "user": 1, "d": 8, "strategy": "bald", "final_regret": 0.7361621856689453, "queries_to_threshold": 10, "reached_threshold": true}
{"seed": 1, "user": 1, "d": 8, "strategy": "voi", "final_regret": 1.281341552734375, "queries_to_threshold": 2, "reached_threshold": true}
{"seed": 1, "user": 1, "d": 8, "strategy": "oracle", "final_regret": 0.07707977294921875, "queries_to_threshold": 2, "reached_threshold": true}
{"seed": 1, "user": 2, "d": 8, "strategy": "random", "final_regret": 1.585341453552246, "queries_to_threshold": 1, "reached_threshold": true}
{"seed": 1, "user": 2, "d": 8, "strategy": "bald", "final_regret": 1.7134876251220703, "queries_to_threshold": 1, "reached_threshold": true}
{"seed": 1, "user": 2, "d": 8, "strategy": "voi", "final_regret": 0.1602926254272461, "queries_to_threshold": 10, "reached_threshold": true}
{"seed": 1, "user": 2, "d": 8, "strategy": "oracle", "final_regret": 0.04193687438964844, "queries_to_threshold": 1, "reached_threshold": true}
{"seed": 1, "user": 3, "d": 8, "strategy": "random", "final_regret": 4.075595855712891, "queries_to_threshold": 11, "reached_threshold": false}
{"seed": 1, "user": 3, "d": 8, "strategy": "bald", "final_regret": 3.0309901237487793, "queries_to_threshold": 11, "reached_threshold": false}
{"seed": 1, "user": 3, "d": 8, "strategy": "voi", "final_regret": 1.5757074356079102, "queries_to_threshold": 11, "reached_threshold": false}
{"seed": 1, "user": 3, "d": 8, "strategy": "oracle", "final_regret": 4.209720134735107, "queries_to_threshold": 11, "reached_threshold": false}
{"seed": 1, "user": 4, "d": 8, "strategy": "random", "final_regret": 3.3469388484954834, "queries_to_threshold": 11, "reached_threshold": false}
{"seed": 1, "user": 4, "d": 8, "strategy": "bald", "final_regret": 0.9979796409606934, "queries_to_threshold": 5, "reached_threshold": true}
{"seed": 1, "user": 4, "d": 8, "strategy": "voi", "final_regret": 5.109364986419678, "queries_to_threshold": 11, "reached_threshold": false}
{"seed": 1, "user": 4, "d": 8, "strategy": "oracle", "final_regret": 0.18606877326965332, "queries_to_threshold": 1, "reached_threshold": true}
{"seed": 1, "user": 5, "d": 8, "strategy": "random", "final_regret": 6.059110164642334, "queries_to_threshold": 1, "reached_threshold": true}
{"seed": 1, "user": 5, "d": 8, "strategy": "bald", "final_regret": 1.4537079334259033, "queries_to_threshold": 11, "reached_threshold": false}
{"seed": 1, "user": 5, "d": 8, "strategy": "voi", "final_regret": 0.7932674884796143, "queries_to_threshold": 3, "reached_threshold": true}
{"seed": 1, "user": 5, "d": 8, "strategy": "oracle", "final_regret": 0.6858420372009277, "queries_to_threshold": 1, "reached_threshold": true}
{"seed": 1, "user": 6, "d": 8, "strategy": "random", "final_regret": 3.2766809463500977, "queries_to_threshold": 11, "reached_threshold": false}
{"seed": 1, "user": 6, "d": 8, "strategy": "bald", "final_regret": 1.5002470016479492, "queries_to_threshold": 1, "reached_threshold": true}
{"seed": 1, "user": 6, "d": 8, "strategy": "voi", "final_regret": 1.646897315979004, "queries_to_threshold": 1, "reached_threshold": true}
{"seed": 1, "user": 6, "d": 8, "strategy": "oracle", "final_regret": 0.3851804733276367, "queries_to_threshold": 5, "reached_threshold": true}
{"seed": 1, "user": 7, "d": 8, "strategy": "random", "final_regret": 0.6081914901733398, "queries_to_threshold": 1, "reached_threshold": true}
{"seed": 1, "user": 7, "d": 8, "strategy": "bald", "final_regret": 3.925057888031006, "queries_to_threshold": 11, "reached_threshold": false}
{"seed": 1, "user": 7, "d": 8, "strategy": "voi", "final_regret": 0.6656532287597656, "queries_to_threshold": 5, "reached_threshold": true}
{"seed": 1, "user": 7, "d": 8, "strategy": "oracle", "final_regret": 0.46367931365966797, "queries_to_threshold": 1, "reached_threshold": true}
{"seed": 1, "user": 8, "d": 8, "strategy": "random", "final_regret": 12.351701736450195, "queries_to_threshold": 11, "reached_threshold": false}
{"seed": 1, "user": 8, "d": 8, "strategy": "bald", "final_regret": 0.2730598449707031, "queries_to_threshold": 5, "reached_threshold": true}
{"seed": 1, "user": 8, "d": 8, "strategy": "voi", "final_regret": 12.39630126953125, "queries_to_threshold": 11, "reached_threshold": false}
{"seed": 1, "user": 8, "d": 8, "strategy": "oracle", "final_regret": 0.95306396484375, "queries_to_threshold": 1, "reached_threshold": true}
{"seed": 1, "user": 9, "d": 8, "strategy": "random", "final_regret": 1.4147396087646484, "queries_to_threshold": 11, "reached_threshold": false}
{"seed": 1, "user": 9, "d": 8, "strategy": "bald", "final_regret": 0.6356306076049805, "queries_to_threshold": 6, "reached_threshold": true}
{"seed": 1, "user": 9, "d": 8, "strategy": "voi", "final_regret": 2.3371095657348633, "queries_to_threshold": 11, "reached_threshold": false}
{"seed": 1, "user": 9, "d": 8, "strategy": "oracle", "final_regret": 1.0282630920410156, "queries_to_threshold": 11, "reached_threshold": false}
{"seed": 1, "user": 10, "d": 8, "strategy": "random", "final_regret": 2.2783660888671875, "queries_to_threshold": 11, "reached_threshold": false}
{"seed": 1, "user": 10, "d": 8, "strategy": "bald", "final_regret": 1.8747882843017578, "queries_to_threshold": 5, "reached_threshold": true}
{"seed": 1, "user": 10, "d": 8, "strategy": "voi", "final_regret": 1.8450889587402344, "queries_to_threshold": 3, "reached_threshold": true}
{"seed": 1, "user": 10, "d": 8, "strategy": "oracle", "final_regret": 1.362203598022461, "queries_to_threshold": 11, "reached_threshold": false}
{"seed": 1, "user": 11, "d": 8, "strategy": "random", "final_regret": 7.391709327697754, "queries_to_threshold": 11, "reached_threshold": false}
{"seed": 1, "user": 11, "d": 8, "strategy": "bald", "final_regret": 0.2548408508300781, "queries_to_threshold": 3, "reached_threshold": true}
{"seed": 1, "user": 11, "d": 8, "strategy": "voi", "final_regret": 9.250188827514648, "queries_to_threshold": 11, "reached_threshold": false}
{"seed": 1, "user": 11, "d": 8, "strategy": "oracle", "final_regret": 0.15591812133789062, "queries_to_threshold": 1, "reached_threshold": true}
{"seed": 1, "user": 12, "d": 8, "strategy": "random", "final_regret": 2.752495765686035, "queries_to_threshold": 1, "reached_threshold": true}
{"seed": 1, "user": 12, "d": 8, "strategy": "bald", "final_regret": 4.586770057678223, "queries_to_threshold": 11, "reached_threshold": false}
{"seed": 1, "user": 12, "d": 8, "strategy": "voi", "final_regret": 3.0943422317504883, "queries_to_threshold": 11, "reached_threshold": false}
{"seed": 1, "user": 12, "d": 8, "strategy": "oracle", "final_regret": 0.16015052795410156, "queries_to_threshold": 1, "reached_threshold": true}
{"seed": 1, "user": 13, "d": 8, "strategy": "random", "final_regret": 1.2714710235595703, "queries_to_threshold": 11, "reached_threshold": false}
{"seed": 1, "user": 13, "d": 8, "strategy": "bald", "final_regret": 0.35163116455078125, "queries_to_threshold": 7, "reached_threshold": true}
{"seed": 1, "user": 13, "d": 8, "strategy": "voi", "final_regret": 3.365182876586914, "queries_to_threshold": 11, "reached_threshold": false}
{"seed": 1, "user": 13, "d": 8, "strategy": "oracle", "final_regret": 3.2812604904174805, "queries_to_threshold": 11, "reached_threshold": false}
{"seed": 1, "user": 14, "d": 8, "strategy": "random", "final_regret": 1.5351152420043945, "queries_to_threshold": 4, "reached_threshold": true}
{"seed": 1, "user": 14, "d": 8, "strategy": "bald", "final_regret": 1.2487297058105469, "queries_to_threshold": 11, "reached_threshold": false}
{"seed": 1, "user": 14, "d": 8, "strategy": "voi", "final_regret": 0.07783699035644531, "queries_to_threshold": 5, "reached_threshold": true}
{"seed": 1, "user": 14, "d": 8, "strategy": "oracle", "final_regret": 0.05661582946777344, "queries_to_threshold": 1, "reached_threshold": true}
{"seed": 2, "user": 0, "d": 8, "strategy": "random", "final_regret": 6.280108451843262, "queries_to_threshold": 11, "reached_threshold": false}
{"seed": 2, "user": 0, "d": 8, "strategy": "bald", "final_regret": 6.18971061706543, "queries_to_threshold": 11, "reached_threshold": false}
{"seed": 2, "user": 0, "d": 8, "strategy": "voi", "final_regret": 6.166312217712402, "queries_to_threshold": 11, "reached_threshold": false}
{"seed": 2, "user": 0, "d": 8, "strategy": "oracle", "final_regret": 6.032064437866211, "queries_to_threshold": 11, "reached_threshold": false}
{"seed": 2, "user": 1, "d": 8, "strategy": "random", "final_regret": 1.8918261528015137, "queries_to_threshold": 11, "reached_threshold": false}
{"seed": 2, "user": 1, "d": 8, "strategy": "bald", "final_regret": 2.057178020477295, "queries_to_threshold": 11, "reached_threshold": false}
{"seed": 2, "user": 1, "d": 8, "strategy": "voi", "final_regret": 2.1544675827026367, "queries_to_threshold": 11, "reached_threshold": false}
{"seed": 2, "user": 1, "d": 8, "strategy": "oracle", "final_regret": 5.400890350341797, "queries_to_threshold": 11, "reached_threshold": false}
{"seed": 2, "user": 2, "d": 8, "strategy": "random", "final_regret": 0.09356689453125, "queries_to_threshold": 1, "reached_threshold": true}
{"seed": 2, "user": 2, "d": 8, "strategy": "bald", "final_regret": 0.1321430206298828, "queries_to_threshold": 1, "reached_threshold": true}
{"seed": 2, "user": 2, "d": 8, "strategy": "voi", "final_regret": 0.09222888946533203, "queries_to_threshold": 1, "reached_threshold": true}
{"seed": 2, "user": 2, "d": 8, "strategy": "oracle", "final_regret": 0.09222888946533203, "queries_to_threshold": 1, "reached_threshold": true}
{"seed": 2, "user": 3, "d": 8, "strategy": "random", "final_regret": 3.6825480461120605, "queries_to_threshold": 11, "reached_threshold": false}
{"seed": 2, "user": 3, "d": 8, "strategy": "bald", "final_regret": 2.758981227874756, "queries_to_threshold": 11, "reached_threshold": false}
{"seed": 2, "user": 3, "d": 8, "strategy": "voi", "final_regret": 1.935375690460205, "queries_to_threshold": 11, "reached_threshold": false}
{"seed": 2, "user": 3, "d": 8, "strategy": "oracle", "final_regret": 0.14374828338623047, "queries_to_threshold": 4, "reached_threshold": true}
{"seed": 2, "user": 4, "d": 8, "strategy": "random", "final_regret": 0.056652069091796875, "queries_to_threshold": 1, "reached_threshold": true}
{"seed": 2, "user": 4, "d": 8, "strategy": "bald", "final_regret": 0.05424690246582031, "queries_to_threshold": 1, "reached_threshold": true}
{"seed": 2, "user": 4, "d": 8, "strategy": "voi", "final_regret": 4.843225479125977, "queries_to_threshold": 1, "reached_threshold": true}
{"seed": 2, "user": 4, "d": 8, "strategy": "oracle", "final_regret": 0.018255233764648438, "queries_to_threshold": 1, "reached_threshold": true}
{"seed": 2, "user": 5, "d": 8, "strategy": "random", "final_regret": 5.672194480895996, "queries_to_threshold": 11, "reached_threshold": false}
{"seed": 2, "user": 5, "d": 8, "strategy": "bald", "final_regret": 5.52372932434082, "queries_to_threshold": 11, "reached_threshold": false}
{"seed": 2, "user": 5, "d": 8, "strategy": "voi", "final_regret": 0.09324455261230469, "queries_to_threshold": 7, "reached_threshold": true}
{"seed": 2, "user": 5, "d": 8, "strategy": "oracle", "final_regret": 0.20350265502929688, "queries_to_threshold": 3, "reached_threshold": true}
{"seed": 2, "user": 6, "d": 8, "strategy": "random", "final_regret": 5.133848190307617, "queries_to_threshold": 11, "reached_threshold": false}
{"seed": 2, "user": 6, "d": 8, "strategy": "bald", "final_regret": 5.178190231323242, "queries_to_threshold": 11, "reached_threshold": false}
{"seed": 2, "user": 6, "d": 8, "strategy": "voi", "final_regret": 4.434791564941406, "queries_to_threshold": 11, "reached_threshold": false}
{"seed": 2, "user": 6, "d": 8, "strategy": "oracle", "final_regret": 3.7959518432617188, "queries_to_threshold": 6, "reached_threshold": true}
{"seed": 2, "user": 7, "d": 8, "strategy": "random", "final_regret": 11.84109115600586, "queries_to_threshold": 11, "reached_threshold": false}
{"seed": 2, "user": 7, "d": 8, "strategy": "bald", "final_regret": 10.141876220703125, "queries_to_threshold": 11, "reached_threshold": false}
{"seed": 2, "user": 7, "d": 8, "strategy": "voi", "final_regret": 10.141876220703125, "queries_to_threshold": 11, "reached_threshold": false}
{"seed": 2, "user": 7, "d": 8, "strategy": "oracle", "final_regret": 10.130504608154297, "queries_to_threshold": 11, "reached_threshold": false}
{"seed": 2, "user": 8, "d": 8, "strategy": "random", "final_regret": 0.042022705078125, "queries_to_threshold": 1, "reached_threshold": true}
{"seed": 2, "user": 8, "d": 8, "strategy": "bald", "final_regret": 0.026218414306640625, "queries_to_threshold": 1, "reached_threshold": true}
{"seed": 2, "user": 8, "d": 8, "strategy": "voi", "final_regret": 0.12862586975097656, "queries_to_threshold": 2, "reached_threshold": true}
{"seed": 2, "user": 8, "d": 8, "strategy": "oracle", "final_regret": 0.030458450317382812, "queries_to_threshold": 1, "reached_threshold": true}
{"seed": 2, "user": 9, "d": 8, "strategy": "random", "final_regret": 6.934689521789551, "queries_to_threshold": 11, "reached_threshold": false}
{"seed": 2, "user": 9, "d": 8, "strategy": "bald", "final_regret": 2.951836585998535, "queries_to_threshold": 11, "reached_threshold": false}
{"seed": 2, "user": 9, "d": 8, "strategy": "voi", "final_regret": 5.45648717880249, "queries_to_threshold": 11, "reached_threshold": false}
{"seed": 2, "user": 9, "d": 8, "strategy": "oracle", "final_regret": 1.5730648040771484, "queries_to_threshold": 11, "reached_threshold": false}
{"seed": 2, "user": 10, "d": 8, "strategy": "random", "final_regret": 2.4532508850097656, "queries_to_threshold": 11, "reached_threshold": false}
{"seed": 2, "user": 10, "d": 8, "strategy": "bald", "final_regret": 2.474397659301758, "queries_to_threshold": 11, "reached_threshold": false}
{"seed": 2, "user": 10, "d": 8, "strategy": "voi", "final_regret": 2.595064163208008, "queries_to_threshold": 11, "reached_threshold": false}
{"seed": 2, "user": 10, "d": 8, "strategy": "oracle", "final_regret": 2.466480255126953, "queries_to_threshold": 11, "reached_threshold": false}
{"seed": 2, "user": 11, "d": 8, "strategy": "random", "final_regret": 0.22339248657226562, "queries_to_threshold": 1, "reached_threshold": true}
{"seed": 2, "user": 11, "d": 8, "strategy": "bald", "final_regret": 0.245361328125, "queries_to_threshold": 1, "reached_threshold": true}
{"seed": 2, "user": 11, "d": 8, "strategy": "voi", "final_regret": 0.20609092712402344, "queries_to_threshold": 1, "reached_threshold": true}
{"seed": 2, "user": 11, "d": 8, "strategy": "oracle", "final_regret": 0.2604522705078125, "queries_to_threshold": 1, "reached_threshold": true}
{"seed": 2, "user": 12, "d": 8, "strategy": "random", "final_regret": 7.315552711486816, "queries_to_threshold": 6, "reached_threshold": true}
{"seed": 2, "user": 12, "d": 8, "strategy": "bald", "final_regret": 0.8501062393188477, "queries_to_threshold": 2, "reached_threshold": true}
{"seed": 2, "user": 12, "d": 8, "strategy": "voi", "final_regret": 0.0065460205078125, "queries_to_threshold": 1, "reached_threshold": true}
{"seed": 2, "user": 12, "d": 8, "strategy": "oracle", "final_regret": 0.0352630615234375, "queries_to_threshold": 1, "reached_threshold": true}
{"seed": 2, "user": 13, "d": 8, "strategy": "random", "final_regret": 0.04237937927246094, "queries_to_threshold": 1, "reached_threshold": true}
{"seed": 2, "user": 13, "d": 8, "strategy": "bald", "final_regret": 0.09539794921875, "queries_to_threshold": 1, "reached_threshold": true}
{"seed": 2, "user": 13, "d": 8, "strategy": "voi", "final_regret": 0.6280937194824219, "queries_to_threshold": 1, "reached_threshold": true}
{"seed": 2, "user": 13, "d": 8, "strategy": "oracle", "final_regret": 0.001953125, "queries_to_threshold": 1, "reached_threshold": true}
{"seed": 2, "user": 14, "d": 8, "strategy": "random", "final_regret": 2.693765640258789, "queries_to_threshold": 11, "reached_threshold": false}
{"seed": 2, "user": 14, "d": 8, "strategy": "bald", "final_regret": 4.699373722076416, "queries_to_threshold": 11, "reached_threshold": false}
{"seed": 2, "user": 14, "d": 8, "strategy": "voi", "final_regret": 2.820924758911133, "queries_to_threshold": 11, "reached_threshold": false}
{"seed": 2, "user": 14, "d": 8, "strategy": "oracle", "final_regret": 2.707392692565918, "queries_to_threshold": 11, "reached_threshold": false}
{"seed": 3, "user": 0, "d": 8, "strategy": "random", "final_regret": 5.561422348022461, "queries_to_threshold": 11, "reached_threshold": false}
{"seed": 3, "user": 0, "d": 8, "strategy": "bald", "final_regret": 0.10720157623291016, "queries_to_threshold": 9, "reached_threshold": true}
{"seed": 3, "user": 0, "d": 8, "strategy": "voi", "final_regret": 1.7800469398498535, "queries_to_threshold": 11, "reached_threshold": false}
{"seed": 3, "user": 0, "d": 8, "strategy": "oracle", "final_regret": 5.677665710449219, "queries_to_threshold": 11, "reached_threshold": false}
{"seed": 3, "user": 1, "d": 8, "strategy": "random", "final_regret": 1.1407699584960938, "queries_to_threshold": 11, "reached_threshold": false}
{"seed": 3, "user": 1, "d": 8, "strategy": "bald", "final_regret": 13.777585983276367, "queries_to_threshold": 11, "reached_threshold": false}
{"seed": 3, "user": 1, "d": 8, "strategy": "voi", "final_regret": 1.1054859161376953, "queries_to_threshold": 11, "reached_threshold": false}
{"seed": 3, "user": 1, "d": 8, "strategy": "oracle", "final_regret": 1.1009588241577148, "queries_to_threshold": 11, "reached_threshold": false}
{"seed": 3, "user": 2, "d": 8, "strategy": "random", "final_regret": 0.22435474395751953, "queries_to_threshold": 1, "reached_threshold": true}
{"seed": 3, "user": 2, "d": 8, "strategy": "bald", "final_regret": 0.19859790802001953, "queries_to_threshold": 1, "reached_threshold": true}
{"seed": 3, "user": 2, "d": 8, "strategy": "voi", "final_regret": 0.17150402069091797, "queries_to_threshold": 1, "reached_threshold": true}
{"seed": 3, "user": 2, "d": 8, "strategy": "oracle", "final_regret": 0.19872283935546875, "queries_to_threshold": 1, "reached_threshold": true}
{"seed": 3, "user": 3, "d": 8, "strategy": "random", "final_regret": 0.12517738342285156, "queries_to_threshold": 1, "reached_threshold": true}
{"seed": 3, "user": 3, "d": 8, "strategy": "bald", "final_regret": 0.11040496826171875, "queries_to_threshold": 1, "reached_threshold": true}
{"seed": 3, "user": 3, "d": 8, "strategy": "voi", "final_regret": 0.07703876495361328, "queries_to_threshold": 1, "reached_threshold": true}
{"seed": 3, "user": 3, "d": 8, "strategy": "oracle", "final_regret": 0.2962636947631836, "queries_to_threshold": 1, "reached_threshold": true}
{"seed": 3, "user": 4, "d": 8, "strategy": "random", "final_regret": 0.1586170196533203, "queries_to_threshold": 1, "reached_threshold": true}
{"seed": 3, "user": 4, "d": 8, "strategy": "bald", "final_regret": 0.1944408416748047, "queries_to_threshold": 1, "reached_threshold": true}
{"seed": 3, "user": 4, "d": 8, "strategy": "voi", "final_regret": 0.19571304321289062, "queries_to_threshold": 1, "reached_threshold": true}
{"seed": 3, "user": 4, "d": 8, "strategy": "oracle", "final_regret": 0.1529541015625, "queries_to_threshold": 1, "reached_threshold": true}
{"seed": 3, "user": 5, "d": 8, "strategy": "random", "final_regret": 0.720855712890625, "queries_to_threshold": 1, "reached_threshold": true}
{"seed": 3, "user": 5, "d": 8, "strategy": "bald", "final_regret": 0.8378582000732422, "queries_to_threshold": 1, "reached_threshold": true}
{"seed": 3, "user": 5, "d": 8, "strategy": "voi", "final_regret": 0.5468730926513672, "queries_to_threshold": 1, "reached_threshold": true}
{"seed": 3, "user": 5, "d": 8, "strategy": "oracle", "final_regret": 0.722559928894043, "queries_to_threshold": 1, "reached_threshold": true}
{"seed": 3, "user": 6, "d": 8, "strategy": "random", "final_regret": 0.5300216674804688, "queries_to_threshold": 1, "reached_threshold": true}
{"seed": 3, "user": 6, "d": 8, "strategy": "bald", "final_regret": 0.41903114318847656, "queries_to_threshold": 1, "reached_threshold": true}
{"seed": 3, "user": 6, "d": 8, "strategy": "voi", "final_regret": 0.4558372497558594, "queries_to_threshold": 1, "reached_threshold": true}
{"seed": 3, "user": 6, "d": 8, "strategy": "oracle", "final_regret": 0.40651512145996094, "queries_to_threshold": 1, "reached_threshold": true}
{"seed": 3, "user": 7, "d": 8, "strategy": "random", "final_regret": 0.40056800842285156, "queries_to_threshold": 7, "reached_threshold": true}
{"seed": 3, "user": 7, "d": 8, "strategy": "bald", "final_regret": 9.246521949768066, "queries_to_threshold": 11, "reached_threshold": false}
{"seed": 3, "user": 7, "d": 8, "strategy": "voi", "final_regret": 6.015927314758301, "queries_to_threshold": 11, "reached_threshold": false}
{"seed": 3, "user": 7, "d": 8, "strategy": "oracle", "final_regret": 6.311291694641113, "queries_to_threshold": 11, "reached_threshold": false}
{"seed": 3, "user": 8, "d": 8, "strategy": "random", "final_regret": 9.633234977722168, "queries_to_threshold": 11, "reached_threshold": false}
{"seed": 3, "user": 8, "d": 8, "strategy": "bald", "final_regret": 9.624267578125, "queries_to_threshold": 11, "reached_threshold": false}
{"seed": 3, "user": 8, "d": 8, "strategy": "voi", "final_regret": 5.5349297523498535, "queries_to_threshold": 11, "reached_threshold": false}
{"seed": 3, "user": 8, "d": 8, "strategy": "oracle", "final_regret": 9.199551582336426, "queries_to_threshold": 11, "reached_threshold": false}
{"seed": 3, "user": 9, "d": 8, "strategy": "random", "final_regret": 2.4658584594726562, "queries_to_threshold": 1, "reached_threshold": true}
{"seed": 3, "user": 9, "d": 8, "strategy": "bald", "final_regret": 0.8282489776611328, "queries_to_threshold": 1, "reached_threshold": true}
{"seed": 3, "user": 9, "d": 8, "strategy": "voi", "final_regret": 0.8330249786376953, "queries_to_threshold": 1, "reached_threshold": true}
{"seed": 3, "user": 9, "d": 8, "strategy": "oracle", "final_regret": 0.8131313323974609, "queries_to_threshold": 1, "reached_threshold": true}
{"seed": 3, "user": 10, "d": 8, "strategy": "random", "final_regret": 7.52801513671875, "queries_to_threshold": 11, "reached_threshold": false}
{"seed": 3, "user": 10, "d": 8, "strategy": "bald", "final_regret": 7.661002159118652, "queries_to_threshold": 11, "reached_threshold": false}
{"seed": 3, "user": 10, "d": 8, "strategy": "voi", "final_regret": 7.433507919311523, "queries_to_threshold": 11, "reached_threshold": false}
{"seed": 3, "user": 10, "d": 8, "strategy": "oracle", "final_regret": 2.929452896118164, "queries_to_threshold": 11, "reached_threshold": false}
{"seed": 3, "user": 11, "d": 8, "strategy": "random", "final_regret": 2.6815547943115234, "queries_to_threshold": 11, "reached_threshold": false}
{"seed": 3, "user": 11, "d": 8, "strategy": "bald", "final_regret": 2.8032760620117188, "queries_to_threshold": 11, "reached_threshold": false}
{"seed": 3, "user": 11, "d": 8, "strategy": "voi", "final_regret": 2.8278732299804688, "queries_to_threshold": 11, "reached_threshold": false}
{"seed": 3, "user": 11, "d": 8, "strategy": "oracle", "final_regret": 2.7744626998901367, "queries_to_threshold": 11, "reached_threshold": false}
{"seed": 3, "user": 12, "d": 8, "strategy": "random", "final_regret": 9.957133293151855, "queries_to_threshold": 11, "reached_threshold": false}
{"seed": 3, "user": 12, "d": 8, "strategy": "bald", "final_regret": 9.585009574890137, "queries_to_threshold": 11, "reached_threshold": false}
{"seed": 3, "user": 12, "d": 8, "strategy": "voi", "final_regret": 9.66926097869873, "queries_to_threshold": 11, "reached_threshold": false}
{"seed": 3, "user": 12, "d": 8, "strategy": "oracle", "final_regret": 9.598885536193848, "queries_to_threshold": 11, "reached_threshold": false}
{"seed": 3, "user": 13, "d": 8, "strategy": "random", "final_regret": 5.914912223815918, "queries_to_threshold": 11, "reached_threshold": false}
{"seed": 3, "user": 13, "d": 8, "strategy": "bald", "final_regret": 6.02677583694458, "queries_to_threshold": 11, "reached_threshold": false}
{"seed": 3, "user": 13, "d": 8, "strategy": "voi", "final_regret": 4.781002044677734, "queries_to_threshold": 11, "reached_threshold": false}
{"seed": 3, "user": 13, "d": 8, "strategy": "oracle", "final_regret": 5.865735054016113, "queries_to_threshold": 11, "reached_threshold": false}
{"seed": 3, "user": 14, "d": 8, "strategy": "random", "final_regret": 0.532257080078125, "queries_to_threshold": 1, "reached_threshold": true}
{"seed": 3, "user": 14, "d": 8, "strategy": "bald", "final_regret": 0.45604896545410156, "queries_to_threshold": 1, "reached_threshold": true}
{"seed": 3, "user": 14, "d": 8, "strategy": "voi", "final_regret": 0.4672832489013672, "queries_to_threshold": 1, "reached_threshold": true}
{"seed": 3, "user": 14, "d": 8, "strategy": "oracle", "final_regret": 0.37911033630371094, "queries_to_threshold": 1, "reached_threshold": true}
{"seed": 4, "user": 0, "d": 8, "strategy": "random", "final_regret": 6.916158676147461, "queries_to_threshold": 11, "reached_threshold": false}
{"seed": 4, "user": 0, "d": 8, "strategy": "bald", "final_regret": 5.820768356323242, "queries_to_threshold": 11, "reached_threshold": false}
{"seed": 4, "user": 0, "d": 8, "strategy": "voi", "final_regret": 5.798887252807617, "queries_to_threshold": 11, "reached_threshold": false}
{"seed": 4, "user": 0, "d": 8, "strategy": "oracle", "final_regret": 3.3311328887939453, "queries_to_threshold": 11, "reached_threshold": false}
{"seed": 4, "user": 1, "d": 8, "strategy": "random", "final_regret": 12.045087814331055, "queries_to_threshold": 11, "reached_threshold": false}
{"seed": 4, "user": 1, "d": 8, "strategy": "bald", "final_regret": 12.65073013305664, "queries_to_threshold": 11, "reached_threshold": false}
{"seed": 4, "user": 1, "d": 8, "strategy": "voi", "final_regret": 7.6618571281433105, "queries_to_threshold": 11, "reached_threshold": false}
{"seed": 4, "user": 1, "d": 8, "strategy": "oracle", "final_regret": 1.8361754417419434, "queries_to_threshold": 11, "reached_threshold": false}
{"seed": 4, "user": 2, "d": 8, "strategy": "random", "final_regret": 0.5334129333496094, "queries_to_threshold": 10, "reached_threshold": true}
{"seed": 4, "user": 2, "d": 8, "strategy": "bald", "final_regret": 3.1373958587646484, "queries_to_threshold": 8, "reached_threshold": true}
{"seed": 4, "user": 2, "d": 8, "strategy": "voi", "final_regret": 0.7360420227050781, "queries_to_threshold": 10, "reached_threshold": true}
{"seed": 4, "user": 2, "d": 8, "strategy": "oracle", "final_regret": 0.038745880126953125, "queries_to_threshold": 3, "reached_threshold": true}
{"seed": 4, "user": 3, "d": 8, "strategy": "random", "final_regret": 10.603683471679688, "queries_to_threshold": 4, "reached_threshold": true}
{"seed": 4, "user": 3, "d": 8, "strategy": "bald", "final_regret": 1.9947385787963867, "queries_to_threshold": 11, "reached_threshold": false}
{"seed": 4, "user": 3, "d": 8, "strategy": "voi", "final_regret": 2.6106815338134766, "queries_to_threshold": 2, "reached_threshold": true}
{"seed": 4, "user": 3, "d": 8, "strategy": "oracle", "final_regret": 0.27732086181640625, "queries_to_threshold": 1, "reached_threshold": true}
{"seed": 4, "user": 4, "d": 8, "strategy": "random", "final_regret": 0.02434539794921875, "queries_to_threshold": 1, "reached_threshold": true}
{"seed": 4, "user": 4, "d": 8, "strategy": "bald", "final_regret": 2.7765159606933594, "queries_to_threshold": 8, "reached_threshold": true}
{"seed": 4, "user": 4, "d": 8, "strategy": "voi", "final_regret": 6.174135208129883, "queries_to_threshold": 3, "reached_threshold": true}
{"seed": 4, "user": 4, "d": 8, "strategy": "oracle", "final_regret": 0.008142471313476562, "queries_to_threshold": 1, "reached_threshold": true}
{"seed": 4, "user": 5, "d": 8, "strategy": "random", "final_regret": 1.7309942245483398, "queries_to_threshold": 8, "reached_threshold": true}
{"seed": 4, "user": 5, "d": 8, "strategy": "bald", "final_regret": 0.8377151489257812, "queries_to_threshold": 1, "reached_threshold": true}
{"seed": 4, "user": 5, "d": 8, "strategy": "voi", "final_regret": 1.037491798400879, "queries_to_threshold": 5, "reached_threshold": true}
{"seed": 4, "user": 5, "d": 8, "strategy": "oracle", "final_regret": 0.6239442825317383, "queries_to_threshold": 2, "reached_threshold": true}
{"seed": 4, "user": 6, "d": 8, "strategy": "random", "final_regret": 10.77915096282959, "queries_to_threshold": 11, "reached_threshold": false}
{"seed": 4, "user": 6, "d": 8, "strategy": "bald", "final_regret": 8.550601959228516, "queries_to_threshold": 11, "reached_threshold": false}
{"seed": 4, "user": 6, "d": 8, "strategy": "voi", "final_regret": 0.1307964324951172, "queries_to_threshold": 3, "reached_threshold": true}
{"seed": 4, "user": 6, "d": 8, "strategy": "oracle", "final_regret": 0.12139892578125, "queries_to_threshold": 1, "reached_threshold": true}
{"seed": 4, "user": 7, "d": 8, "strategy": "random", "final_regret": 1.5593743324279785, "queries_to_threshold": 11, "reached_threshold": false}
{"seed": 4, "user": 7, "d": 8, "strategy": "bald", "final_regret": 2.286738395690918, "queries_to_threshold": 11, "reached_threshold": false}
{"seed": 4, "user": 7, "d": 8, "strategy": "voi", "final_regret": 1.1937122344970703, "queries_to_threshold": 11, "reached_threshold": false}
{"seed": 4, "user": 7, "d": 8, "strategy": "oracle", "final_regret": 0.35122108459472656, "queries_to_threshold": 6, "reached_threshold": true}
{"seed": 4, "user": 8, "d": 8, "strategy": "random", "final_regret": 8.645544052124023, "queries_to_threshold": 11, "reached_threshold": false}
{"seed": 4, "user": 8, "d": 8, "strategy": "bald", "final_regret": 9.490676879882812, "queries_to_threshold": 7, "reached_threshold": true}
{"seed": 4, "user": 8, "d": 8, "strategy": "voi", "final_regret": 3.533151626586914, "queries_to_threshold": 11, "reached_threshold": false}
{"seed": 4, "user": 8, "d": 8, "strategy": "oracle", "final_regret": 0.19447708129882812, "queries_to_threshold": 9, "reached_threshold": true}
{"seed": 4, "user": 9, "d": 8, "strategy": "random", "final_regret": 2.206146240234375, "queries_to_threshold": 11, "reached_threshold": false}
{"seed": 4, "user": 9, "d": 8, "strategy": "bald", "final_regret": 1.4119586944580078, "queries_to_threshold": 9, "reached_threshold": true}
{"seed": 4, "user": 9, "d": 8, "strategy": "voi", "final_regret": 6.169614791870117, "queries_to_threshold": 11, "reached_threshold": false}
{"seed": 4, "user": 9, "d": 8, "strategy": "oracle", "final_regret": 0.03591346740722656, "queries_to_threshold": 5, "reached_threshold": true}
{"seed": 4, "user": 10, "d": 8, "strategy": "random", "final_regret": 0.05676460266113281, "queries_to_threshold": 4, "reached_threshold": true}
{"seed": 4, "user": 10, "d": 8, "strategy": "bald", "final_regret": 0.7558040618896484, "queries_to_threshold": 1, "reached_threshold": true}
{"seed": 4, "user": 10, "d": 8, "strategy": "voi", "final_regret": 0.0674123764038086, "queries_to_threshold": 1, "reached_threshold": true}
{"seed": 4, "user": 10, "d": 8, "strategy": "oracle", "final_regret": 0.17322921752929688, "queries_to_threshold": 1, "reached_threshold": true}
{"seed": 4, "user": 11, "d": 8, "strategy": "random", "final_regret": 4.586331367492676, "queries_to_threshold": 11, "reached_threshold": false}
{"seed": 4, "user": 11, "d": 8, "strategy": "bald", "final_regret": 1.212794303894043, "queries_to_threshold": 11, "reached_threshold": false}
{"seed": 4, "user": 11, "d": 8, "strategy": "voi", "final_regret": 7.654803276062012, "queries_to_threshold": 11, "reached_threshold": false}
{"seed": 4, "user": 11, "d": 8, "strategy": "oracle", "final_regret": 1.1064562797546387, "queries_to_threshold": 11, "reached_threshold": false}
{"seed": 4, "user": 12, "d": 8, "strategy": "random", "final_regret": 1.3195843696594238, "queries_to_threshold": 11, "reached_threshold": false}
{"seed": 4, "user": 12, "d": 8, "strategy": "bald", "final_regret": 1.3451364040374756, "queries_to_threshold": 11, "reached_threshold": false}
{"seed": 4, "user": 12, "d": 8, "strategy": "voi", "final_regret": 1.821929931640625, "queries_to_threshold": 11, "reached_threshold": false}
{"seed": 4, "user": 12, "d": 8, "strategy": "oracle", "final_regret": 0.2724211812019348, "queries_to_threshold": 9, "reached_threshold": true}
{"seed": 4, "user": 13, "d": 8, "strategy": "random", "final_regret": 2.572935104370117, "queries_to_threshold": 11, "reached_threshold": false}
{"seed": 4, "user": 13, "d": 8, "strategy": "bald", "final_regret": 1.0318822860717773, "queries_to_threshold": 11, "reached_threshold": false}
{"seed": 4, "user": 13, "d": 8, "strategy": "voi", "final_regret": 1.6672544479370117, "queries_to_threshold": 11, "reached_threshold": false}
{"seed": 4, "user": 13, "d": 8, "strategy": "oracle", "final_regret": 0.4141521453857422, "queries_to_threshold": 2, "reached_threshold": true}
{"seed": 4, "user": 14, "d": 8, "strategy": "random", "final_regret": 10.84200382232666, "queries_to_threshold": 11, "reached_threshold": false}
{"seed": 4, "user": 14, "d": 8, "strategy": "bald", "final_regret": 15.55576229095459, "queries_to_threshold": 11, "reached_threshold": false}
{"seed": 4, "user": 14, "d": 8, "strategy": "voi", "final_regret": 10.800814628601074, "queries_to_threshold": 11, "reached_threshold": false}
{"seed": 4, "user": 14, "d": 8, "strategy": "oracle", "final_regret": 4.066520690917969, "queries_to_threshold": 11, "reached_threshold": false}
{"seed": 5, "user": 0, "d": 8, "strategy": "random", "final_regret": 6.0662126541137695, "queries_to_threshold": 11, "reached_threshold": false}
{"seed": 5, "user": 0, "d": 8, "strategy": "bald", "final_regret": 5.308864593505859, "queries_to_threshold": 11, "reached_threshold": false}
{"seed": 5, "user": 0, "d": 8, "strategy": "voi", "final_regret": 1.6009654998779297, "queries_to_threshold": 2, "reached_threshold": true}
{"seed": 5, "user": 0, "d": 8, "strategy": "oracle", "final_regret": 0.22995758056640625, "queries_to_threshold": 2, "reached_threshold": true}
{"seed": 5, "user": 1, "d": 8, "strategy": "random", "final_regret": 2.710561752319336, "queries_to_threshold": 1, "reached_threshold": true}
{"seed": 5, "user": 1, "d": 8, "strategy": "bald", "final_regret": 3.170076370239258, "queries_to_threshold": 11, "reached_threshold": false}
{"seed": 5, "user": 1, "d": 8, "strategy": "voi", "final_regret": 0.2630443572998047, "queries_to_threshold": 2, "reached_threshold": true}
{"seed": 5, "user": 1, "d": 8, "strategy": "oracle", "final_regret": 0.6350164413452148, "queries_to_threshold": 1, "reached_threshold": true}
{"seed": 5, "user": 2, "d": 8, "strategy": "random", "final_regret": 0.11923599243164062, "queries_to_threshold": 1, "reached_threshold": true}
{"seed": 5, "user": 2, "d": 8, "strategy": "bald", "final_regret": 3.4266929626464844, "queries_to_threshold": 11, "reached_threshold": false}
{"seed": 5, "user": 2, "d": 8, "strategy": "voi", "final_regret": 0.03859519958496094, "queries_to_threshold": 1, "reached_threshold": true}
{"seed": 5, "user": 2, "d": 8, "strategy": "oracle", "final_regret": 0.035076141357421875, "queries_to_threshold": 1, "reached_threshold": true}
{"seed": 5, "user": 3, "d": 8, "strategy": "random", "final_regret": 3.267961025238037, "queries_to_threshold": 11, "reached_threshold": false}
{"seed": 5, "user": 3, "d": 8, "strategy": "bald", "final_regret": 4.685013294219971, "queries_to_threshold": 1, "reached_threshold": true}
{"seed": 5, "user": 3, "d": 8, "strategy": "voi", "final_regret": 0.7923746109008789, "queries_to_threshold": 1, "reached_threshold": true}
{"seed": 5, "user": 3, "d": 8, "strategy": "oracle", "final_regret": 0.6016016006469727, "queries_to_threshold": 3, "reached_threshold": true}
{"seed": 5, "user": 4, "d": 8, "strategy": "random", "final_regret": 0.8421745300292969, "queries_to_threshold": 4, "reached_threshold": true}
{"seed": 5, "user": 4, "d": 8, "strategy": "bald", "final_regret": 7.698024749755859, "queries_to_threshold": 11, "reached_threshold": false}
{"seed": 5, "user": 4, "d": 8, "strategy": "voi", "final_regret": 0.2972297668457031, "queries_to_threshold": 9, "reached_threshold": true}
{"seed": 5, "user": 4, "d": 8, "strategy": "oracle", "final_regret": 0.17147254943847656, "queries_to_threshold": 4, "reached_threshold": true}
{"seed": 5, "user": 5, "d": 8, "strategy": "random", "final_regret": 0.41002368927001953, "queries_to_threshold": 1, "reached_threshold": true}
{"seed": 5, "user": 5, "d": 8, "strategy": "bald", "final_regret": 0.5179672241210938, "queries_to_threshold": 4, "reached_threshold": true}
{"seed": 5, "user": 5, "d": 8, "strategy": "voi", "final_regret": 0.21876049041748047, "queries_to_threshold": 1, "reached_threshold": true}
{"seed": 5, "user": 5, "d": 8, "strategy": "oracle", "final_regret": 0.0030527114868164062, "queries_to_threshold": 1, "reached_threshold": true}
{"seed": 5, "user": 6, "d": 8, "strategy": "random", "final_regret": 0.016145706176757812, "queries_to_threshold": 1, "reached_threshold": true}
{"seed": 5, "user": 6, "d": 8, "strategy": "bald", "final_regret": 0.04444122314453125, "queries_to_threshold": 1, "reached_threshold": true}
{"seed": 5, "user": 6, "d": 8, "strategy": "voi", "final_regret": 8.08735179901123, "queries_to_threshold": 1, "reached_threshold": true}
{"seed": 5, "user": 6, "d": 8, "strategy": "oracle", "final_regret": 0.12549591064453125, "queries_to_threshold": 1, "reached_threshold": true}
{"seed": 5, "user": 7, "d": 8, "strategy": "random", "final_regret": 0.10289573669433594, "queries_to_threshold": 1, "reached_threshold": true}
{"seed": 5, "user": 7, "d": 8, "strategy": "bald", "final_regret": 0.11634635925292969, "queries_to_threshold": 1, "reached_threshold": true}
{"seed": 5, "user": 7, "d": 8, "strategy": "voi", "final_regret": 1.061056137084961, "queries_to_threshold": 2, "reached_threshold": true}
{"seed": 5, "user": 7, "d": 8, "strategy": "oracle", "final_regret": 0.019947052001953125, "queries_to_threshold": 1, "reached_threshold": true}
{"seed": 5, "user": 8, "d": 8, "strategy": "random", "final_regret": 0.19850921630859375, "queries_to_threshold": 2, "reached_threshold": true}
{"seed": 5, "user": 8, "d": 8, "strategy": "bald", "final_regret": 0.019622802734375, "queries_to_threshold": 1, "reached_threshold": true}
{"seed": 5, "user": 8, "d": 8, "strategy": "voi", "final_regret": -2.86102294921875e-05, "queries_to_threshold": 1, "reached_threshold": true}
{"seed": 5, "user": 8, "d": 8, "strategy": "oracle", "final_regret": 0.17857742309570312, "queries_to_threshold": 1, "reached_threshold": true}
{"seed": 5, "user": 9, "d": 8, "strategy": "random", "final_regret": 0.11763572692871094, "queries_to_threshold": 3, "reached_threshold": true}
{"seed": 5, "user": 9, "d": 8, "strategy": "bald", "final_regret": 0.1896800994873047, "queries_to_threshold": 1, "reached_threshold": true}
{"seed": 5, "user": 9, "d": 8, "strategy": "voi", "final_regret": 0.13291549682617188, "queries_to_threshold": 1, "reached_threshold": true}
{"seed": 5, "user": 9, "d": 8, "strategy": "oracle", "final_regret": 0.20191574096679688, "queries_to_threshold": 1, "reached_threshold": true}
{"seed": 5, "user": 10, "d": 8, "strategy": "random", "final_regret": 0.21142196655273438, "queries_to_threshold": 3, "reached_threshold": true}
{"seed": 5, "user": 10, "d": 8, "strategy": "bald", "final_regret": 0.3495655059814453, "queries_to_threshold": 1, "reached_threshold": true}
{"seed": 5, "user": 10, "d": 8, "strategy": "voi", "final_regret": 0.6300716400146484, "queries_to_threshold": 1, "reached_threshold": true}
{"seed": 5, "user": 10, "d": 8, "strategy": "oracle", "final_regret": 0.05026817321777344, "queries_to_threshold": 4, "reached_threshold": true}
{"seed": 5, "user": 11, "d": 8, "strategy": "random", "final_regret": 21.767593383789062, "queries_to_threshold": 11, "reached_threshold": false}
{"seed": 5, "user": 11, "d": 8, "strategy": "bald", "final_regret": 11.795592308044434, "queries_to_threshold": 11, "reached_threshold": false}
{"seed": 5, "user": 11, "d": 8, "strategy": "voi", "final_regret": 11.339179992675781, "queries_to_threshold": 11, "reached_threshold": false}
{"seed": 5, "user": 11, "d": 8, "strategy": "oracle", "final_regret": 8.66787052154541, "queries_to_threshold": 11, "reached_threshold": false}
{"seed": 5, "user": 12, "d": 8, "strategy": "random", "final_regret": 4.305534362792969, "queries_to_threshold": 1, "reached_threshold": true}
{"seed": 5, "user": 12, "d": 8, "strategy": "bald", "final_regret": 2.1079177856445312, "queries_to_threshold": 3, "reached_threshold": true}
{"seed": 5, "user": 12, "d": 8, "strategy": "voi", "final_regret": 4.7254791259765625, "queries_to_threshold": 3, "reached_threshold": true}
{"seed": 5, "user": 12, "d": 8, "strategy": "oracle", "final_regret": 0.02182769775390625, "queries_to_threshold": 1, "reached_threshold": true}
{"seed": 5, "user": 13, "d": 8, "strategy": "random", "final_regret": 1.3814210891723633, "queries_to_threshold": 11, "reached_threshold": false}
{"seed": 5, "user": 13, "d": 8, "strategy": "bald", "final_regret": 3.7563953399658203, "queries_to_threshold": 5, "reached_threshold": true}
{"seed": 5, "user": 13, "d": 8, "strategy": "voi", "final_regret": 3.2254199981689453, "queries_to_threshold": 11, "reached_threshold": false}
{"seed": 5, "user": 13, "d": 8, "strategy": "oracle", "final_regret": 0.46021461486816406, "queries_to_threshold": 2, "reached_threshold": true}
{"seed": 5, "user": 14, "d": 8, "strategy": "random", "final_regret": 0.22941160202026367, "queries_to_threshold": 1, "reached_threshold": true}
{"seed": 5, "user": 14, "d": 8, "strategy": "bald", "final_regret": 0.3972806930541992, "queries_to_threshold": 1, "reached_threshold": true}
{"seed": 5, "user": 14, "d": 8, "strategy": "voi", "final_regret": 0.12026643753051758, "queries_to_threshold": 3, "reached_threshold": true}
{"seed": 5, "user": 14, "d": 8, "strategy": "oracle", "final_regret": 0.09961271286010742, "queries_to_threshold": 1, "reached_threshold": true}
{"seed": 6, "user": 0, "d": 8, "strategy": "random", "final_regret": 2.639047622680664, "queries_to_threshold": 11, "reached_threshold": false}
{"seed": 6, "user": 0, "d": 8, "strategy": "bald", "final_regret": 2.5725059509277344, "queries_to_threshold": 11, "reached_threshold": false}
{"seed": 6, "user": 0, "d": 8, "strategy": "voi", "final_regret": 4.4336395263671875, "queries_to_threshold": 11, "reached_threshold": false}
{"seed": 6, "user": 0, "d": 8, "strategy": "oracle", "final_regret": 0.45596885681152344, "queries_to_threshold": 2, "reached_threshold": true}
{"seed": 6, "user": 1, "d": 8, "strategy": "random", "final_regret": 10.024374008178711, "queries_to_threshold": 2, "reached_threshold": true}
{"seed": 6, "user": 1, "d": 8, "strategy": "bald", "final_regret": 0.07299995422363281, "queries_to_threshold": 1, "reached_threshold": true}
{"seed": 6, "user": 1, "d": 8, "strategy": "voi", "final_regret": 9.687652587890625, "queries_to_threshold": 1, "reached_threshold": true}
{"seed": 6, "user": 1, "d": 8, "strategy": "oracle", "final_regret": 0.17565250396728516, "queries_to_threshold": 1, "reached_threshold": true}
{"seed": 6, "user": 2, "d": 8, "strategy": "random", "final_regret": 1.6683292388916016, "queries_to_threshold": 1, "reached_threshold": true}
{"seed": 6, "user": 2, "d": 8, "strategy": "bald", "final_regret": 1.1798686981201172, "queries_to_threshold": 1, "reached_threshold": true}
{"seed": 6, "user": 2, "d": 8, "strategy": "voi", "final_regret": 1.5718088150024414, "queries_to_threshold": 1, "reached_threshold": true}
{"seed": 6, "user": 2, "d": 8, "strategy": "oracle", "final_regret": 0.0074977874755859375, "queries_to_threshold": 1, "reached_threshold": true}
{"seed": 6, "user": 3, "d": 8, "strategy": "random", "final_regret": 5.496225357055664, "queries_to_threshold": 11, "reached_threshold": false}
{"seed": 6, "user": 3, "d": 8, "strategy": "bald", "final_regret": 0.8980302810668945, "queries_to_threshold": 3, "reached_threshold": true}
{"seed": 6, "user": 3, "d": 8, "strategy": "voi", "final_regret": 0.9332513809204102, "queries_to_threshold": 2, "reached_threshold": true}
{"seed": 6, "user": 3, "d": 8, "strategy": "oracle", "final_regret": 0.995086669921875, "queries_to_threshold": 2, "reached_threshold": true}
{"seed": 6, "user": 4, "d": 8, "strategy": "random", "final_regret": 7.32874870300293, "queries_to_threshold": 11, "reached_threshold": false}
{"seed": 6, "user": 4, "d": 8, "strategy": "bald", "final_regret": 3.219175338745117, "queries_to_threshold": 6, "reached_threshold": true}
{"seed": 6, "user": 4, "d": 8, "strategy": "voi", "final_regret": 1.6103515625, "queries_to_threshold": 11, "reached_threshold": false}
{"seed": 6, "user": 4, "d": 8, "strategy": "oracle", "final_regret": 0.025376319885253906, "queries_to_threshold": 6, "reached_threshold": true}
{"seed": 6, "user": 5, "d": 8, "strategy": "random", "final_regret": 6.657735824584961, "queries_to_threshold": 11, "reached_threshold": false}
{"seed": 6, "user": 5, "d": 8, "strategy": "bald", "final_regret": 1.8225584030151367, "queries_to_threshold": 11, "reached_threshold": false}
{"seed": 6, "user": 5, "d": 8, "strategy": "voi", "final_regret": 0.009065628051757812, "queries_to_threshold": 4, "reached_threshold": true}
{"seed": 6, "user": 5, "d": 8, "strategy": "oracle", "final_regret": 0.020017623901367188, "queries_to_threshold": 2, "reached_threshold": true}
{"seed": 6, "user": 6, "d": 8, "strategy": "random", "final_regret": 3.5543324947357178, "queries_to_threshold": 11, "reached_threshold": false}
{"seed": 6, "user": 6, "d": 8, "strategy": "bald", "final_regret": 3.218329668045044, "queries_to_threshold": 11, "reached_threshold": false}
{"seed": 6, "user": 6, "d": 8, "strategy": "voi", "final_regret": 3.681318998336792, "queries_to_threshold": 11, "reached_threshold": false}
{"seed": 6, "user": 6, "d": 8, "strategy": "oracle", "final_regret": 0.4838852882385254, "queries_to_threshold": 5, "reached_threshold": true}
{"seed": 6, "user": 7, "d": 8, "strategy": "random", "final_regret": 0.4881877899169922, "queries_to_threshold": 1, "reached_threshold": true}
{"seed": 6, "user": 7, "d": 8, "strategy": "bald", "final_regret": 7.829958915710449, "queries_to_threshold": 2, "reached_threshold": true}
{"seed": 6, "user": 7, "d": 8, "strategy": "voi", "final_regret": 0.25908851623535156, "queries_to_threshold": 1, "reached_threshold": true}
{"seed": 6, "user": 7, "d": 8, "strategy": "oracle", "final_regret": 0.07880210876464844, "queries_to_threshold": 1, "reached_threshold": true}
{"seed": 6, "user": 8, "d": 8, "strategy": "random", "final_regret": 0.8910713195800781, "queries_to_threshold": 6, "reached_threshold": true}
{"seed": 6, "user": 8, "d": 8, "strategy": "bald", "final_regret": 9.646148681640625, "queries_to_threshold": 11, "reached_threshold": false}
{"seed": 6, "user": 8, "d": 8, "strategy": "voi", "final_regret": 0.7465009689331055, "queries_to_threshold": 1, "reached_threshold": true}
{"seed": 6, "user": 8, "d": 8, "strategy": "oracle", "final_regret": 0.09980201721191406, "queries_to_threshold": 1, "reached_threshold": true}
{"seed": 6, "user": 9, "d": 8, "strategy": "random", "final_regret": 0.2085742950439453, "queries_to_threshold": 1, "reached_threshold": true}
{"seed": 6, "user": 9, "d": 8, "strategy": "bald", "final_regret": 0.7448549270629883, "queries_to_threshold": 9, "reached_threshold": true}
{"seed": 6, "user": 9, "d": 8, "strategy": "voi", "final_regret": 3.6684951782226562, "queries_to_threshold": 1, "reached_threshold": true}
{"seed": 6, "user": 9, "d": 8, "strategy": "oracle", "final_regret": 0.009359359741210938, "queries_to_threshold": 1, "reached_threshold": true}
{"seed": 6, "user": 10, "d": 8, "strategy": "random", "final_regret": 2.262148857116699, "queries_to_threshold": 11, "reached_threshold": false}
{"seed": 6, "user": 10, "d": 8, "strategy": "bald", "final_regret": 2.1964902877807617, "queries_to_threshold": 11, "reached_threshold": false}
{"seed": 6, "user": 10, "d": 8, "strategy": "voi", "final_regret": 2.084421157836914, "queries_to_threshold": 11, "reached_threshold": false}
{"seed": 6, "user": 10, "d": 8, "strategy": "oracle", "final_regret": 2.157674789428711, "queries_to_threshold": 11, "reached_threshold": false}
{"seed": 6, "user": 11, "d": 8, "strategy": "random", "final_regret": 0.22711944580078125, "queries_to_threshold": 1, "reached_threshold": true}
{"seed": 6, "user": 11, "d": 8, "strategy": "bald", "final_regret": 0.09107398986816406, "queries_to_threshold": 1, "reached_threshold": true}
{"seed": 6, "user": 11, "d": 8, "strategy": "voi", "final_regret": 0.324920654296875, "queries_to_threshold": 1, "reached_threshold": true}
{"seed": 6, "user": 11, "d": 8, "strategy": "oracle", "final_regret": 0.0403594970703125, "queries_to_threshold": 1, "reached_threshold": true}
{"seed": 6, "user": 12, "d": 8, "strategy": "random", "final_regret": 1.3563976287841797, "queries_to_threshold": 11, "reached_threshold": false}
{"seed": 6, "user": 12, "d": 8, "strategy": "bald", "final_regret": 1.5201234817504883, "queries_to_threshold": 4, "reached_threshold": true}
{"seed": 6, "user": 12, "d": 8, "strategy": "voi", "final_regret": 0.47283363342285156, "queries_to_threshold": 6, "reached_threshold": true}
{"seed": 6, "user": 12, "d": 8, "strategy": "oracle", "final_regret": 0.04554557800292969, "queries_to_threshold": 4, "reached_threshold": true}
{"seed": 6, "user": 13, "d": 8, "strategy": "random", "final_regret": 0.2758469581604004, "queries_to_threshold": 3, "reached_threshold": true}
{"seed": 6, "user": 13, "d": 8, "strategy": "bald", "final_regret": 0.2358531951904297, "queries_to_threshold": 1, "reached_threshold": true}
{"seed": 6, "user": 13, "d": 8, "strategy": "voi", "final_regret": 0.2685050964355469, "queries_to_threshold": 1, "reached_threshold": true}
{"seed": 6, "user": 13, "d": 8, "strategy": "oracle", "final_regret": 0.09744882583618164, "queries_to_threshold": 1, "reached_threshold": true}
{"seed": 6, "user": 14, "d": 8, "strategy": "random", "final_regret": 2.6076297760009766, "queries_to_threshold": 11, "reached_threshold": false}
{"seed": 6, "user": 14, "d": 8, "strategy": "bald", "final_regret": 0.5153732299804688, "queries_to_threshold": 3, "reached_threshold": true}
{"seed": 6, "user": 14, "d": 8, "strategy": "voi", "final_regret": 0.10286331176757812, "queries_to_threshold": 1, "reached_threshold": true}
{"seed": 6, "user": 14, "d": 8, "strategy": "oracle", "final_regret": 0.06527519226074219, "queries_to_threshold": 1, "reached_threshold": true}
{"seed": 7, "user": 0, "d": 8, "strategy": "random", "final_regret": 4.867737770080566, "queries_to_threshold": 11, "reached_threshold": false}
{"seed": 7, "user": 0, "d": 8, "strategy": "bald", "final_regret": 0.3535594940185547, "queries_to_threshold": 10, "reached_threshold": true}
{"seed": 7, "user": 0, "d": 8, "strategy": "voi", "final_regret": 8.016036033630371, "queries_to_threshold": 11, "reached_threshold": false}
{"seed": 7, "user": 0, "d": 8, "strategy": "oracle", "final_regret": 0.05574226379394531, "queries_to_threshold": 2, "reached_threshold": true}
{"seed": 7, "user": 1, "d": 8, "strategy": "random", "final_regret": 6.092074394226074, "queries_to_threshold": 11, "reached_threshold": false}
{"seed": 7, "user": 1, "d": 8, "strategy": "bald", "final_regret": 0.009906768798828125, "queries_to_threshold": 1, "reached_threshold": true}
{"seed": 7, "user": 1, "d": 8, "strategy": "voi", "final_regret": 0.051056861877441406, "queries_to_threshold": 1, "reached_threshold": true}
{"seed": 7, "user": 1, "d": 8, "strategy": "oracle", "final_regret": 0.005946159362792969, "queries_to_threshold": 1, "reached_threshold": true}
{"seed": 7, "user": 2, "d": 8, "strategy": "random", "final_regret": 1.0563669204711914, "queries_to_threshold": 1, "reached_threshold": true}
{"seed": 7, "user": 2, "d": 8, "strategy": "bald", "final_regret": 1.6908459663391113, "queries_to_threshold": 11, "reached_threshold": false}
{"seed": 7, "user": 2, "d": 8, "strategy": "voi", "final_regret": 3.5134236812591553, "queries_to_threshold": 11, "reached_threshold": false}
{"seed": 7, "user": 2, "d": 8, "strategy": "oracle", "final_regret": 1.121851921081543, "queries_to_threshold": 1, "reached_threshold": true}
{"seed": 7, "user": 3, "d": 8, "strategy": "random", "final_regret": 0.9952468872070312, "queries_to_threshold": 6, "reached_threshold": true}
{"seed": 7, "user": 3, "d": 8, "strategy": "bald", "final_regret": 8.30321979522705, "queries_to_threshold": 6, "reached_threshold": true}
{"seed": 7, "user": 3, "d": 8, "strategy": "voi", "final_regret": 8.185906410217285, "queries_to_threshold": 11, "reached_threshold": false}
{"seed": 7, "user": 3, "d": 8, "strategy": "oracle", "final_regret": 0.20221328735351562, "queries_to_threshold": 2, "reached_threshold": true}
{"seed": 7, "user": 4, "d": 8, "strategy": "random", "final_regret": 7.539007186889648, "queries_to_threshold": 11, "reached_threshold": false}
{"seed": 7, "user": 4, "d": 8, "strategy": "bald", "final_regret": 6.6657209396362305, "queries_to_threshold": 11, "reached_threshold": false}
{"seed": 7, "user": 4, "d": 8, "strategy": "voi", "final_regret": 9.723386764526367, "queries_to_threshold": 11, "reached_threshold": false}
{"seed": 7, "user": 4, "d": 8, "strategy": "oracle", "final_regret": 0.012793540954589844, "queries_to_threshold": 8, "reached_threshold": true}
{"seed": 7, "user": 5, "d": 8, "strategy": "random", "final_regret": 8.075072288513184, "queries_to_threshold": 1, "reached_threshold": true}
{"seed": 7, "user": 5, "d": 8, "strategy": "bald", "final_regret": 4.965625762939453, "queries_to_threshold": 1, "reached_threshold": true}
{"seed": 7, "user": 5, "d": 8, "strategy": "voi", "final_regret": 0.40416908264160156, "queries_to_threshold": 1, "reached_threshold": true}
{"seed": 7, "user": 5, "d": 8, "strategy": "oracle", "final_regret": 0.022850990295410156, "queries_to_threshold": 1, "reached_threshold": true}
{"seed": 7, "user": 6, "d": 8, "strategy": "random", "final_regret": 0.22144412994384766, "queries_to_threshold": 6, "reached_threshold": true}
{"seed": 7, "user": 6, "d": 8, "strategy": "bald", "final_regret": 0.16044902801513672, "queries_to_threshold": 1, "reached_threshold": true}
{"seed": 7, "user": 6, "d": 8, "strategy": "voi", "final_regret": 1.3381013870239258, "queries_to_threshold": 1, "reached_threshold": true}
{"seed": 7, "user": 6, "d": 8, "strategy": "oracle", "final_regret": 0.09226131439208984, "queries_to_threshold": 1, "reached_threshold": true}
{"seed": 7, "user": 7, "d": 8, "strategy": "random", "final_regret": 5.733687400817871, "queries_to_threshold": 11, "reached_threshold": false}
{"seed": 7, "user": 7, "d": 8, "strategy": "bald", "final_regret": 4.895596027374268, "queries_to_threshold": 11, "reached_threshold": false}
{"seed": 7, "user": 7, "d": 8, "strategy": "voi", "final_regret": 4.662286281585693, "queries_to_threshold": 11, "reached_threshold": false}
{"seed": 7, "user": 7, "d": 8, "strategy": "oracle", "final_regret": 0.38107872009277344, "queries_to_threshold": 5, "reached_threshold": true}
{"seed": 7, "user": 8, "d": 8, "strategy": "random", "final_regret": 3.1633262634277344, "queries_to_threshold": 11, "reached_threshold": false}
{"seed": 7, "user": 8, "d": 8, "strategy": "bald", "final_regret": 0.30985069274902344, "queries_to_threshold": 3, "reached_threshold": true}
{"seed": 7, "user": 8, "d": 8, "strategy": "voi", "final_regret": 1.5104856491088867, "queries_to_threshold": 3, "reached_threshold": true}
{"seed": 7, "user": 8, "d": 8, "strategy": "oracle", "final_regret": 0.06861209869384766, "queries_to_threshold": 1, "reached_threshold": true}
{"seed": 7, "user": 9, "d": 8, "strategy": "random", "final_regret": 4.802400588989258, "queries_to_threshold": 11, "reached_threshold": false}
{"seed": 7, "user": 9, "d": 8, "strategy": "bald", "final_regret": 3.118764877319336, "queries_to_threshold": 11, "reached_threshold": false}
{"seed": 7, "user": 9, "d": 8, "strategy": "voi", "final_regret": 0.165771484375, "queries_to_threshold": 8, "reached_threshold": true}
{"seed": 7, "user": 9, "d": 8, "strategy": "oracle", "final_regret": 0.1024017333984375, "queries_to_threshold": 3, "reached_threshold": true}
{"seed": 7, "user": 10, "d": 8, "strategy": "random", "final_regret": 0.10102558135986328, "queries_to_threshold": 4, "reached_threshold": true}
{"seed": 7, "user": 10, "d": 8, "strategy": "bald", "final_regret": 0.036357879638671875, "queries_to_threshold": 1, "reached_threshold": true}
{"seed": 7, "user": 10, "d": 8, "strategy": "voi", "final_regret": 1.124755859375, "queries_to_threshold": 1, "reached_threshold": true}
{"seed": 7, "user": 10, "d": 8, "strategy": "oracle", "final_regret": 0.006575584411621094, "queries_to_threshold": 1, "reached_threshold": true}
{"seed": 7, "user": 11, "d": 8, "strategy": "random", "final_regret": 4.859694480895996, "queries_to_threshold": 11, "reached_threshold": false}
{"seed": 7, "user": 11, "d": 8, "strategy": "bald", "final_regret": 4.8114118576049805, "queries_to_threshold": 11, "reached_threshold": false}
{"seed": 7, "user": 11, "d": 8, "strategy": "voi", "final_regret": 4.784358024597168, "queries_to_threshold": 11, "reached_threshold": false}
{"seed": 7, "user": 11, "d": 8, "strategy": "oracle", "final_regret": 1.2728900909423828, "queries_to_threshold": 11, "reached_threshold": false}
{"seed": 7, "user": 12, "d": 8, "strategy": "random", "final_regret": 11.347213745117188, "queries_to_threshold": 4, "reached_threshold": true}
{"seed": 7, "user": 12, "d": 8, "strategy": "bald", "final_regret": 0.40078163146972656, "queries_to_threshold": 1, "reached_threshold": true}
{"seed": 7, "user": 12, "d": 8, "strategy": "voi", "final_regret": 0.40078163146972656, "queries_to_threshold": 1, "reached_threshold": true}
{"seed": 7, "user": 12, "d": 8, "strategy": "oracle", "final_regret": 0.019481658935546875, "queries_to_threshold": 1, "reached_threshold": true}
{"seed": 7, "user": 13, "d": 8, "strategy": "random", "final_regret": 0.06702709197998047, "queries_to_threshold": 5, "reached_threshold": true}
{"seed": 7, "user": 13, "d": 8, "strategy": "bald", "final_regret": 0.03999614715576172, "queries_to_threshold": 1, "reached_threshold": true}
{"seed": 7, "user": 13, "d": 8, "strategy": "voi", "final_regret": 0.07812690734863281, "queries_to_threshold": 1, "reached_threshold": true}
{"seed": 7, "user": 13, "d": 8, "strategy": "oracle", "final_regret": 0.03999614715576172, "queries_to_threshold": 1, "reached_threshold": true}
{"seed": 7, "user": 14, "d": 8, "strategy": "random", "final_regret": 0.190948486328125, "queries_to_threshold": 4, "reached_threshold": true}
{"seed": 7, "user": 14, "d": 8, "strategy": "bald", "final_regret": 0.1395854949951172, "queries_to_threshold": 1, "reached_threshold": true}
{"seed": 7, "user": 14, "d": 8, "strategy": "voi", "final_regret": 1.5188064575195312, "queries_to_threshold": 1, "reached_threshold": true}
{"seed": 7, "user": 14, "d": 8, "strategy": "oracle", "final_regret": 0.1469554901123047, "queries_to_threshold": 1, "reached_threshold": true}
{"seed": 8, "user": 0, "d": 8, "strategy": "random", "final_regret": 0.020883560180664062, "queries_to_threshold": 3, "reached_threshold": true}
{"seed": 8, "user": 0, "d": 8, "strategy": "bald", "final_regret": 0.03925895690917969, "queries_to_threshold": 1, "reached_threshold": true}
{"seed": 8, "user": 0, "d": 8, "strategy": "voi", "final_regret": 0.03442192077636719, "queries_to_threshold": 1, "reached_threshold": true}
{"seed": 8, "user": 0, "d": 8, "strategy": "oracle", "final_regret": 0.05739593505859375, "queries_to_threshold": 1, "reached_threshold": true}
{"seed": 8, "user": 1, "d": 8, "strategy": "random", "final_regret": 0.13518714904785156, "queries_to_threshold": 1, "reached_threshold": true}
{"seed": 8, "user": 1, "d": 8, "strategy": "bald", "final_regret": 6.214311599731445, "queries_to_threshold": 1, "reached_threshold": true}
{"seed": 8, "user": 1, "d": 8, "strategy": "voi", "final_regret": 0.8715181350708008, "queries_to_threshold": 1, "reached_threshold": true}
{"seed": 8, "user": 1, "d": 8, "strategy": "oracle", "final_regret": 0.13518714904785156, "queries_to_threshold": 1, "reached_threshold": true}
{"seed": 8, "user": 2, "d": 8, "strategy": "random", "final_regret": 2.399020195007324, "queries_to_threshold": 11, "reached_threshold": false}
{"seed": 8, "user": 2, "d": 8, "strategy": "bald", "final_regret": 0.03390026092529297, "queries_to_threshold": 2, "reached_threshold": true}
{"seed": 8, "user": 2, "d": 8, "strategy": "voi", "final_regret": 2.445646286010742, "queries_to_threshold": 11, "reached_threshold": false}
{"seed": 8, "user": 2, "d": 8, "strategy": "oracle", "final_regret": 0.029390335083007812, "queries_to_threshold": 2, "reached_threshold": true}
{"seed": 8, "user": 3, "d": 8, "strategy": "random", "final_regret": 0.00899505615234375, "queries_to_threshold": 1, "reached_threshold": true}
{"seed": 8, "user": 3, "d": 8, "strategy": "bald", "final_regret": 8.264240264892578, "queries_to_threshold": 1, "reached_threshold": true}
{"seed": 8, "user": 3, "d": 8, "strategy": "voi", "final_regret": 6.53333854675293, "queries_to_threshold": 11, "reached_threshold": false}
{"seed": 8, "user": 3, "d": 8, "strategy": "oracle", "final_regret": 0.017284393310546875, "queries_to_threshold": 1, "reached_threshold": true}
{"seed": 8, "user": 4, "d": 8, "strategy": "random", "final_regret": 7.461795330047607, "queries_to_threshold": 11, "reached_threshold": false}
{"seed": 8, "user": 4, "d": 8, "strategy": "bald", "final_regret": 3.700221061706543, "queries_to_threshold": 11, "reached_threshold": false}
{"seed": 8, "user": 4, "d": 8, "strategy": "voi", "final_regret": 7.384433269500732, "queries_to_threshold": 11, "reached_threshold": false}
{"seed": 8, "user": 4, "d": 8, "strategy": "oracle", "final_regret": 3.3529624938964844, "queries_to_threshold": 11, "reached_threshold": false}
{"seed": 8, "user": 5, "d": 8, "strategy": "random", "final_regret": 6.75250244140625, "queries_to_threshold": 1, "reached_threshold": true}
{"seed": 8, "user": 5, "d": 8, "strategy": "bald", "final_regret": 0.24742889404296875, "queries_to_threshold": 1, "reached_threshold": true}
{"seed": 8, "user": 5, "d": 8, "strategy": "voi", "final_regret": 0.2322406768798828, "queries_to_threshold": 4, "reached_threshold": true}
{"seed": 8, "user": 5, "d": 8, "strategy": "oracle", "final_regret": 11.371150016784668, "queries_to_threshold": 1, "reached_threshold": true}
{"seed": 8, "user": 6, "d": 8, "strategy": "random", "final_regret": 0.0380401611328125, "queries_to_threshold": 5, "reached_threshold": true}
{"seed": 8, "user": 6, "d": 8, "strategy": "bald", "final_regret": 0.04461479187011719, "queries_to_threshold": 1, "reached_threshold": true}
{"seed": 8, "user": 6, "d": 8, "strategy": "voi", "final_regret": 0.11258697509765625, "queries_to_threshold": 1, "reached_threshold": true}
{"seed": 8, "user": 6, "d": 8, "strategy": "oracle", "final_regret": 0.11070632934570312, "queries_to_threshold": 1, "reached_threshold": true}
{"seed": 8, "user": 7, "d": 8, "strategy": "random", "final_regret": 3.0238847732543945, "queries_to_threshold": 11, "reached_threshold": false}
{"seed": 8, "user": 7, "d": 8, "strategy": "bald", "final_regret": 3.0096702575683594, "queries_to_threshold": 11, "reached_threshold": false}
{"seed": 8, "user": 7, "d": 8, "strategy": "voi", "final_regret": 5.417394638061523, "queries_to_threshold": 11, "reached_threshold": false}
{"seed": 8, "user": 7, "d": 8, "strategy": "oracle", "final_regret": 2.7045278549194336, "queries_to_threshold": 11, "reached_threshold": false}
{"seed": 8, "user": 8, "d": 8, "strategy": "random", "final_regret": 8.214881896972656, "queries_to_threshold": 4, "reached_threshold": true}
{"seed": 8, "user": 8, "d": 8, "strategy": "bald", "final_regret": 1.7021665573120117, "queries_to_threshold": 2, "reached_threshold": true}
{"seed": 8, "user": 8, "d": 8, "strategy": "voi", "final_regret": 0.504913330078125, "queries_to_threshold": 2, "reached_threshold": true}
{"seed": 8, "user": 8, "d": 8, "strategy": "oracle", "final_regret": 0.5224761962890625, "queries_to_threshold": 2, "reached_threshold": true}
{"seed": 8, "user": 9, "d": 8, "strategy": "random", "final_regret": 0.013978958129882812, "queries_to_threshold": 1, "reached_threshold": true}
{"seed": 8, "user": 9, "d": 8, "strategy": "bald", "final_regret": 0.29408836364746094, "queries_to_threshold": 2, "reached_threshold": true}
{"seed": 8, "user": 9, "d": 8, "strategy": "voi", "final_regret": 0.1897106170654297, "queries_to_threshold": 2, "reached_threshold": true}
{"seed": 8, "user": 9, "d": 8, "strategy": "oracle", "final_regret": -1.9073486328125e-06, "queries_to_threshold": 1, "reached_threshold": true}
{"seed": 8, "user": 10, "d": 8, "strategy": "random", "final_regret": 0.8267459869384766, "queries_to_threshold": 1, "reached_threshold": true}
{"seed": 8, "user": 10, "d": 8, "strategy": "bald", "final_regret": 0.10759639739990234, "queries_to_threshold": 1, "reached_threshold": true}
{"seed": 8, "user": 10, "d": 8, "strategy": "voi", "final_regret": 0.04555511474609375, "queries_to_threshold": 1, "reached_threshold": true}
{"seed": 8, "user": 10, "d": 8, "strategy": "oracle", "final_regret": 0.04913616180419922, "queries_to_threshold": 1, "reached_threshold": true}
{"seed": 8, "user": 11, "d": 8, "strategy": "random", "final_regret": 0.02756023406982422, "queries_to_threshold": 1, "reached_threshold": true}
{"seed": 8, "user": 11, "d": 8, "strategy": "bald", "final_regret": 3.4491729736328125, "queries_to_threshold": 1, "reached_threshold": true}
{"seed": 8, "user": 11, "d": 8, "strategy": "voi", "final_regret": 1.7116622924804688, "queries_to_threshold": 1, "reached_threshold": true}
{"seed": 8, "user": 11, "d": 8, "strategy": "oracle", "final_regret": 0.02776813507080078, "queries_to_threshold": 1, "reached_threshold": true}
{"seed": 8, "user": 12, "d": 8, "strategy": "random", "final_regret": 0.3892793655395508, "queries_to_threshold": 1, "reached_threshold": true}
{"seed": 8, "user": 12, "d": 8, "strategy": "bald", "final_regret": 10.179511070251465, "queries_to_threshold": 11, "reached_threshold": false}
{"seed": 8, "user": 12, "d": 8, "strategy": "voi", "final_regret": 0.35606861114501953, "queries_to_threshold": 5, "reached_threshold": true}
{"seed": 8, "user": 12, "d": 8, "strategy": "oracle", "final_regret": 0.3289680480957031, "queries_to_threshold": 1, "reached_threshold": true}
{"seed": 8, "user": 13, "d": 8, "strategy": "random", "final_regret": 4.356252670288086, "queries_to_threshold": 11, "reached_threshold": false}
{"seed": 8, "user": 13, "d": 8, "strategy": "bald", "final_regret": 3.684695243835449, "queries_to_threshold": 11, "reached_threshold": false}
{"seed": 8, "user": 13, "d": 8, "strategy": "voi", "final_regret": 8.419026374816895, "queries_to_threshold": 11, "reached_threshold": false}
{"seed": 8, "user": 13, "d": 8, "strategy": "oracle", "final_regret": 2.0524444580078125, "queries_to_threshold": 11, "reached_threshold": false}
{"seed": 8, "user": 14, "d": 8, "strategy": "random", "final_regret": 2.6494388580322266, "queries_to_threshold": 8, "reached_threshold": true}
{"seed": 8, "user": 14, "d": 8, "strategy": "bald", "final_regret": 1.0705289840698242, "queries_to_threshold": 5, "reached_threshold": true}
{"seed": 8, "user": 14, "d": 8, "strategy": "voi", "final_regret": 1.544203758239746, "queries_to_threshold": 11, "reached_threshold": false}
{"seed": 8, "user": 14, "d": 8, "strategy": "oracle", "final_regret": 1.5285730361938477, "queries_to_threshold": 11, "reached_threshold": false}
{"seed": 9, "user": 0, "d": 8, "strategy": "random", "final_regret": 0.5799674987792969, "queries_to_threshold": 4, "reached_threshold": true}
{"seed": 9, "user": 0, "d": 8, "strategy": "bald", "final_regret": 2.5638084411621094, "queries_to_threshold": 11, "reached_threshold": false}
{"seed": 9, "user": 0, "d": 8, "strategy": "voi", "final_regret": 6.894745826721191, "queries_to_threshold": 1, "reached_threshold": true}
{"seed": 9, "user": 0, "d": 8, "strategy": "oracle", "final_regret": 0.5549106597900391, "queries_to_threshold": 2, "reached_threshold": true}
{"seed": 9, "user": 1, "d": 8, "strategy": "random", "final_regret": 1.3132133483886719, "queries_to_threshold": 9, "reached_threshold": true}
{"seed": 9, "user": 1, "d": 8, "strategy": "bald", "final_regret": 1.8476595878601074, "queries_to_threshold": 11, "reached_threshold": false}
{"seed": 9, "user": 1, "d": 8, "strategy": "voi", "final_regret": 1.8723111152648926, "queries_to_threshold": 11, "reached_threshold": false}
{"seed": 9, "user": 1, "d": 8, "strategy": "oracle", "final_regret": 0.08026123046875, "queries_to_threshold": 2, "reached_threshold": true}
{"seed": 9, "user": 2, "d": 8, "strategy": "random", "final_regret": 1.0374951362609863, "queries_to_threshold": 11, "reached_threshold": false}
{"seed": 9, "user": 2, "d": 8, "strategy": "bald", "final_regret": 0.9854617118835449, "queries_to_threshold": 8, "reached_threshold": true}
{"seed": 9, "user": 2, "d": 8, "strategy": "voi", "final_regret": 1.0048775672912598, "queries_to_threshold": 9, "reached_threshold": true}
{"seed": 9, "user": 2, "d": 8, "strategy": "oracle", "final_regret": 1.0216751098632812, "queries_to_threshold": 11, "reached_threshold": false}
{"seed": 9, "user": 3, "d": 8, "strategy": "random", "final_regret": 0.24164199829101562, "queries_to_threshold": 1, "reached_threshold": true}
{"seed": 9, "user": 3, "d": 8, "strategy": "bald", "final_regret": 0.7562103271484375, "queries_to_threshold": 1, "reached_threshold": true}
{"seed": 9, "user": 3, "d": 8, "strategy": "voi", "final_regret": 2.648137092590332, "queries_to_threshold": 1, "reached_threshold": true}
{"seed": 9, "user": 3, "d": 8, "strategy": "oracle", "final_regret": 0.01798248291015625, "queries_to_threshold": 1, "reached_threshold": true}
{"seed": 9, "user": 4, "d": 8, "strategy": "random", "final_regret": 5.946197509765625, "queries_to_threshold": 11, "reached_threshold": false}
{"seed": 9, "user": 4, "d": 8, "strategy": "bald", "final_regret": 1.5288753509521484, "queries_to_threshold": 11, "reached_threshold": false}
{"seed": 9, "user": 4, "d": 8, "strategy": "voi", "final_regret": 3.3318309783935547, "queries_to_threshold": 11, "reached_threshold": false}
{"seed": 9, "user": 4, "d": 8, "strategy": "oracle", "final_regret": 2.4084463119506836, "queries_to_threshold": 11, "reached_threshold": false}
{"seed": 9, "user": 5, "d": 8, "strategy": "random", "final_regret": 3.703767776489258, "queries_to_threshold": 1, "reached_threshold": true}
{"seed": 9, "user": 5, "d": 8, "strategy": "bald", "final_regret": 0.5631523132324219, "queries_to_threshold": 1, "reached_threshold": true}
{"seed": 9, "user": 5, "d": 8, "strategy": "voi", "final_regret": 0.5698928833007812, "queries_to_threshold": 1, "reached_threshold": true}
{"seed": 9, "user": 5, "d": 8, "strategy": "oracle", "final_regret": 0.22002506256103516, "queries_to_threshold": 1, "reached_threshold": true}
{"seed": 9, "user": 6, "d": 8, "strategy": "random", "final_regret": 5.182458877563477, "queries_to_threshold": 11, "reached_threshold": false}
{"seed": 9, "user": 6, "d": 8, "strategy": "bald", "final_regret": 0.11832618713378906, "queries_to_threshold": 10, "reached_threshold": true}
{"seed": 9, "user": 6, "d": 8, "strategy": "voi", "final_regret": 5.161786079406738, "queries_to_threshold": 1, "reached_threshold": true}
{"seed": 9, "user": 6, "d": 8, "strategy": "oracle", "final_regret": 0.20978450775146484, "queries_to_threshold": 1, "reached_threshold": true}
{"seed": 9, "user": 7, "d": 8, "strategy": "random", "final_regret": 2.180551528930664, "queries_to_threshold": 1, "reached_threshold": true}
{"seed": 9, "user": 7, "d": 8, "strategy": "bald", "final_regret": 1.2273540496826172, "queries_to_threshold": 1, "reached_threshold": true}
{"seed": 9, "user": 7, "d": 8, "strategy": "voi", "final_regret": 0.5204391479492188, "queries_to_threshold": 2, "reached_threshold": true}
{"seed": 9, "user": 7, "d": 8, "strategy": "oracle", "final_regret": 0.14139556884765625, "queries_to_threshold": 1, "reached_threshold": true}
{"seed": 9, "user": 8, "d": 8, "strategy": "random", "final_regret": 7.196663856506348, "queries_to_threshold": 11, "reached_threshold": false}
{"seed": 9, "user": 8, "d": 8, "strategy": "bald", "final_regret": 2.426270008087158, "queries_to_threshold": 2, "reached_threshold": true}
{"seed": 9, "user": 8, "d": 8, "strategy": "voi", "final_regret": 1.6588563919067383, "queries_to_threshold": 1, "reached_threshold": true}
{"seed": 9, "user": 8, "d": 8, "strategy": "oracle", "final_regret": 0.09646415710449219, "queries_to_threshold": 1, "reached_threshold": true}
{"seed": 9, "user": 9, "d": 8, "strategy": "random", "final_regret": 4.650813102722168, "queries_to_threshold": 11, "reached_threshold": false}
{"seed": 9, "user": 9, "d": 8, "strategy": "bald", "final_regret": 7.242129325866699, "queries_to_threshold": 11, "reached_threshold": false}
{"seed": 9, "user": 9, "d": 8, "strategy": "voi", "final_regret": 0.09616470336914062, "queries_to_threshold": 7, "reached_threshold": true}
{"seed": 9, "user": 9, "d": 8, "strategy": "oracle", "final_regret": 0.04542732238769531, "queries_to_threshold": 5, "reached_threshold": true}
{"seed": 9, "user": 10, "d": 8, "strategy": "random", "final_regret": 3.4178466796875, "queries_to_threshold": 11, "reached_threshold": false}
{"seed": 9, "user": 10, "d": 8, "strategy": "bald", "final_regret": 3.444011688232422, "queries_to_threshold": 11, "reached_threshold": false}
{"seed": 9, "user": 10, "d": 8, "strategy": "voi", "final_regret": 3.4256725311279297, "queries_to_threshold": 11, "reached_threshold": false}
{"seed": 9, "user": 10, "d": 8, "strategy": "oracle", "final_regret": 0.13825702667236328, "queries_to_threshold": 9, "reached_threshold": true}
{"seed": 9, "user": 11, "d": 8, "strategy": "random", "final_regret": 2.992964267730713, "queries_to_threshold": 11, "reached_threshold": false}
{"seed": 9, "user": 11, "d": 8, "strategy": "bald", "final_regret": 5.72053337097168, "queries_to_threshold": 11, "reached_threshold": false}
{"seed": 9, "user": 11, "d": 8, "strategy": "voi", "final_regret": 0.07185935974121094, "queries_to_threshold": 4, "reached_threshold": true}
{"seed": 9, "user": 11, "d": 8, "strategy": "oracle", "final_regret": 1.980250358581543, "queries_to_threshold": 4, "reached_threshold": true}
{"seed": 9, "user": 12, "d": 8, "strategy": "random", "final_regret": 0.01892566680908203, "queries_to_threshold": 1, "reached_threshold": true}
{"seed": 9, "user": 12, "d": 8, "strategy": "bald", "final_regret": 0.6706256866455078, "queries_to_threshold": 1, "reached_threshold": true}
{"seed": 9, "user": 12, "d": 8, "strategy": "voi", "final_regret": 0.7090244293212891, "queries_to_threshold": 1, "reached_threshold": true}
{"seed": 9, "user": 12, "d": 8, "strategy": "oracle", "final_regret": 0.01892566680908203, "queries_to_threshold": 1, "reached_threshold": true}
{"seed": 9, "user": 13, "d": 8, "strategy": "random", "final_regret": 10.525884628295898, "queries_to_threshold": 4, "reached_threshold": true}
{"seed": 9, "user": 13, "d": 8, "strategy": "bald", "final_regret": 2.3222999572753906, "queries_to_threshold": 9, "reached_threshold": true}
{"seed": 9, "user": 13, "d": 8, "strategy": "voi", "final_regret": 4.959851264953613, "queries_to_threshold": 11, "reached_threshold": false}
{"seed": 9, "user": 13, "d": 8, "strategy": "oracle", "final_regret": 0.21588897705078125, "queries_to_threshold": 2, "reached_threshold": true}
{"seed": 9, "user": 14, "d": 8, "strategy": "random", "final_regret": 3.1907405853271484, "queries_to_threshold": 1, "reached_threshold": true}
{"seed": 9, "user": 14, "d": 8, "strategy": "bald", "final_regret": 0.2257366180419922, "queries_to_threshold": 1, "reached_threshold": true}
{"seed": 9, "user": 14, "d": 8, "strategy": "voi", "final_regret": 0.24365997314453125, "queries_to_threshold": 1, "reached_threshold": true}
{"seed": 9, "user": 14, "d": 8, "strategy": "oracle", "final_regret": 0.02948760986328125, "queries_to_threshold": 1, "reached_threshold": true}
