{"seed": 0, "user": 0, "d": 8, "strategy": "random", "final_regret": 14.45316219329834, "queries_to_threshold": 11, "reached_threshold": false}
{"seed": 0, "user": 0, "d": 8, "strategy": "bald", "final_regret": 5.3632402420043945, "queries_to_threshold": 11, "reached_threshold": false}
{"seed": 0, "user": 0, "d": 8, "strategy": "voi_mean", "final_regret": 10.609357833862305, "queries_to_threshold": 11, "reached_threshold": false}
{"seed": 0, "user": 0, "d": 8, "strategy": "voi", "final_regret": 5.482390403747559, "queries_to_threshold": 11, "reached_threshold": false}
{"seed": 0, "user": 0, "d": 8, "strategy": "oracle", "final_regret": 1.195281982421875, "queries_to_threshold": 8, "reached_threshold": true}
{"seed": 0, "user": 1, "d": 8, "strategy": "random", "final_regret": 1.9267253875732422, "queries_to_threshold": 6, "reached_threshold": true}
{"seed": 0, "user": 1, "d": 8, "strategy": "bald", "final_regret": 0.16318702697753906, "queries_to_threshold": 1, "reached_threshold": true}
{"seed": 0, "user": 1, "d": 8, "strategy": "voi_mean", "final_regret": 3.998660087585449, "queries_to_threshold": 1, "reached_threshold": true}
{"seed": 0, "user": 1, "d": 8, "strategy": "voi", "final_regret": 1.0076446533203125, "queries_to_threshold": 1, "reached_threshold": true}
{"seed": 0, "user": 1, "d": 8, "strategy": "oracle", "final_regret": 0.0658416748046875, "queries_to_threshold": 1, "reached_threshold": true}
{"seed": 0, "user": 2, "d": 8, "strategy": "random", "final_regret": 2.514937400817871, "queries_to_threshold": 11, "reached_threshold": false}
{"seed": 0, "user": 2, "d": 8, "strategy": "bald", "final_regret": 1.0842571258544922, "queries_to_threshold": 3, "reached_threshold": true}
{"seed": 0, "user": 2, "d": 8, "strategy": "voi_mean", "final_regret": 3.2482242584228516, "queries_to_threshold": 11, "reached_threshold": false}
{"seed": 0, "user": 2, "d": 8, "strategy": "voi", "final_regret": 1.2065858840942383, "queries_to_threshold": 3, "reached_threshold": true}
{"seed": 0, "user": 2, "d": 8, "strategy": "oracle", "final_regret": 3.1939191818237305, "queries_to_threshold": 11, "reached_threshold": false}
{"seed": 0, "user": 3, "d": 8, "strategy": "random", "final_regret": 0.30150890350341797, "queries_to_threshold": 1, "reached_threshold": true}
{"seed": 0, "user": 3, "d": 8, "strategy": "bald", "final_regret": 2.3669424057006836, "queries_to_threshold": 1, "reached_threshold": true}
{"seed": 0, "user": 3, "d": 8, "strategy": "voi_mean", "final_regret": 5.35975456237793, "queries_to_threshold": 1, "reached_threshold": true}
{"seed": 0, "user": 3, "d": 8, "strategy": "voi", "final_regret": 3.3419275283813477, "queries_to_threshold": 1, "reached_threshold": true}
{"seed": 0, "user": 3, "d": 8, "strategy": "oracle", "final_regret": 0.25084781646728516, "queries_to_threshold": 1, "reached_threshold": true}
{"seed": 0, "user": 4, "d": 8, "strategy": "random", "final_regret": 4.96403694152832, "queries_to_threshold": 11, "reached_threshold": false}
{"seed": 0, "user": 4, "d": 8, "strategy": "bald", "final_regret": 5.067876815795898, "queries_to_threshold": 11, "reached_threshold": false}
{"seed": 0, "user": 4, "d": 8, "strategy": "voi_mean", "final_regret": 5.0775146484375, "queries_to_threshold": 11, "reached_threshold": false}
{"seed": 0, "user": 4, "d": 8, "strategy": "voi", "final_regret": 4.825432777404785, "queries_to_threshold": 11, "reached_threshold": false}
{"seed": 0, "user": 4, "d": 8, "strategy": "oracle", "final_regret": 2.6437253952026367, "queries_to_threshold": 11, "reached_threshold": false}
{"seed": 0, "user": 5, "d": 8, "strategy": "random", "final_regret": 16.49911117553711, "queries_to_threshold": 11, "reached_threshold": false}
{"seed": 0, "user": 5, "d": 8, "strategy": "bald", "final_regret": 0.027193069458007812, "queries_to_threshold": 5, "reached_threshold": true}
{"seed": 0, "user": 5, "d": 8, "strategy": "voi_mean", "final_regret": 13.862972259521484, "queries_to_threshold": 11, "reached_threshold": false}
{"seed": 0, "user": 5, "d": 8, "strategy": "voi", "final_regret": 0.07706642150878906, "queries_to_threshold": 5, "reached_threshold": true}
{"seed": 0, "user": 5, "d": 8, "strategy": "oracle", "final_regret": 0.02620697021484375, "queries_to_threshold": 3, "reached_threshold": true}
{"seed": 0, "user": 6, "d": 8, "strategy": "random", "final_regret": 6.93988037109375, "queries_to_threshold": 11, "reached_threshold": false}
{"seed": 0, "user": 6, "d": 8, "strategy": "bald", "final_regret": 0.08679962158203125, "queries_to_threshold": 1, "reached_threshold": true}
{"seed": 0, "user": 6, "d": 8, "strategy": "voi_mean", "final_regret": 0.6647911071777344, "queries_to_threshold": 1, "reached_threshold": true}
{"seed": 0, "user": 6, "d": 8, "strategy": "voi", "final_regret": 1.1733016967773438, "queries_to_threshold": 1, "reached_threshold": true}
{"seed": 0, "user": 6, "d": 8, "strategy": "oracle", "final_regret": 1.0950698852539062, "queries_to_threshold": 1, "reached_threshold": true}
{"seed": 0, "user": 7, "d": 8, "strategy": "random", "final_regret": 3.480398178100586, "queries_to_threshold": 11, "reached_threshold": false}
{"seed": 0, "user": 7, "d": 8, "strategy": "bald", "final_regret": 4.2119598388671875, "queries_to_threshold": 11, "reached_threshold": false}
{"seed": 0, "user": 7, "d": 8, "strategy": "voi_mean", "final_regret": 1.596543312072754, "queries_to_threshold": 11, "reached_threshold": false}
{"seed": 0, "user": 7, "d": 8, "strategy": "voi", "final_regret": 2.3489990234375, "queries_to_threshold": 11, "reached_threshold": false}
{"seed": 0, "user": 7, "d": 8, "strategy": "oracle", "final_regret": 3.5388145446777344, "queries_to_threshold": 11, "reached_threshold": false}
{"seed": 1, "user": 0, "d": 8, "strategy": "random", "final_regret": 0.04022789001464844, "queries_to_threshold": 5, "reached_threshold": true}
{"seed": 1, "user": 0, "d": 8, "strategy": "bald", "final_regret": 0.44485950469970703, "queries_to_threshold": 1, "reached_threshold": true}
{"seed": 1, "user": 0, "d": 8, "strategy": "voi_mean", "final_regret": 0.4757518768310547, "queries_to_threshold": 2, "reached_threshold": true}
{"seed": 1, "user": 0, "d": 8, "strategy": "voi", "final_regret": 0.3739051818847656, "queries_to_threshold": 1, "reached_threshold": true}
{"seed": 1, "user": 0, "d": 8, "strategy": "oracle", "final_regret": 0.38577747344970703, "queries_to_threshold": 1, "reached_threshold": true}
{"seed": 1, "user": 1, "d": 8, "strategy": "random", "final_regret": 10.41667366027832, "queries_to_threshold": 4, "reached_threshold": true}
{"seed": 1, "user": 1, "d": 8, "strategy": "bald", "final_regret": 2.444488525390625, "queries_to_threshold": 1, "reached_threshold": true}
{"seed": 1, "user": 1, "d": 8, "strategy": "voi_mean", "final_regret": 2.3727850914001465, "queries_to_threshold": 2, "reached_threshold": true}
{"seed": 1, "user": 1, "d": 8, "strategy": "voi", "final_regret": 2.444488525390625, "queries_to_threshold": 1, "reached_threshold": true}
{"seed": 1, "user": 1, "d": 8, "strategy": "oracle", "final_regret": 0.644622802734375, "queries_to_threshold": 2, "reached_threshold": true}
{"seed": 1, "user": 2, "d": 8, "strategy": "random", "final_regret": 1.0002555847167969, "queries_to_threshold": 2, "reached_threshold": true}
{"seed": 1, "user": 2, "d": 8, "strategy": "bald", "final_regret": 0.8532514572143555, "queries_to_threshold": 7, "reached_threshold": true}
{"seed": 1, "user": 2, "d": 8, "strategy": "voi_mean", "final_regret": 0.5016002655029297, "queries_to_threshold": 7, "reached_threshold": true}
{"seed": 1, "user": 2, "d": 8, "strategy": "voi", "final_regret": 0.8089208602905273, "queries_to_threshold": 3, "reached_threshold": true}
{"seed": 1, "user": 2, "d": 8, "strategy": "oracle", "final_regret": 0.2585897445678711, "queries_to_threshold": 1, "reached_threshold": true}
{"seed": 1, "user": 3, "d": 8, "strategy": "random", "final_regret": 0.5765056610107422, "queries_to_threshold": 5, "reached_threshold": true}
{"seed": 1, "user": 3, "d": 8, "strategy": "bald", "final_regret": 4.168462753295898, "queries_to_threshold": 9, "reached_threshold": true}
{"seed": 1, "user": 3, "d": 8, "strategy": "voi_mean", "final_regret": 0.4632549285888672, "queries_to_threshold": 3, "reached_threshold": true}
{"seed": 1, "user": 3, "d": 8, "strategy": "voi", "final_regret": 6.362707138061523, "queries_to_threshold": 11, "reached_threshold": false}
{"seed": 1, "user": 3, "d": 8, "strategy": "oracle", "final_regret": 0.45052146911621094, "queries_to_threshold": 2, "reached_threshold": true}
{"seed": 1, "user": 4, "d": 8, "strategy": "random", "final_regret": 5.844371795654297, "queries_to_threshold": 11, "reached_threshold": false}
{"seed": 1, "user": 4, "d": 8, "strategy": "bald", "final_regret": 3.3685340881347656, "queries_to_threshold": 11, "reached_threshold": false}
{"seed": 1, "user": 4, "d": 8, "strategy": "voi_mean", "final_regret": 3.4061832427978516, "queries_to_threshold": 11, "reached_threshold": false}
{"seed": 1, "user": 4, "d": 8, "strategy": "voi", "final_regret": 3.3777217864990234, "queries_to_threshold": 11, "reached_threshold": false}
{"seed": 1, "user": 4, "d": 8, "strategy": "oracle", "final_regret": 3.4555187225341797, "queries_to_threshold": 11, "reached_threshold": false}
{"seed": 1, "user": 5, "d": 8, "strategy": "random", "final_regret": 4.532053470611572, "queries_to_threshold": 11, "reached_threshold": false}
{"seed": 1, "user": 5, "d": 8, "strategy": "bald", "final_regret": 0.057045936584472656, "queries_to_threshold": 1, "reached_threshold": true}
{"seed": 1, "user": 5, "d": 8, "strategy": "voi_mean", "final_regret": 3.642190933227539, "queries_to_threshold": 2, "reached_threshold": true}
{"seed": 1, "user": 5, "d": 8, "strategy": "voi", "final_regret": 0.6964244842529297, "queries_to_threshold": 1, "reached_threshold": true}
{"seed": 1, "user": 5, "d": 8, "strategy": "oracle", "final_regret": 0.38902950286865234, "queries_to_threshold": 1, "reached_threshold": true}
{"seed": 1, "user": 6, "d": 8, "strategy": "random", "final_regret": 5.820918083190918, "queries_to_threshold": 7, "reached_threshold": true}
{"seed": 1, "user": 6, "d": 8, "strategy": "bald", "final_regret": 8.068645477294922, "queries_to_threshold": 11, "reached_threshold": false}
{"seed": 1, "user": 6, "d": 8, "strategy": "voi_mean", "final_regret": 8.868485450744629, "queries_to_threshold": 11, "reached_threshold": false}
{"seed": 1, "user": 6, "d": 8, "strategy": "voi", "final_regret": 9.332090377807617, "queries_to_threshold": 11, "reached_threshold": false}
{"seed": 1, "user": 6, "d": 8, "strategy": "oracle", "final_regret": 0.07564926147460938, "queries_to_threshold": 2, "reached_threshold": true}
{"seed": 1, "user": 7, "d": 8, "strategy": "random", "final_regret": 0.4167041778564453, "queries_to_threshold": 1, "reached_threshold": true}
{"seed": 1, "user": 7, "d": 8, "strategy": "bald", "final_regret": 13.460755348205566, "queries_to_threshold": 11, "reached_threshold": false}
{"seed": 1, "user": 7, "d": 8, "strategy": "voi_mean", "final_regret": 0.46669960021972656, "queries_to_threshold": 1, "reached_threshold": true}
{"seed": 1, "user": 7, "d": 8, "strategy": "voi", "final_regret": 13.7627592086792, "queries_to_threshold": 11, "reached_threshold": false}
{"seed": 1, "user": 7, "d": 8, "strategy": "oracle", "final_regret": 0.5160102844238281, "queries_to_threshold": 1, "reached_threshold": true}
{"seed": 2, "user": 0, "d": 8, "strategy": "random", "final_regret": 0.105224609375, "queries_to_threshold": 1, "reached_threshold": true}
{"seed": 2, "user": 0, "d": 8, "strategy": "bald", "final_regret": 0.029146194458007812, "queries_to_threshold": 3, "reached_threshold": true}
{"seed": 2, "user": 0, "d": 8, "strategy": "voi_mean", "final_regret": 1.3073902130126953, "queries_to_threshold": 1, "reached_threshold": true}
{"seed": 2, "user": 0, "d": 8, "strategy": "voi", "final_regret": 0.331634521484375, "queries_to_threshold": 1, "reached_threshold": true}
{"seed": 2, "user": 0, "d": 8, "strategy": "oracle", "final_regret": 0.11127090454101562, "queries_to_threshold": 1, "reached_threshold": true}
{"seed": 2, "user": 1, "d": 8, "strategy": "random", "final_regret": 1.158761978149414, "queries_to_threshold": 11, "reached_threshold": false}
{"seed": 2, "user": 1, "d": 8, "strategy": "bald", "final_regret": 1.1429195404052734, "queries_to_threshold": 11, "reached_threshold": false}
{"seed": 2, "user": 1, "d": 8, "strategy": "voi_mean", "final_regret": 6.964652061462402, "queries_to_threshold": 11, "reached_threshold": false}
{"seed": 2, "user": 1, "d": 8, "strategy": "voi", "final_regret": 2.1549644470214844, "queries_to_threshold": 4, "reached_threshold": true}
{"seed": 2, "user": 1, "d": 8, "strategy": "oracle", "final_regret": 1.128854751586914, "queries_to_threshold": 11, "reached_threshold": false}
{"seed": 2, "user": 2, "d": 8, "strategy": "random", "final_regret": 3.015366554260254, "queries_to_threshold": 1, "reached_threshold": true}
{"seed": 2, "user": 2, "d": 8, "strategy": "bald", "final_regret": 3.0521135330200195, "queries_to_threshold": 3, "reached_threshold": true}
{"seed": 2, "user": 2, "d": 8, "strategy": "voi_mean", "final_regret": 0.09962940216064453, "queries_to_threshold": 1, "reached_threshold": true}
{"seed": 2, "user": 2, "d": 8, "strategy": "voi", "final_regret": 1.5267934799194336, "queries_to_threshold": 1, "reached_threshold": true}
{"seed": 2, "user": 2, "d": 8, "strategy": "oracle", "final_regret": 0.06462478637695312, "queries_to_threshold": 1, "reached_threshold": true}
{"seed": 2, "user": 3, "d": 8, "strategy": "random", "final_regret": 2.515300750732422, "queries_to_threshold": 11, "reached_threshold": false}
{"seed": 2, "user": 3, "d": 8, "strategy": "bald", "final_regret": 2.4183101654052734, "queries_to_threshold": 11, "reached_threshold": false}
{"seed": 2, "user": 3, "d": 8, "strategy": "voi_mean", "final_regret": 2.44781494140625, "queries_to_threshold": 11, "reached_threshold": false}
{"seed": 2, "user": 3, "d": 8, "strategy": "voi", "final_regret": 2.4553890228271484, "queries_to_threshold": 11, "reached_threshold": false}
{"seed": 2, "user": 3, "d": 8, "strategy": "oracle", "final_regret": 1.4784598350524902, "queries_to_threshold": 11, "reached_threshold": false}
{"seed": 2, "user": 4, "d": 8, "strategy": "random", "final_regret": 1.8582782745361328, "queries_to_threshold": 4, "reached_threshold": true}
{"seed": 2, "user": 4, "d": 8, "strategy": "bald", "final_regret": 1.8716621398925781, "queries_to_threshold": 1, "reached_threshold": true}
{"seed": 2, "user": 4, "d": 8, "strategy": "voi_mean", "final_regret": 1.8808279037475586, "queries_to_threshold": 11, "reached_threshold": false}
{"seed": 2, "user": 4, "d": 8, "strategy": "voi", "final_regret": 1.8564434051513672, "queries_to_threshold": 11, "reached_threshold": false}
{"seed": 2, "user": 4, "d": 8, "strategy": "oracle", "final_regret": 0.30530738830566406, "queries_to_threshold": 1, "reached_threshold": true}
{"seed": 2, "user": 5, "d": 8, "strategy": "random", "final_regret": 4.000510215759277, "queries_to_threshold": 6, "reached_threshold": true}
{"seed": 2, "user": 5, "d": 8, "strategy": "bald", "final_regret": 3.687927007675171, "queries_to_threshold": 5, "reached_threshold": true}
{"seed": 2, "user": 5, "d": 8, "strategy": "voi_mean", "final_regret": 3.7043848037719727, "queries_to_threshold": 11, "reached_threshold": false}
{"seed": 2, "user": 5, "d": 8, "strategy": "voi", "final_regret": 4.416247367858887, "queries_to_threshold": 11, "reached_threshold": false}
{"seed": 2, "user": 5, "d": 8, "strategy": "oracle", "final_regret": 0.06689453125, "queries_to_threshold": 3, "reached_threshold": true}
{"seed": 2, "user": 6, "d": 8, "strategy": "random", "final_regret": 0.3108940124511719, "queries_to_threshold": 1, "reached_threshold": true}
{"seed": 2, "user": 6, "d": 8, "strategy": "bald", "final_regret": 2.14896297454834, "queries_to_threshold": 5, "reached_threshold": true}
{"seed": 2, "user": 6, "d": 8, "strategy": "voi_mean", "final_regret": 0.28107643127441406, "queries_to_threshold": 1, "reached_threshold": true}
{"seed": 2, "user": 6, "d": 8, "strategy": "voi", "final_regret": 0.2926292419433594, "queries_to_threshold": 1, "reached_threshold": true}
{"seed": 2, "user": 6, "d": 8, "strategy": "oracle", "final_regret": 0.2609987258911133, "queries_to_threshold": 1, "reached_threshold": true}
{"seed": 2, "user": 7, "d": 8, "strategy": "random", "final_regret": 0.4774818420410156, "queries_to_threshold": 1, "reached_threshold": true}
{"seed": 2, "user": 7, "d": 8, "strategy": "bald", "final_regret": 0.37425994873046875, "queries_to_threshold": 3, "reached_threshold": true}
{"seed": 2, "user": 7, "d": 8, "strategy": "voi_mean", "final_regret": 2.8603744506835938, "queries_to_threshold": 1, "reached_threshold": true}
{"seed": 2, "user": 7, "d": 8, "strategy": "voi", "final_regret": 0.4564552307128906, "queries_to_threshold": 1, "reached_threshold": true}
{"seed": 2, "user": 7, "d": 8, "strategy": "oracle", "final_regret": 3.8570213317871094, "queries_to_threshold": 1, "reached_threshold": true}
