{"seed": 0, "user": 0, "rho": 0.0, "strategy": "random", "final_regret": 3.0617079734802246}
{"seed": 0, "user": 0, "rho": 0.0, "strategy": "bald", "final_regret": 0.031187057495117188}
{"seed": 0, "user": 0, "rho": 0.0, "strategy": "voi", "final_regret": 0.49379539489746094}
{"seed": 0, "user": 0, "rho": 0.0, "strategy": "oracle", "final_regret": 0.033660888671875}
{"seed": 0, "user": 1, "rho": 0.0, "strategy": "random", "final_regret": 0.039348602294921875}
{"seed": 0, "user": 1, "rho": 0.0, "strategy": "bald", "final_regret": 0.0078125}
{"seed": 0, "user": 1, "rho": 0.0, "strategy": "voi", "final_regret": 0.19141578674316406}
{"seed": 0, "user": 1, "rho": 0.0, "strategy": "oracle", "final_regret": 0.0012836456298828125}
{"seed": 0, "user": 2, "rho": 0.0, "strategy": "random", "final_regret": 2.342132568359375}
{"seed": 0, "user": 2, "rho": 0.0, "strategy": "bald", "final_regret": 2.342132568359375}
{"seed": 0, "user": 2, "rho": 0.0, "strategy": "voi", "final_regret": 1.9447288513183594}
{"seed": 0, "user": 2, "rho": 0.0, "strategy": "oracle", "final_regret": 2.342132568359375}
{"seed": 0, "user": 3, "rho": 0.0, "strategy": "random", "final_regret": 0.35423946380615234}
{"seed": 0, "user": 3, "rho": 0.0, "strategy": "bald", "final_regret": 0.09082508087158203}
{"seed": 0, "user": 3, "rho": 0.0, "strategy": "voi", "final_regret": 0.09418964385986328}
{"seed": 0, "user": 3, "rho": 0.0, "strategy": "oracle", "final_regret": 0.031119346618652344}
{"seed": 0, "user": 4, "rho": 0.0, "strategy": "random", "final_regret": 2.665273666381836}
{"seed": 0, "user": 4, "rho": 0.0, "strategy": "bald", "final_regret": 1.5081405639648438}
{"seed": 0, "user": 4, "rho": 0.0, "strategy": "voi", "final_regret": 4.193353652954102}
{"seed": 0, "user": 4, "rho": 0.0, "strategy": "oracle", "final_regret": 0.2665290832519531}
{"seed": 0, "user": 5, "rho": 0.0, "strategy": "random", "final_regret": 7.726555824279785}
{"seed": 0, "user": 5, "rho": 0.0, "strategy": "bald", "final_regret": 9.5680570602417}
{"seed": 0, "user": 5, "rho": 0.0, "strategy": "voi", "final_regret": 0.1858367919921875}
{"seed": 0, "user": 5, "rho": 0.0, "strategy": "oracle", "final_regret": 2.4124393463134766}
{"seed": 0, "user": 6, "rho": 0.0, "strategy": "random", "final_regret": 7.86749267578125}
{"seed": 0, "user": 6, "rho": 0.0, "strategy": "bald", "final_regret": 0.16627740859985352}
{"seed": 0, "user": 6, "rho": 0.0, "strategy": "voi", "final_regret": 0.16660213470458984}
{"seed": 0, "user": 6, "rho": 0.0, "strategy": "oracle", "final_regret": 0.1734004020690918}
{"seed": 0, "user": 7, "rho": 0.0, "strategy": "random", "final_regret": 6.645435333251953}
{"seed": 0, "user": 7, "rho": 0.0, "strategy": "bald", "final_regret": 3.49967098236084}
{"seed": 0, "user": 7, "rho": 0.0, "strategy": "voi", "final_regret": 5.516391754150391}
{"seed": 0, "user": 7, "rho": 0.0, "strategy": "oracle", "final_regret": 0.11939334869384766}
{"seed": 1, "user": 0, "rho": 0.0, "strategy": "random", "final_regret": 0.13090872764587402}
{"seed": 1, "user": 0, "rho": 0.0, "strategy": "bald", "final_regret": 0.01778721809387207}
{"seed": 1, "user": 0, "rho": 0.0, "strategy": "voi", "final_regret": 0.1277151107788086}
{"seed": 1, "user": 0, "rho": 0.0, "strategy": "oracle", "final_regret": 0.12137222290039062}
{"seed": 1, "user": 1, "rho": 0.0, "strategy": "random", "final_regret": 0.07429075241088867}
{"seed": 1, "user": 1, "rho": 0.0, "strategy": "bald", "final_regret": 0.07429075241088867}
{"seed": 1, "user": 1, "rho": 0.0, "strategy": "voi", "final_regret": 0.07684183120727539}
{"seed": 1, "user": 1, "rho": 0.0, "strategy": "oracle", "final_regret": 0.001667022705078125}
{"seed": 1, "user": 2, "rho": 0.0, "strategy": "random", "final_regret": 3.3919222354888916}
{"seed": 1, "user": 2, "rho": 0.0, "strategy": "bald", "final_regret": 9.574200630187988}
{"seed": 1, "user": 2, "rho": 0.0, "strategy": "voi", "final_regret": 0.048065185546875}
{"seed": 1, "user": 2, "rho": 0.0, "strategy": "oracle", "final_regret": 0.036449432373046875}
{"seed": 1, "user": 3, "rho": 0.0, "strategy": "random", "final_regret": 0.0622406005859375}
{"seed": 1, "user": 3, "rho": 0.0, "strategy": "bald", "final_regret": 0.057410478591918945}
{"seed": 1, "user": 3, "rho": 0.0, "strategy": "voi", "final_regret": 0.057410478591918945}
{"seed": 1, "user": 3, "rho": 0.0, "strategy": "oracle", "final_regret": 0.07003164291381836}
{"seed": 1, "user": 4, "rho": 0.0, "strategy": "random", "final_regret": 0.06344985961914062}
{"seed": 1, "user": 4, "rho": 0.0, "strategy": "bald", "final_regret": 0.2019367218017578}
{"seed": 1, "user": 4, "rho": 0.0, "strategy": "voi", "final_regret": 0.2193126678466797}
{"seed": 1, "user": 4, "rho": 0.0, "strategy": "oracle", "final_regret": 0.22800064086914062}
{"seed": 1, "user": 5, "rho": 0.0, "strategy": "random", "final_regret": 0.0065555572509765625}
{"seed": 1, "user": 5, "rho": 0.0, "strategy": "bald", "final_regret": 3.51589035987854}
{"seed": 1, "user": 5, "rho": 0.0, "strategy": "voi", "final_regret": 3.6679556369781494}
{"seed": 1, "user": 5, "rho": 0.0, "strategy": "oracle", "final_regret": 0.0035552978515625}
{"seed": 1, "user": 6, "rho": 0.0, "strategy": "random", "final_regret": 2.00709867477417}
{"seed": 1, "user": 6, "rho": 0.0, "strategy": "bald", "final_regret": 2.009274959564209}
{"seed": 1, "user": 6, "rho": 0.0, "strategy": "voi", "final_regret": 1.4244532585144043}
{"seed": 1, "user": 6, "rho": 0.0, "strategy": "oracle", "final_regret": 1.9742603302001953}
{"seed": 1, "user": 7, "rho": 0.0, "strategy": "random", "final_regret": 0.6280573606491089}
{"seed": 1, "user": 7, "rho": 0.0, "strategy": "bald", "final_regret": 3.293513298034668}
{"seed": 1, "user": 7, "rho": 0.0, "strategy": "voi", "final_regret": 8.620341300964355}
{"seed": 1, "user": 7, "rho": 0.0, "strategy": "oracle", "final_regret": 1.6585279703140259}
{"seed": 2, "user": 0, "rho": 0.0, "strategy": "random", "final_regret": 3.353022575378418}
{"seed": 2, "user": 0, "rho": 0.0, "strategy": "bald", "final_regret": 1.4816431999206543}
{"seed": 2, "user": 0, "rho": 0.0, "strategy": "voi", "final_regret": 0.5591983795166016}
{"seed": 2, "user": 0, "rho": 0.0, "strategy": "oracle", "final_regret": 0.25005435943603516}
{"seed": 2, "user": 1, "rho": 0.0, "strategy": "random", "final_regret": 5.396871566772461}
{"seed": 2, "user": 1, "rho": 0.0, "strategy": "bald", "final_regret": 5.611232757568359}
{"seed": 2, "user": 1, "rho": 0.0, "strategy": "voi", "final_regret": 5.24107551574707}
{"seed": 2, "user": 1, "rho": 0.0, "strategy": "oracle", "final_regret": 0.14655590057373047}
{"seed": 2, "user": 2, "rho": 0.0, "strategy": "random", "final_regret": 0.6702988743782043}
{"seed": 2, "user": 2, "rho": 0.0, "strategy": "bald", "final_regret": 0.9222665429115295}
{"seed": 2, "user": 2, "rho": 0.0, "strategy": "voi", "final_regret": 0.9222665429115295}
{"seed": 2, "user": 2, "rho": 0.0, "strategy": "oracle", "final_regret": 0.4084710478782654}
{"seed": 2, "user": 3, "rho": 0.0, "strategy": "random", "final_regret": 0.07094001770019531}
{"seed": 2, "user": 3, "rho": 0.0, "strategy": "bald", "final_regret": 0.019473552703857422}
{"seed": 2, "user": 3, "rho": 0.0, "strategy": "voi", "final_regret": 6.103303909301758}
{"seed": 2, "user": 3, "rho": 0.0, "strategy": "oracle", "final_regret": 0.009016036987304688}
{"seed": 2, "user": 4, "rho": 0.0, "strategy": "random", "final_regret": 0.051044464111328125}
{"seed": 2, "user": 4, "rho": 0.0, "strategy": "bald", "final_regret": 0.15676212310791016}
{"seed": 2, "user": 4, "rho": 0.0, "strategy": "voi", "final_regret": 0.3790102005004883}
{"seed": 2, "user": 4, "rho": 0.0, "strategy": "oracle", "final_regret": 1.829035758972168}
{"seed": 2, "user": 5, "rho": 0.0, "strategy": "random", "final_regret": 0.029500961303710938}
{"seed": 2, "user": 5, "rho": 0.0, "strategy": "bald", "final_regret": 0.0407412052154541}
{"seed": 2, "user": 5, "rho": 0.0, "strategy": "voi", "final_regret": 0.014302253723144531}
{"seed": 2, "user": 5, "rho": 0.0, "strategy": "oracle", "final_regret": 0.04078984260559082}
{"seed": 2, "user": 6, "rho": 0.0, "strategy": "random", "final_regret": 8.17059326171875}
{"seed": 2, "user": 6, "rho": 0.0, "strategy": "bald", "final_regret": 2.534461736679077}
{"seed": 2, "user": 6, "rho": 0.0, "strategy": "voi", "final_regret": 2.6485424041748047}
{"seed": 2, "user": 6, "rho": 0.0, "strategy": "oracle", "final_regret": 1.0029230117797852}
{"seed": 2, "user": 7, "rho": 0.0, "strategy": "random", "final_regret": 4.954042911529541}
{"seed": 2, "user": 7, "rho": 0.0, "strategy": "bald", "final_regret": 11.891263961791992}
{"seed": 2, "user": 7, "rho": 0.0, "strategy": "voi", "final_regret": 4.872795104980469}
{"seed": 2, "user": 7, "rho": 0.0, "strategy": "oracle", "final_regret": 4.638771057128906}
{"seed": 0, "user": 0, "rho": 0.25, "strategy": "random", "final_regret": 1.2905454635620117}
{"seed": 0, "user": 0, "rho": 0.25, "strategy": "bald", "final_regret": 1.090291976928711}
{"seed": 0, "user": 0, "rho": 0.25, "strategy": "voi", "final_regret": 1.1972723007202148}
{"seed": 0, "user": 0, "rho": 0.25, "strategy": "oracle", "final_regret": 1.196303367614746}
{"seed": 0, "user": 1, "rho": 0.25, "strategy": "random", "final_regret": 0.002414703369140625}
{"seed": 0, "user": 1, "rho": 0.25, "strategy": "bald", "final_regret": 0.002414703369140625}
{"seed": 0, "user": 1, "rho": 0.25, "strategy": "voi", "final_regret": -9.5367431640625e-06}
{"seed": 0, "user": 1, "rho": 0.25, "strategy": "oracle", "final_regret": 0.002414703369140625}
{"seed": 0, "user": 2, "rho": 0.25, "strategy": "random", "final_regret": 0.1469573974609375}
{"seed": 0, "user": 2, "rho": 0.25, "strategy": "bald", "final_regret": 0.03213691711425781}
{"seed": 0, "user": 2, "rho": 0.25, "strategy": "voi", "final_regret": 0.14094924926757812}
{"seed": 0, "user": 2, "rho": 0.25, "strategy": "oracle", "final_regret": 0.0053005218505859375}
{"seed": 0, "user": 3, "rho": 0.25, "strategy": "random", "final_regret": 3.661166191101074}
{"seed": 0, "user": 3, "rho": 0.25, "strategy": "bald", "final_regret": 0.002166748046875}
{"seed": 0, "user": 3, "rho": 0.25, "strategy": "voi", "final_regret": 2.7359790802001953}
{"seed": 0, "user": 3, "rho": 0.25, "strategy": "oracle", "final_regret": 0.002166748046875}
{"seed": 0, "user": 4, "rho": 0.25, "strategy": "random", "final_regret": 0.0051059722900390625}
{"seed": 0, "user": 4, "rho": 0.25, "strategy": "bald", "final_regret": 0.0051059722900390625}
{"seed": 0, "user": 4, "rho": 0.25, "strategy": "voi", "final_regret": 0.03040313720703125}
{"seed": 0, "user": 4, "rho": 0.25, "strategy": "oracle", "final_regret": 0.023166656494140625}
{"seed": 0, "user": 5, "rho": 0.25, "strategy": "random", "final_regret": 3.666339874267578}
{"seed": 0, "user": 5, "rho": 0.25, "strategy": "bald", "final_regret": 3.493255615234375}
{"seed": 0, "user": 5, "rho": 0.25, "strategy": "voi", "final_regret": 3.642824172973633}
{"seed": 0, "user": 5, "rho": 0.25, "strategy": "oracle", "final_regret": 1.043121337890625}
{"seed": 0, "user": 6, "rho": 0.25, "strategy": "random", "final_regret": 9.043320655822754}
{"seed": 0, "user": 6, "rho": 0.25, "strategy": "bald", "final_regret": 3.3439435958862305}
{"seed": 0, "user": 6, "rho": 0.25, "strategy": "voi", "final_regret": 11.245161056518555}
{"seed": 0, "user": 6, "rho": 0.25, "strategy": "oracle", "final_regret": 0.041179656982421875}
{"seed": 0, "user": 7, "rho": 0.25, "strategy": "random", "final_regret": 8.374914169311523}
{"seed": 0, "user": 7, "rho": 0.25, "strategy": "bald", "final_regret": 4.957089424133301}
{"seed": 0, "user": 7, "rho": 0.25, "strategy": "voi", "final_regret": 10.178874969482422}
{"seed": 0, "user": 7, "rho": 0.25, "strategy": "oracle", "final_regret": 4.254873275756836}
{"seed": 1, "user": 0, "rho": 0.25, "strategy": "random", "final_regret": 0.0}
{"seed": 1, "user": 0, "rho": 0.25, "strategy": "bald", "final_regret": 0.07044243812561035}
{"seed": 1, "user": 0, "rho": 0.25, "strategy": "voi", "final_regret": 0.0}
{"seed": 1, "user": 0, "rho": 0.25, "strategy": "oracle", "final_regret": 0.0}
{"seed": 1, "user": 1, "rho": 0.25, "strategy": "random", "final_regret": 15.764847755432129}
{"seed": 1, "user": 1, "rho": 0.25, "strategy": "bald", "final_regret": 16.699054718017578}
{"seed": 1, "user": 1, "rho": 0.25, "strategy": "voi", "final_regret": 2.481066942214966}
{"seed": 1, "user": 1, "rho": 0.25, "strategy": "oracle", "final_regret": 0.057116031646728516}
{"seed": 1, "user": 2, "rho": 0.25, "strategy": "random", "final_regret": 3.961528778076172}
{"seed": 1, "user": 2, "rho": 0.25, "strategy": "bald", "final_regret": 2.839327335357666}
{"seed": 1, "user": 2, "rho": 0.25, "strategy": "voi", "final_regret": 9.880598068237305}
{"seed": 1, "user": 2, "rho": 0.25, "strategy": "oracle", "final_regret": 0.08196890354156494}
{"seed": 1, "user": 3, "rho": 0.25, "strategy": "random", "final_regret": 0.4541529417037964}
{"seed": 1, "user": 3, "rho": 0.25, "strategy": "bald", "final_regret": 9.279828071594238}
{"seed": 1, "user": 3, "rho": 0.25, "strategy": "voi", "final_regret": 9.24382209777832}
{"seed": 1, "user": 3, "rho": 0.25, "strategy": "oracle", "final_regret": 0.029468536376953125}
{"seed": 1, "user": 4, "rho": 0.25, "strategy": "random", "final_regret": -1.811981201171875e-05}
{"seed": 1, "user": 4, "rho": 0.25, "strategy": "bald", "final_regret": 0.014086723327636719}
{"seed": 1, "user": 4, "rho": 0.25, "strategy": "voi", "final_regret": 0.14098548889160156}
{"seed": 1, "user": 4, "rho": 0.25, "strategy": "oracle", "final_regret": 0.238677978515625}
{"seed": 1, "user": 5, "rho": 0.25, "strategy": "random", "final_regret": 9.118114471435547}
{"seed": 1, "user": 5, "rho": 0.25, "strategy": "bald", "final_regret": 4.879563808441162}
{"seed": 1, "user": 5, "rho": 0.25, "strategy": "voi", "final_regret": 0.9034839868545532}
{"seed": 1, "user": 5, "rho": 0.25, "strategy": "oracle", "final_regret": 0.09063363075256348}
{"seed": 1, "user": 6, "rho": 0.25, "strategy": "random", "final_regret": 2.2482893466949463}
{"seed": 1, "user": 6, "rho": 0.25, "strategy": "bald", "final_regret": 2.2596936225891113}
{"seed": 1, "user": 6, "rho": 0.25, "strategy": "voi", "final_regret": 2.2890164852142334}
{"seed": 1, "user": 6, "rho": 0.25, "strategy": "oracle", "final_regret": 6.098329067230225}
{"seed": 1, "user": 7, "rho": 0.25, "strategy": "random", "final_regret": 1.5803214311599731}
{"seed": 1, "user": 7, "rho": 0.25, "strategy": "bald", "final_regret": 1.779131531715393}
{"seed": 1, "user": 7, "rho": 0.25, "strategy": "voi", "final_regret": 0.05448126792907715}
{"seed": 1, "user": 7, "rho": 0.25, "strategy": "oracle", "final_regret": 0.08388245105743408}
{"seed": 2, "user": 0, "rho": 0.25, "strategy": "random", "final_regret": 0.18371176719665527}
{"seed": 2, "user": 0, "rho": 0.25, "strategy": "bald", "final_regret": 0.16410589218139648}
{"seed": 2, "user": 0, "rho": 0.25, "strategy": "voi", "final_regret": 0.6055755615234375}
{"seed": 2, "user": 0, "rho": 0.25, "strategy": "oracle", "final_regret": 0.15604305267333984}
{"seed": 2, "user": 1, "rho": 0.25, "strategy": "random", "final_regret": 2.755878448486328}
{"seed": 2, "user": 1, "rho": 0.25, "strategy": "bald", "final_regret": 9.990142822265625}
{"seed": 2, "user": 1, "rho": 0.25, "strategy": "voi", "final_regret": 1.207056999206543}
{"seed": 2, "user": 1, "rho": 0.25, "strategy": "oracle", "final_regret": 1.0277881622314453}
{"seed": 2, "user": 2, "rho": 0.25, "strategy": "random", "final_regret": 1.0366824865341187}
{"seed": 2, "user": 2, "rho": 0.25, "strategy": "bald", "final_regret": 1.1919907331466675}
{"seed": 2, "user": 2, "rho": 0.25, "strategy": "voi", "final_regret": 1.0950074195861816}
{"seed": 2, "user": 2, "rho": 0.25, "strategy": "oracle", "final_regret": 1.2966163158416748}
{"seed": 2, "user": 3, "rho": 0.25, "strategy": "random", "final_regret": 0.38940131664276123}
{"seed": 2, "user": 3, "rho": 0.25, "strategy": "bald", "final_regret": 0.4970705509185791}
{"seed": 2, "user": 3, "rho": 0.25, "strategy": "voi", "final_regret": 0.9956800937652588}
{"seed": 2, "user": 3, "rho": 0.25, "strategy": "oracle", "final_regret": 0.10320675373077393}
{"seed": 2, "user": 4, "rho": 0.25, "strategy": "random", "final_regret": 3.5991263389587402}
{"seed": 2, "user": 4, "rho": 0.25, "strategy": "bald", "final_regret": 5.03074836730957}
{"seed": 2, "user": 4, "rho": 0.25, "strategy": "voi", "final_regret": 7.424424171447754}
{"seed": 2, "user": 4, "rho": 0.25, "strategy": "oracle", "final_regret": 4.583715915679932}
{"seed": 2, "user": 5, "rho": 0.25, "strategy": "random", "final_regret": 3.549624443054199}
{"seed": 2, "user": 5, "rho": 0.25, "strategy": "bald", "final_regret": 0.28606462478637695}
{"seed": 2, "user": 5, "rho": 0.25, "strategy": "voi", "final_regret": 2.492708206176758}
{"seed": 2, "user": 5, "rho": 0.25, "strategy": "oracle", "final_regret": 0.008686304092407227}
{"seed": 2, "user": 6, "rho": 0.25, "strategy": "random", "final_regret": 4.37711763381958}
{"seed": 2, "user": 6, "rho": 0.25, "strategy": "bald", "final_regret": 0.7688937187194824}
{"seed": 2, "user": 6, "rho": 0.25, "strategy": "voi", "final_regret": 0.5185637474060059}
{"seed": 2, "user": 6, "rho": 0.25, "strategy": "oracle", "final_regret": 0.0464787483215332}
{"seed": 2, "user": 7, "rho": 0.25, "strategy": "random", "final_regret": 4.394237995147705}
{"seed": 2, "user": 7, "rho": 0.25, "strategy": "bald", "final_regret": 4.406163215637207}
{"seed": 2, "user": 7, "rho": 0.25, "strategy": "voi", "final_regret": 1.4513468742370605}
{"seed": 2, "user": 7, "rho": 0.25, "strategy": "oracle", "final_regret": 0.2893955707550049}
{"seed": 0, "user": 0, "rho": 0.5, "strategy": "random", "final_regret": 1.3386592864990234}
{"seed": 0, "user": 0, "rho": 0.5, "strategy": "bald", "final_regret": 1.3220300674438477}
{"seed": 0, "user": 0, "rho": 0.5, "strategy": "voi", "final_regret": 1.3220300674438477}
{"seed": 0, "user": 0, "rho": 0.5, "strategy": "oracle", "final_regret": 0.0013723373413085938}
{"seed": 0, "user": 1, "rho": 0.5, "strategy": "random", "final_regret": 0.019995689392089844}
{"seed": 0, "user": 1, "rho": 0.5, "strategy": "bald", "final_regret": 0.03402137756347656}
{"seed": 0, "user": 1, "rho": 0.5, "strategy": "voi", "final_regret": 0.09605789184570312}
{"seed": 0, "user": 1, "rho": 0.5, "strategy": "oracle", "final_regret": 0.019995689392089844}
{"seed": 0, "user": 2, "rho": 0.5, "strategy": "random", "final_regret": 3.017740249633789}
{"seed": 0, "user": 2, "rho": 0.5, "strategy": "bald", "final_regret": 0.020895957946777344}
{"seed": 0, "user": 2, "rho": 0.5, "strategy": "voi", "final_regret": 3.010695457458496}
{"seed": 0, "user": 2, "rho": 0.5, "strategy": "oracle", "final_regret": -7.62939453125e-06}
{"seed": 0, "user": 3, "rho": 0.5, "strategy": "random", "final_regret": 0.48567867279052734}
{"seed": 0, "user": 3, "rho": 0.5, "strategy": "bald", "final_regret": 0.4882316589355469}
{"seed": 0, "user": 3, "rho": 0.5, "strategy": "voi", "final_regret": 0.5050411224365234}
{"seed": 0, "user": 3, "rho": 0.5, "strategy": "oracle", "final_regret": 0.48567867279052734}
{"seed": 0, "user": 4, "rho": 0.5, "strategy": "random", "final_regret": 1.8603324890136719}
{"seed": 0, "user": 4, "rho": 0.5, "strategy": "bald", "final_regret": 9.5367431640625e-06}
{"seed": 0, "user": 4, "rho": 0.5, "strategy": "voi", "final_regret": 0.010982513427734375}
{"seed": 0, "user": 4, "rho": 0.5, "strategy": "oracle", "final_regret": 9.5367431640625e-06}
{"seed": 0, "user": 5, "rho": 0.5, "strategy": "random", "final_regret": 0.006168365478515625}
{"seed": 0, "user": 5, "rho": 0.5, "strategy": "bald", "final_regret": 0.0107574462890625}
{"seed": 0, "user": 5, "rho": 0.5, "strategy": "voi", "final_regret": 0.01882171630859375}
{"seed": 0, "user": 5, "rho": 0.5, "strategy": "oracle", "final_regret": -1.52587890625e-05}
{"seed": 0, "user": 6, "rho": 0.5, "strategy": "random", "final_regret": 0.5637722015380859}
{"seed": 0, "user": 6, "rho": 0.5, "strategy": "bald", "final_regret": 0.3461341857910156}
{"seed": 0, "user": 6, "rho": 0.5, "strategy": "voi", "final_regret": 0.016837596893310547}
{"seed": 0, "user": 6, "rho": 0.5, "strategy": "oracle", "final_regret": 0.02745676040649414}
{"seed": 0, "user": 7, "rho": 0.5, "strategy": "random", "final_regret": 2.77604603767395}
{"seed": 0, "user": 7, "rho": 0.5, "strategy": "bald", "final_regret": 5.635783672332764}
{"seed": 0, "user": 7, "rho": 0.5, "strategy": "voi", "final_regret": 4.441812515258789}
{"seed": 0, "user": 7, "rho": 0.5, "strategy": "oracle", "final_regret": 0.0004925727844238281}
{"seed": 1, "user": 0, "rho": 0.5, "strategy": "random", "final_regret": 0.023878812789916992}
{"seed": 1, "user": 0, "rho": 0.5, "strategy": "bald", "final_regret": 12.247209548950195}
{"seed": 1, "user": 0, "rho": 0.5, "strategy": "voi", "final_regret": 0.004651069641113281}
{"seed": 1, "user": 0, "rho": 0.5, "strategy": "oracle", "final_regret": 0.013951301574707031}
{"seed": 1, "user": 1, "rho": 0.5, "strategy": "random", "final_regret": 15.064749717712402}
{"seed": 1, "user": 1, "rho": 0.5, "strategy": "bald", "final_regret": 0.1625041961669922}
{"seed": 1, "user": 1, "rho": 0.5, "strategy": "voi", "final_regret": 0.2249748706817627}
{"seed": 1, "user": 1, "rho": 0.5, "strategy": "oracle", "final_regret": 19.817272186279297}
{"seed": 1, "user": 2, "rho": 0.5, "strategy": "random", "final_regret": 0.10568547248840332}
{"seed": 1, "user": 2, "rho": 0.5, "strategy": "bald", "final_regret": 15.47857666015625}
{"seed": 1, "user": 2, "rho": 0.5, "strategy": "voi", "final_regret": 0.1295759677886963}
{"seed": 1, "user": 2, "rho": 0.5, "strategy": "oracle", "final_regret": 0.057384610176086426}
{"seed": 1, "user": 3, "rho": 0.5, "strategy": "random", "final_regret": 0.0017508268356323242}
{"seed": 1, "user": 3, "rho": 0.5, "strategy": "bald", "final_regret": 9.462621688842773}
{"seed": 1, "user": 3, "rho": 0.5, "strategy": "voi", "final_regret": 7.014759540557861}
{"seed": 1, "user": 3, "rho": 0.5, "strategy": "oracle", "final_regret": 0.0012911558151245117}
