{"seed": 0, "user": 0, "mismatch": "pl", "strategy": "random", "final_regret": 8.74155330657959}
{"seed": 0, "user": 0, "mismatch": "pl", "strategy": "bald", "final_regret": 0.5282936096191406}
{"seed": 0, "user": 0, "mismatch": "pl", "strategy": "voi", "final_regret": 9.205235481262207}
{"seed": 0, "user": 0, "mismatch": "lex", "strategy": "random", "final_regret": 0.07804489135742188}
{"seed": 0, "user": 0, "mismatch": "lex", "strategy": "bald", "final_regret": 5.397740364074707}
{"seed": 0, "user": 0, "mismatch": "lex", "strategy": "voi", "final_regret": 4.492259979248047}
{"seed": 0, "user": 0, "mismatch": "satisficing", "strategy": "random", "final_regret": 0.8904895782470703}
{"seed": 0, "user": 0, "mismatch": "satisficing", "strategy": "bald", "final_regret": 0.5282936096191406}
{"seed": 0, "user": 0, "mismatch": "satisficing", "strategy": "voi", "final_regret": 5.111510276794434}
{"seed": 0, "user": 0, "mismatch": "fatigue", "strategy": "random", "final_regret": 5.887805938720703}
{"seed": 0, "user": 0, "mismatch": "fatigue", "strategy": "bald", "final_regret": 6.132152557373047}
{"seed": 0, "user": 0, "mismatch": "fatigue", "strategy": "voi", "final_regret": 5.0083818435668945}
{"seed": 0, "user": 1, "mismatch": "pl", "strategy": "random", "final_regret": 0.9360446929931641}
{"seed": 0, "user": 1, "mismatch": "pl", "strategy": "bald", "final_regret": 7.210104942321777}
{"seed": 0, "user": 1, "mismatch": "pl", "strategy": "voi", "final_regret": 2.6876163482666016}
{"seed": 0, "user": 1, "mismatch": "lex", "strategy": "random", "final_regret": 3.070791244506836}
{"seed": 0, "user": 1, "mismatch": "lex", "strategy": "bald", "final_regret": 1.909921646118164}
{"seed": 0, "user": 1, "mismatch": "lex", "strategy": "voi", "final_regret": 5.276792526245117}
{"seed": 0, "user": 1, "mismatch": "satisficing", "strategy": "random", "final_regret": 5.276792526245117}
{"seed": 0, "user": 1, "mismatch": "satisficing", "strategy": "bald", "final_regret": 2.7166919708251953}
{"seed": 0, "user": 1, "mismatch": "satisficing", "strategy": "voi", "final_regret": 0.12476921081542969}
{"seed": 0, "user": 1, "mismatch": "fatigue", "strategy": "random", "final_regret": -1.71661376953125e-05}
{"seed": 0, "user": 1, "mismatch": "fatigue", "strategy": "bald", "final_regret": 0.5214824676513672}
{"seed": 0, "user": 1, "mismatch": "fatigue", "strategy": "voi", "final_regret": 0.4241065979003906}
{"seed": 0, "user": 2, "mismatch": "pl", "strategy": "random", "final_regret": 0.047817230224609375}
{"seed": 0, "user": 2, "mismatch": "pl", "strategy": "bald", "final_regret": 5.822186470031738}
{"seed": 0, "user": 2, "mismatch": "pl", "strategy": "voi", "final_regret": -2.288818359375e-05}
{"seed": 0, "user": 2, "mismatch": "lex", "strategy": "random", "final_regret": 0.024366378784179688}
{"seed": 0, "user": 2, "mismatch": "lex", "strategy": "bald", "final_regret": 3.2060556411743164}
{"seed": 0, "user": 2, "mismatch": "lex", "strategy": "voi", "final_regret": 0.0028247833251953125}
{"seed": 0, "user": 2, "mismatch": "satisficing", "strategy": "random", "final_regret": 3.607311248779297}
{"seed": 0, "user": 2, "mismatch": "satisficing", "strategy": "bald", "final_regret": 0.040485382080078125}
{"seed": 0, "user": 2, "mismatch": "satisficing", "strategy": "voi", "final_regret": 2.2193470001220703}
{"seed": 0, "user": 2, "mismatch": "fatigue", "strategy": "random", "final_regret": 1.7541942596435547}
{"seed": 0, "user": 2, "mismatch": "fatigue", "strategy": "bald", "final_regret": 4.072613716125488}
{"seed": 0, "user": 2, "mismatch": "fatigue", "strategy": "voi", "final_regret": 6.696072578430176}
{"seed": 0, "user": 3, "mismatch": "pl", "strategy": "random", "final_regret": 9.17221450805664}
{"seed": 0, "user": 3, "mismatch": "pl", "strategy": "bald", "final_regret": 0.6211671829223633}
{"seed": 0, "user": 3, "mismatch": "pl", "strategy": "voi", "final_regret": 1.5438833236694336}
{"seed": 0, "user": 3, "mismatch": "lex", "strategy": "random", "final_regret": 1.4541101455688477}
{"seed": 0, "user": 3, "mismatch": "lex", "strategy": "bald", "final_regret": 0.6211671829223633}
{"seed": 0, "user": 3, "mismatch": "lex", "strategy": "voi", "final_regret": 1.541457176208496}
{"seed": 0, "user": 3, "mismatch": "satisficing", "strategy": "random", "final_regret": 1.0373115539550781}
{"seed": 0, "user": 3, "mismatch": "satisficing", "strategy": "bald", "final_regret": 0.4813261032104492}
{"seed": 0, "user": 3, "mismatch": "satisficing", "strategy": "voi", "final_regret": 1.541457176208496}
{"seed": 0, "user": 3, "mismatch": "fatigue", "strategy": "random", "final_regret": 0.9983711242675781}
{"seed": 0, "user": 3, "mismatch": "fatigue", "strategy": "bald", "final_regret": 3.9203386306762695}
{"seed": 0, "user": 3, "mismatch": "fatigue", "strategy": "voi", "final_regret": 1.6016254425048828}
{"seed": 0, "user": 4, "mismatch": "pl", "strategy": "random", "final_regret": 4.298861980438232}
{"seed": 0, "user": 4, "mismatch": "pl", "strategy": "bald", "final_regret": 3.3446154594421387}
{"seed": 0, "user": 4, "mismatch": "pl", "strategy": "voi", "final_regret": 0.14832401275634766}
{"seed": 0, "user": 4, "mismatch": "lex", "strategy": "random", "final_regret": 4.664449214935303}
{"seed": 0, "user": 4, "mismatch": "lex", "strategy": "bald", "final_regret": 1.068903923034668}
{"seed": 0, "user": 4, "mismatch": "lex", "strategy": "voi", "final_regret": 0.1528339385986328}
{"seed": 0, "user": 4, "mismatch": "satisficing", "strategy": "random", "final_regret": 2.9674558639526367}
{"seed": 0, "user": 4, "mismatch": "satisficing", "strategy": "bald", "final_regret": 1.9456596374511719}
{"seed": 0, "user": 4, "mismatch": "satisficing", "strategy": "voi", "final_regret": 2.704033851623535}
{"seed": 0, "user": 4, "mismatch": "fatigue", "strategy": "random", "final_regret": 2.792074203491211}
{"seed": 0, "user": 4, "mismatch": "fatigue", "strategy": "bald", "final_regret": 3.998166084289551}
{"seed": 0, "user": 4, "mismatch": "fatigue", "strategy": "voi", "final_regret": 2.3960142135620117}
{"seed": 0, "user": 5, "mismatch": "pl", "strategy": "random", "final_regret": 5.81753396987915}
{"seed": 0, "user": 5, "mismatch": "pl", "strategy": "bald", "final_regret": 6.326467990875244}
{"seed": 0, "user": 5, "mismatch": "pl", "strategy": "voi", "final_regret": 3.45692777633667}
{"seed": 0, "user": 5, "mismatch": "lex", "strategy": "random", "final_regret": 3.5106449127197266}
{"seed": 0, "user": 5, "mismatch": "lex", "strategy": "bald", "final_regret": 3.5846080780029297}
{"seed": 0, "user": 5, "mismatch": "lex", "strategy": "voi", "final_regret": 3.5106449127197266}
{"seed": 0, "user": 5, "mismatch": "satisficing", "strategy": "random", "final_regret": 3.5106449127197266}
{"seed": 0, "user": 5, "mismatch": "satisficing", "strategy": "bald", "final_regret": 3.597659111022949}
{"seed": 0, "user": 5, "mismatch": "satisficing", "strategy": "voi", "final_regret": 3.802445888519287}
{"seed": 0, "user": 5, "mismatch": "fatigue", "strategy": "random", "final_regret": 8.740131378173828}
{"seed": 0, "user": 5, "mismatch": "fatigue", "strategy": "bald", "final_regret": 3.5106449127197266}
{"seed": 0, "user": 5, "mismatch": "fatigue", "strategy": "voi", "final_regret": 6.301824569702148}
{"seed": 0, "user": 6, "mismatch": "pl", "strategy": "random", "final_regret": 5.199666976928711}
{"seed": 0, "user": 6, "mismatch": "pl", "strategy": "bald", "final_regret": 0.8492221832275391}
{"seed": 0, "user": 6, "mismatch": "pl", "strategy": "voi", "final_regret": 10.694252967834473}
{"seed": 0, "user": 6, "mismatch": "lex", "strategy": "random", "final_regret": 1.9987545013427734}
{"seed": 0, "user": 6, "mismatch": "lex", "strategy": "bald", "final_regret": 3.4746856689453125}
{"seed": 0, "user": 6, "mismatch": "lex", "strategy": "voi", "final_regret": 0.4256172180175781}
{"seed": 0, "user": 6, "mismatch": "satisficing", "strategy": "random", "final_regret": 1.961191177368164}
{"seed": 0, "user": 6, "mismatch": "satisficing", "strategy": "bald", "final_regret": 3.4746856689453125}
{"seed": 0, "user": 6, "mismatch": "satisficing", "strategy": "voi", "final_regret": 0.4952411651611328}
{"seed": 0, "user": 6, "mismatch": "fatigue", "strategy": "random", "final_regret": 6.064428329467773}
{"seed": 0, "user": 6, "mismatch": "fatigue", "strategy": "bald", "final_regret": 4.795192718505859}
{"seed": 0, "user": 6, "mismatch": "fatigue", "strategy": "voi", "final_regret": 3.986530303955078}
{"seed": 0, "user": 7, "mismatch": "pl", "strategy": "random", "final_regret": 7.190023422241211}
{"seed": 0, "user": 7, "mismatch": "pl", "strategy": "bald", "final_regret": 0.2247161865234375}
{"seed": 0, "user": 7, "mismatch": "pl", "strategy": "voi", "final_regret": 3.500553607940674}
{"seed": 0, "user": 7, "mismatch": "lex", "strategy": "random", "final_regret": 0.23886775970458984}
{"seed": 0, "user": 7, "mismatch": "lex", "strategy": "bald", "final_regret": 0.20166492462158203}
{"seed": 0, "user": 7, "mismatch": "lex", "strategy": "voi", "final_regret": 0.18889236450195312}
{"seed": 0, "user": 7, "mismatch": "satisficing", "strategy": "random", "final_regret": 6.971648216247559}
{"seed": 0, "user": 7, "mismatch": "satisficing", "strategy": "bald", "final_regret": 4.143026828765869}
{"seed": 0, "user": 7, "mismatch": "satisficing", "strategy": "voi", "final_regret": 0.18889236450195312}
{"seed": 0, "user": 7, "mismatch": "fatigue", "strategy": "random", "final_regret": 6.5198845863342285}
{"seed": 0, "user": 7, "mismatch": "fatigue", "strategy": "bald", "final_regret": 3.889690399169922}
{"seed": 0, "user": 7, "mismatch": "fatigue", "strategy": "voi", "final_regret": 13.183232307434082}
{"seed": 0, "user": 8, "mismatch": "pl", "strategy": "random", "final_regret": 0.0016040802001953125}
{"seed": 0, "user": 8, "mismatch": "pl", "strategy": "bald", "final_regret": 0.0016040802001953125}
{"seed": 0, "user": 8, "mismatch": "pl", "strategy": "voi", "final_regret": 0.15634536743164062}
{"seed": 0, "user": 8, "mismatch": "lex", "strategy": "random", "final_regret": 0.011096954345703125}
{"seed": 0, "user": 8, "mismatch": "lex", "strategy": "bald", "final_regret": 0.010334014892578125}
{"seed": 0, "user": 8, "mismatch": "lex", "strategy": "voi", "final_regret": 0.011096954345703125}
{"seed": 0, "user": 8, "mismatch": "satisficing", "strategy": "random", "final_regret": 0.9045791625976562}
{"seed": 0, "user": 8, "mismatch": "satisficing", "strategy": "bald", "final_regret": 0.06210136413574219}
{"seed": 0, "user": 8, "mismatch": "satisficing", "strategy": "voi", "final_regret": 0.002368927001953125}
{"seed": 0, "user": 8, "mismatch": "fatigue", "strategy": "random", "final_regret": 0.029384613037109375}
{"seed": 0, "user": 8, "mismatch": "fatigue", "strategy": "bald", "final_regret": 5.577966690063477}
{"seed": 0, "user": 8, "mismatch": "fatigue", "strategy": "voi", "final_regret": 7.562653541564941}
{"seed": 0, "user": 9, "mismatch": "pl", "strategy": "random", "final_regret": 4.99590539932251}
{"seed": 0, "user": 9, "mismatch": "pl", "strategy": "bald", "final_regret": 5.420843601226807}
{"seed": 0, "user": 9, "mismatch": "pl", "strategy": "voi", "final_regret": 4.99590539932251}
{"seed": 0, "user": 9, "mismatch": "lex", "strategy": "random", "final_regret": 6.026322841644287}
{"seed": 0, "user": 9, "mismatch": "lex", "strategy": "bald", "final_regret": 5.060218334197998}
{"seed": 0, "user": 9, "mismatch": "lex", "strategy": "voi", "final_regret": 5.07434606552124}
{"seed": 0, "user": 9, "mismatch": "satisficing", "strategy": "random", "final_regret": 5.1399383544921875}
{"seed": 0, "user": 9, "mismatch": "satisficing", "strategy": "bald", "final_regret": 4.934422969818115}
{"seed": 0, "user": 9, "mismatch": "satisficing", "strategy": "voi", "final_regret": 5.072683334350586}
{"seed": 0, "user": 9, "mismatch": "fatigue", "strategy": "random", "final_regret": 6.6190924644470215}
{"seed": 0, "user": 9, "mismatch": "fatigue", "strategy": "bald", "final_regret": 4.934422969818115}
{"seed": 0, "user": 9, "mismatch": "fatigue", "strategy": "voi", "final_regret": 8.02182388305664}
{"seed": 1, "user": 0, "mismatch": "pl", "strategy": "random", "final_regret": 0.3590679168701172}
{"seed": 1, "user": 0, "mismatch": "pl", "strategy": "bald", "final_regret": 0.6037235260009766}
{"seed": 1, "user": 0, "mismatch": "pl", "strategy": "voi", "final_regret": 5.930665969848633}
{"seed": 1, "user": 0, "mismatch": "lex", "strategy": "random", "final_regret": 3.2514429092407227}
{"seed": 1, "user": 0, "mismatch": "lex", "strategy": "bald", "final_regret": 0.15413475036621094}
{"seed": 1, "user": 0, "mismatch": "lex", "strategy": "voi", "final_regret": 0.13694000244140625}
{"seed": 1, "user": 0, "mismatch": "satisficing", "strategy": "random", "final_regret": 2.6406421661376953}
{"seed": 1, "user": 0, "mismatch": "satisficing", "strategy": "bald", "final_regret": 0.5275440216064453}
{"seed": 1, "user": 0, "mismatch": "satisficing", "strategy": "voi", "final_regret": 0.1253643035888672}
{"seed": 1, "user": 0, "mismatch": "fatigue", "strategy": "random", "final_regret": 11.423375129699707}
{"seed": 1, "user": 0, "mismatch": "fatigue", "strategy": "bald", "final_regret": 4.610337257385254}
{"seed": 1, "user": 0, "mismatch": "fatigue", "strategy": "voi", "final_regret": 1.8010025024414062}
{"seed": 1, "user": 1, "mismatch": "pl", "strategy": "random", "final_regret": 2.863152027130127}
{"seed": 1, "user": 1, "mismatch": "pl", "strategy": "bald", "final_regret": 2.563969135284424}
{"seed": 1, "user": 1, "mismatch": "pl", "strategy": "voi", "final_regret": 1.9531569480895996}
{"seed": 1, "user": 1, "mismatch": "lex", "strategy": "random", "final_regret": 0.8191318511962891}
{"seed": 1, "user": 1, "mismatch": "lex", "strategy": "bald", "final_regret": 2.6086034774780273}
{"seed": 1, "user": 1, "mismatch": "lex", "strategy": "voi", "final_regret": 0.3089914321899414}
{"seed": 1, "user": 1, "mismatch": "satisficing", "strategy": "random", "final_regret": 1.923335075378418}
{"seed": 1, "user": 1, "mismatch": "satisficing", "strategy": "bald", "final_regret": 1.2378921508789062}
{"seed": 1, "user": 1, "mismatch": "satisficing", "strategy": "voi", "final_regret": 1.8734564781188965}
{"seed": 1, "user": 1, "mismatch": "fatigue", "strategy": "random", "final_regret": 0.6117486953735352}
{"seed": 1, "user": 1, "mismatch": "fatigue", "strategy": "bald", "final_regret": 1.5793371200561523}
{"seed": 1, "user": 1, "mismatch": "fatigue", "strategy": "voi", "final_regret": 1.9208860397338867}
{"seed": 1, "user": 2, "mismatch": "pl", "strategy": "random", "final_regret": 2.3991951942443848}
{"seed": 1, "user": 2, "mismatch": "pl", "strategy": "bald", "final_regret": 1.6499128341674805}
{"seed": 1, "user": 2, "mismatch": "pl", "strategy": "voi", "final_regret": 0.28494691848754883}
{"seed": 1, "user": 2, "mismatch": "lex", "strategy": "random", "final_regret": 0.7202024459838867}
{"seed": 1, "user": 2, "mismatch": "lex", "strategy": "bald", "final_regret": 0.30071115493774414}
{"seed": 1, "user": 2, "mismatch": "lex", "strategy": "voi", "final_regret": 0.28494691848754883}
{"seed": 1, "user": 2, "mismatch": "satisficing", "strategy": "random", "final_regret": 0.44058799743652344}
{"seed": 1, "user": 2, "mismatch": "satisficing", "strategy": "bald", "final_regret": 3.274045467376709}
{"seed": 1, "user": 2, "mismatch": "satisficing", "strategy": "voi", "final_regret": 1.2187795639038086}
{"seed": 1, "user": 2, "mismatch": "fatigue", "strategy": "random", "final_regret": 1.1964850425720215}
{"seed": 1, "user": 2, "mismatch": "fatigue", "strategy": "bald", "final_regret": 6.4824113845825195}
{"seed": 1, "user": 2, "mismatch": "fatigue", "strategy": "voi", "final_regret": 2.019059181213379}
{"seed": 1, "user": 3, "mismatch": "pl", "strategy": "random", "final_regret": 0.7927684783935547}
{"seed": 1, "user": 3, "mismatch": "pl", "strategy": "bald", "final_regret": 0.7497787475585938}
{"seed": 1, "user": 3, "mismatch": "pl", "strategy": "voi", "final_regret": 2.5032691955566406}
{"seed": 1, "user": 3, "mismatch": "lex", "strategy": "random", "final_regret": 1.2635517120361328}
{"seed": 1, "user": 3, "mismatch": "lex", "strategy": "bald", "final_regret": 2.2986011505126953}
{"seed": 1, "user": 3, "mismatch": "lex", "strategy": "voi", "final_regret": 3.6382102966308594}
{"seed": 1, "user": 3, "mismatch": "satisficing", "strategy": "random", "final_regret": 1.51513671875}
{"seed": 1, "user": 3, "mismatch": "satisficing", "strategy": "bald", "final_regret": 1.4505081176757812}
{"seed": 1, "user": 3, "mismatch": "satisficing", "strategy": "voi", "final_regret": 1.017333984375}
{"seed": 1, "user": 3, "mismatch": "fatigue", "strategy": "random", "final_regret": 1.1087779998779297}
{"seed": 1, "user": 3, "mismatch": "fatigue", "strategy": "bald", "final_regret": 1.1584815979003906}
{"seed": 1, "user": 3, "mismatch": "fatigue", "strategy": "voi", "final_regret": 0.7981090545654297}
{"seed": 1, "user": 4, "mismatch": "pl", "strategy": "random", "final_regret": 4.675065994262695}
{"seed": 1, "user": 4, "mismatch": "pl", "strategy": "bald", "final_regret": 10.122455596923828}
{"seed": 1, "user": 4, "mismatch": "pl", "strategy": "voi", "final_regret": 3.9982070922851562}
{"seed": 1, "user": 4, "mismatch": "lex", "strategy": "random", "final_regret": 6.08457088470459}
{"seed": 1, "user": 4, "mismatch": "lex", "strategy": "bald", "final_regret": 7.759907245635986}
{"seed": 1, "user": 4, "mismatch": "lex", "strategy": "voi", "final_regret": 7.882751941680908}
{"seed": 1, "user": 4, "mismatch": "satisficing", "strategy": "random", "final_regret": 10.547710418701172}
{"seed": 1, "user": 4, "mismatch": "satisficing", "strategy": "bald", "final_regret": 5.8575029373168945}
{"seed": 1, "user": 4, "mismatch": "satisficing", "strategy": "voi", "final_regret": 10.65688419342041}
{"seed": 1, "user": 4, "mismatch": "fatigue", "strategy": "random", "final_regret": 6.338039398193359}
{"seed": 1, "user": 4, "mismatch": "fatigue", "strategy": "bald", "final_regret": 5.949817657470703}
{"seed": 1, "user": 4, "mismatch": "fatigue", "strategy": "voi", "final_regret": 9.462295532226562}
{"seed": 1, "user": 5, "mismatch": "pl", "strategy": "random", "final_regret": 3.793365001678467}
{"seed": 1, "user": 5, "mismatch": "pl", "strategy": "bald", "final_regret": 3.0240163803100586}
{"seed": 1, "user": 5, "mismatch": "pl", "strategy": "voi", "final_regret": 3.4864706993103027}
{"seed": 1, "user": 5, "mismatch": "lex", "strategy": "random", "final_regret": 3.34621524810791}
{"seed": 1, "user": 5, "mismatch": "lex", "strategy": "bald", "final_regret": 3.9354310035705566}
{"seed": 1, "user": 5, "mismatch": "lex", "strategy": "voi", "final_regret": 4.0433855056762695}
{"seed": 1, "user": 5, "mismatch": "satisficing", "strategy": "random", "final_regret": 10.248619079589844}
{"seed": 1, "user": 5, "mismatch": "satisficing", "strategy": "bald", "final_regret": 3.9321537017822266}
{"seed": 1, "user": 5, "mismatch": "satisficing", "strategy": "voi", "final_regret": 3.8196725845336914}
{"seed": 1, "user": 5, "mismatch": "fatigue", "strategy": "random", "final_regret": 0.2872304916381836}
{"seed": 1, "user": 5, "mismatch": "fatigue", "strategy": "bald", "final_regret": 11.636500358581543}
{"seed": 1, "user": 5, "mismatch": "fatigue", "strategy": "voi", "final_regret": 4.418116569519043}
{"seed": 1, "user": 6, "mismatch": "pl", "strategy": "random", "final_regret": 8.974413871765137}
{"seed": 1, "user": 6, "mismatch": "pl", "strategy": "bald", "final_regret": 7.453307151794434}
{"seed": 1, "user": 6, "mismatch": "pl", "strategy": "voi", "final_regret": 7.81240177154541}
{"seed": 1, "user": 6, "mismatch": "lex", "strategy": "random", "final_regret": 7.620802879333496}
{"seed": 1, "user": 6, "mismatch": "lex", "strategy": "bald", "final_regret": 7.126690864562988}
{"seed": 1, "user": 6, "mismatch": "lex", "strategy": "voi", "final_regret": 8.079486846923828}
{"seed": 1, "user": 6, "mismatch": "satisficing", "strategy": "random", "final_regret": 1.3987274169921875}
{"seed": 1, "user": 6, "mismatch": "satisficing", "strategy": "bald", "final_regret": 7.094672203063965}
{"seed": 1, "user": 6, "mismatch": "satisficing", "strategy": "voi", "final_regret": 8.026769638061523}
{"seed": 1, "user": 6, "mismatch": "fatigue", "strategy": "random", "final_regret": 7.703021049499512}
{"seed": 1, "user": 6, "mismatch": "fatigue", "strategy": "bald", "final_regret": 2.243579864501953}
{"seed": 1, "user": 6, "mismatch": "fatigue", "strategy": "voi", "final_regret": 1.366236686706543}
{"seed": 1, "user": 7, "mismatch": "pl", "strategy": "random", "final_regret": 5.057928085327148}
{"seed": 1, "user": 7, "mismatch": "pl", "strategy": "bald", "final_regret": 0.006107330322265625}
{"seed": 1, "user": 7, "mismatch": "pl", "strategy": "voi", "final_regret": 0.011056900024414062}
{"seed": 1, "user": 7, "mismatch": "lex", "strategy": "random", "final_regret": 0.028017044067382812}
{"seed": 1, "user": 7, "mismatch": "lex", "strategy": "bald", "final_regret": 0.021305084228515625}
{"seed": 1, "user": 7, "mismatch": "lex", "strategy": "voi", "final_regret": 0.0019741058349609375}
{"seed": 1, "user": 7, "mismatch": "satisficing", "strategy": "random", "final_regret": 14.802961349487305}
{"seed": 1, "user": 7, "mismatch": "satisficing", "strategy": "bald", "final_regret": 11.692237854003906}
{"seed": 1, "user": 7, "mismatch": "satisficing", "strategy": "voi", "final_regret": 1.0155868530273438}
{"seed": 1, "user": 7, "mismatch": "fatigue", "strategy": "random", "final_regret": 5.005409240722656}
{"seed": 1, "user": 7, "mismatch": "fatigue", "strategy": "bald", "final_regret": 0.026029586791992188}
{"seed": 1, "user": 7, "mismatch": "fatigue", "strategy": "voi", "final_regret": 0.10205078125}
{"seed": 1, "user": 8, "mismatch": "pl", "strategy": "random", "final_regret": 5.688739776611328}
{"seed": 1, "user": 8, "mismatch": "pl", "strategy": "bald", "final_regret": 0.11383247375488281}
{"seed": 1, "user": 8, "mismatch": "pl", "strategy": "voi", "final_regret": 1.0607304573059082}
{"seed": 1, "user": 8, "mismatch": "lex", "strategy": "random", "final_regret": 0.8503208160400391}
{"seed": 1, "user": 8, "mismatch": "lex", "strategy": "bald", "final_regret": 0.4537220001220703}
{"seed": 1, "user": 8, "mismatch": "lex", "strategy": "voi", "final_regret": 0.052605628967285156}
{"seed": 1, "user": 8, "mismatch": "satisficing", "strategy": "random", "final_regret": 0.009771347045898438}
{"seed": 1, "user": 8, "mismatch": "satisficing", "strategy": "bald", "final_regret": 0.5811405181884766}
{"seed": 1, "user": 8, "mismatch": "satisficing", "strategy": "voi", "final_regret": 1.0607304573059082}
{"seed": 1, "user": 8, "mismatch": "fatigue", "strategy": "random", "final_regret": 14.591448783874512}
{"seed": 1, "user": 8, "mismatch": "fatigue", "strategy": "bald", "final_regret": 0.6788578033447266}
{"seed": 1, "user": 8, "mismatch": "fatigue", "strategy": "voi", "final_regret": 0.06899261474609375}
{"seed": 1, "user": 9, "mismatch": "pl", "strategy": "random", "final_regret": 3.128424644470215}
{"seed": 1, "user": 9, "mismatch": "pl", "strategy": "bald", "final_regret": 3.2897748947143555}
{"seed": 1, "user": 9, "mismatch": "pl", "strategy": "voi", "final_regret": 3.1356983184814453}
{"seed": 1, "user": 9, "mismatch": "lex", "strategy": "random", "final_regret": 2.1024703979492188}
{"seed": 1, "user": 9, "mismatch": "lex", "strategy": "bald", "final_regret": 3.2336597442626953}
{"seed": 1, "user": 9, "mismatch": "lex", "strategy": "voi", "final_regret": 3.0301589965820312}
{"seed": 1, "user": 9, "mismatch": "satisficing", "strategy": "random", "final_regret": 1.9542131423950195}
{"seed": 1, "user": 9, "mismatch": "satisficing", "strategy": "bald", "final_regret": 0.24976634979248047}
{"seed": 1, "user": 9, "mismatch": "satisficing", "strategy": "voi", "final_regret": 3.0516538619995117}
{"seed": 1, "user": 9, "mismatch": "fatigue", "strategy": "random", "final_regret": 0.25917530059814453}
{"seed": 1, "user": 9, "mismatch": "fatigue", "strategy": "bald", "final_regret": 0.25917530059814453}
{"seed": 1, "user": 9, "mismatch": "fatigue", "strategy": "voi", "final_regret": 13.995901107788086}
{"seed": 2, "user": 0, "mismatch": "pl", "strategy": "random", "final_regret": 1.4651994705200195}
{"seed": 2, "user": 0, "mismatch": "pl", "strategy": "bald", "final_regret": 1.2128887176513672}
{"seed": 2, "user": 0, "mismatch": "pl", "strategy": "voi", "final_regret": 1.4367637634277344}
{"seed": 2, "user": 0, "mismatch": "lex", "strategy": "random", "final_regret": 1.426539421081543}
{"seed": 2, "user": 0, "mismatch": "lex", "strategy": "bald", "final_regret": 1.1039791107177734}
{"seed": 2, "user": 0, "mismatch": "lex", "strategy": "voi", "final_regret": 1.1530256271362305}
{"seed": 2, "user": 0, "mismatch": "satisficing", "strategy": "random", "final_regret": 1.503072738647461}
{"seed": 2, "user": 0, "mismatch": "satisficing", "strategy": "bald", "final_regret": 3.8427438735961914}
{"seed": 2, "user": 0, "mismatch": "satisficing", "strategy": "voi", "final_regret": 0.6153926849365234}
{"seed": 2, "user": 0, "mismatch": "fatigue", "strategy": "random", "final_regret": 1.5398101806640625}
{"seed": 2, "user": 0, "mismatch": "fatigue", "strategy": "bald", "final_regret": 3.994051933288574}
{"seed": 2, "user": 0, "mismatch": "fatigue", "strategy": "voi", "final_regret": 1.0678033828735352}
{"seed": 2, "user": 1, "mismatch": "pl", "strategy": "random", "final_regret": 4.109196662902832}
{"seed": 2, "user": 1, "mismatch": "pl", "strategy": "bald", "final_regret": 3.9597787857055664}
{"seed": 2, "user": 1, "mismatch": "pl", "strategy": "voi", "final_regret": 1.199976921081543}
{"seed": 2, "user": 1, "mismatch": "lex", "strategy": "random", "final_regret": 4.952600479125977}
{"seed": 2, "user": 1, "mismatch": "lex", "strategy": "bald", "final_regret": 1.386275291442871}
{"seed": 2, "user": 1, "mismatch": "lex", "strategy": "voi", "final_regret": 0.017230987548828125}
{"seed": 2, "user": 1, "mismatch": "satisficing", "strategy": "random", "final_regret": 6.554439544677734}
{"seed": 2, "user": 1, "mismatch": "satisficing", "strategy": "bald", "final_regret": 6.590082168579102}
{"seed": 2, "user": 1, "mismatch": "satisficing", "strategy": "voi", "final_regret": 0.1446685791015625}
{"seed": 2, "user": 1, "mismatch": "fatigue", "strategy": "random", "final_regret": 0.1883220672607422}
{"seed": 2, "user": 1, "mismatch": "fatigue", "strategy": "bald", "final_regret": 0.7370681762695312}
{"seed": 2, "user": 1, "mismatch": "fatigue", "strategy": "voi", "final_regret": 0.059207916259765625}
{"seed": 2, "user": 2, "mismatch": "pl", "strategy": "random", "final_regret": 13.745264053344727}
{"seed": 2, "user": 2, "mismatch": "pl", "strategy": "bald", "final_regret": 5.007268905639648}
{"seed": 2, "user": 2, "mismatch": "pl", "strategy": "voi", "final_regret": 8.879775047302246}
{"seed": 2, "user": 2, "mismatch": "lex", "strategy": "random", "final_regret": 5.867719650268555}
{"seed": 2, "user": 2, "mismatch": "lex", "strategy": "bald", "final_regret": 8.68272590637207}
{"seed": 2, "user": 2, "mismatch": "lex", "strategy": "voi", "final_regret": 8.621307373046875}
{"seed": 2, "user": 2, "mismatch": "satisficing", "strategy": "random", "final_regret": 0.25072479248046875}
{"seed": 2, "user": 2, "mismatch": "satisficing", "strategy": "bald", "final_regret": 0.042018890380859375}
{"seed": 2, "user": 2, "mismatch": "satisficing", "strategy": "voi", "final_regret": 0.010005950927734375}
{"seed": 2, "user": 2, "mismatch": "fatigue", "strategy": "random", "final_regret": 3.5736160278320312}
{"seed": 2, "user": 2, "mismatch": "fatigue", "strategy": "bald", "final_regret": 9.01733112335205}
{"seed": 2, "user": 2, "mismatch": "fatigue", "strategy": "voi", "final_regret": 14.009634971618652}
{"seed": 2, "user": 3, "mismatch": "pl", "strategy": "random", "final_regret": 1.7252376079559326}
{"seed": 2, "user": 3, "mismatch": "pl", "strategy": "bald", "final_regret": 2.7515268325805664}
{"seed": 2, "user": 3, "mismatch": "pl", "strategy": "voi", "final_regret": 3.1918435096740723}
{"seed": 2, "user": 3, "mismatch": "lex", "strategy": "random", "final_regret": 0.2905251979827881}
{"seed": 2, "user": 3, "mismatch": "lex", "strategy": "bald", "final_regret": 3.5956790447235107}
{"seed": 2, "user": 3, "mismatch": "lex", "strategy": "voi", "final_regret": 5.519214153289795}
{"seed": 2, "user": 3, "mismatch": "satisficing", "strategy": "random", "final_regret": 1.7668898105621338}
{"seed": 2, "user": 3, "mismatch": "satisficing", "strategy": "bald", "final_regret": 1.0259370803833008}
{"seed": 2, "user": 3, "mismatch": "satisficing", "strategy": "voi", "final_regret": 1.7252376079559326}
{"seed": 2, "user": 3, "mismatch": "fatigue", "strategy": "random", "final_regret": 3.5813119411468506}
{"seed": 2, "user": 3, "mismatch": "fatigue", "strategy": "bald", "final_regret": 9.658856391906738}
{"seed": 2, "user": 3, "mismatch": "fatigue", "strategy": "voi", "final_regret": 0.6416943073272705}
{"seed": 2, "user": 4, "mismatch": "pl", "strategy": "random", "final_regret": 0.3829765319824219}
{"seed": 2, "user": 4, "mismatch": "pl", "strategy": "bald", "final_regret": 0.17046356201171875}
{"seed": 2, "user": 4, "mismatch": "pl", "strategy": "voi", "final_regret": 0.22954940795898438}
{"seed": 2, "user": 4, "mismatch": "lex", "strategy": "random", "final_regret": 0.2869739532470703}
{"seed": 2, "user": 4, "mismatch": "lex", "strategy": "bald", "final_regret": 0.055057525634765625}
{"seed": 2, "user": 4, "mismatch": "lex", "strategy": "voi", "final_regret": 0.03521537780761719}
{"seed": 2, "user": 4, "mismatch": "satisficing", "strategy": "random", "final_regret": 0.2652721405029297}
{"seed": 2, "user": 4, "mismatch": "satisficing", "strategy": "bald", "final_regret": 0.3320636749267578}
{"seed": 2, "user": 4, "mismatch": "satisficing", "strategy": "voi", "final_regret": 0.2798786163330078}
{"seed": 2, "user": 4, "mismatch": "fatigue", "strategy": "random", "final_regret": 0.4690742492675781}
{"seed": 2, "user": 4, "mismatch": "fatigue", "strategy": "bald", "final_regret": 0.22037887573242188}
{"seed": 2, "user": 4, "mismatch": "fatigue", "strategy": "voi", "final_regret": 0.1592998504638672}
{"seed": 2, "user": 5, "mismatch": "pl", "strategy": "random", "final_regret": 8.647712707519531}
{"seed": 2, "user": 5, "mismatch": "pl", "strategy": "bald", "final_regret": 5.13888692855835}
{"seed": 2, "user": 5, "mismatch": "pl", "strategy": "voi", "final_regret": 0.1811656951904297}
{"seed": 2, "user": 5, "mismatch": "lex", "strategy": "random", "final_regret": 5.817333221435547}
{"seed": 2, "user": 5, "mismatch": "lex", "strategy": "bald", "final_regret": 2.2321276664733887}
{"seed": 2, "user": 5, "mismatch": "lex", "strategy": "voi", "final_regret": 2.2321276664733887}
{"seed": 2, "user": 5, "mismatch": "satisficing", "strategy": "random", "final_regret": 8.620823860168457}
{"seed": 2, "user": 5, "mismatch": "satisficing", "strategy": "bald", "final_regret": 8.58303165435791}
{"seed": 2, "user": 5, "mismatch": "satisficing", "strategy": "voi", "final_regret": 0.5080299377441406}
{"seed": 2, "user": 5, "mismatch": "fatigue", "strategy": "random", "final_regret": 8.624360084533691}
{"seed": 2, "user": 5, "mismatch": "fatigue", "strategy": "bald", "final_regret": 7.614958763122559}
{"seed": 2, "user": 5, "mismatch": "fatigue", "strategy": "voi", "final_regret": 5.995197296142578}
{"seed": 2, "user": 6, "mismatch": "pl", "strategy": "random", "final_regret": 0.07528495788574219}
{"seed": 2, "user": 6, "mismatch": "pl", "strategy": "bald", "final_regret": 0.07980918884277344}
{"seed": 2, "user": 6, "mismatch": "pl", "strategy": "voi", "final_regret": 4.288050651550293}
{"seed": 2, "user": 6, "mismatch": "lex", "strategy": "random", "final_regret": 5.689725875854492}
{"seed": 2, "user": 6, "mismatch": "lex", "strategy": "bald", "final_regret": 5.466211318969727}
{"seed": 2, "user": 6, "mismatch": "lex", "strategy": "voi", "final_regret": 0.05320167541503906}
{"seed": 2, "user": 6, "mismatch": "satisficing", "strategy": "random", "final_regret": 1.8037500381469727}
{"seed": 2, "user": 6, "mismatch": "satisficing", "strategy": "bald", "final_regret": 0.08513259887695312}
{"seed": 2, "user": 6, "mismatch": "satisficing", "strategy": "voi", "final_regret": 7.85771369934082}
{"seed": 2, "user": 6, "mismatch": "fatigue", "strategy": "random", "final_regret": 0.049007415771484375}
{"seed": 2, "user": 6, "mismatch": "fatigue", "strategy": "bald", "final_regret": 5.815320014953613}
{"seed": 2, "user": 6, "mismatch": "fatigue", "strategy": "voi", "final_regret": 0.05391502380371094}
{"seed": 2, "user": 7, "mismatch": "pl", "strategy": "random", "final_regret": 0.15635108947753906}
{"seed": 2, "user": 7, "mismatch": "pl", "strategy": "bald", "final_regret": 2.9143247604370117}
{"seed": 2, "user": 7, "mismatch": "pl", "strategy": "voi", "final_regret": 2.9475555419921875}
{"seed": 2, "user": 7, "mismatch": "lex", "strategy": "random", "final_regret": 1.9185266494750977}
{"seed": 2, "user": 7, "mismatch": "lex", "strategy": "bald", "final_regret": 0.03549671173095703}
{"seed": 2, "user": 7, "mismatch": "lex", "strategy": "voi", "final_regret": 1.87548828125}
{"seed": 2, "user": 7, "mismatch": "satisficing", "strategy": "random", "final_regret": 0.043476104736328125}
{"seed": 2, "user": 7, "mismatch": "satisficing", "strategy": "bald", "final_regret": 0.03529071807861328}
{"seed": 2, "user": 7, "mismatch": "satisficing", "strategy": "voi", "final_regret": 3.0142574310302734}
{"seed": 2, "user": 7, "mismatch": "fatigue", "strategy": "random", "final_regret": 3.024991989135742}
{"seed": 2, "user": 7, "mismatch": "fatigue", "strategy": "bald", "final_regret": 1.0583009719848633}
{"seed": 2, "user": 7, "mismatch": "fatigue", "strategy": "voi", "final_regret": 0.043476104736328125}
{"seed": 2, "user": 8, "mismatch": "pl", "strategy": "random", "final_regret": 4.211542129516602}
{"seed": 2, "user": 8, "mismatch": "pl", "strategy": "bald", "final_regret": 4.105709075927734}
{"seed": 2, "user": 8, "mismatch": "pl", "strategy": "voi", "final_regret": 4.113521575927734}
{"seed": 2, "user": 8, "mismatch": "lex", "strategy": "random", "final_regret": 0.10046005249023438}
{"seed": 2, "user": 8, "mismatch": "lex", "strategy": "bald", "final_regret": 2.116436004638672}
{"seed": 2, "user": 8, "mismatch": "lex", "strategy": "voi", "final_regret": 0.1266193389892578}
{"seed": 2, "user": 8, "mismatch": "satisficing", "strategy": "random", "final_regret": 4.077480316162109}
{"seed": 2, "user": 8, "mismatch": "satisficing", "strategy": "bald", "final_regret": 4.78571891784668}
{"seed": 2, "user": 8, "mismatch": "satisficing", "strategy": "voi", "final_regret": 0.144805908203125}
{"seed": 2, "user": 8, "mismatch": "fatigue", "strategy": "random", "final_regret": 4.8186492919921875}
{"seed": 2, "user": 8, "mismatch": "fatigue", "strategy": "bald", "final_regret": 0.048847198486328125}
{"seed": 2, "user": 8, "mismatch": "fatigue", "strategy": "voi", "final_regret": 4.050632476806641}
{"seed": 2, "user": 9, "mismatch": "pl", "strategy": "random", "final_regret": 9.797274589538574}
{"seed": 2, "user": 9, "mismatch": "pl", "strategy": "bald", "final_regret": 6.827676773071289}
{"seed": 2, "user": 9, "mismatch": "pl", "strategy": "voi", "final_regret": 10.843631744384766}
{"seed": 2, "user": 9, "mismatch": "lex", "strategy": "random", "final_regret": 9.814746856689453}
{"seed": 2, "user": 9, "mismatch": "lex", "strategy": "bald", "final_regret": 10.508834838867188}
{"seed": 2, "user": 9, "mismatch": "lex", "strategy": "voi", "final_regret": 9.827392578125}
{"seed": 2, "user": 9, "mismatch": "satisficing", "strategy": "random", "final_regret": 9.795230865478516}
{"seed": 2, "user": 9, "mismatch": "satisficing", "strategy": "bald", "final_regret": 9.604142189025879}
{"seed": 2, "user": 9, "mismatch": "satisficing", "strategy": "voi", "final_regret": 6.5820183753967285}
{"seed": 2, "user": 9, "mismatch": "fatigue", "strategy": "random", "final_regret": 11.377055168151855}
{"seed": 2, "user": 9, "mismatch": "fatigue", "strategy": "bald", "final_regret": 6.922468185424805}
{"seed": 2, "user": 9, "mismatch": "fatigue", "strategy": "voi", "final_regret": 9.9613037109375}
{"seed": 3, "user": 0, "mismatch": "pl", "strategy": "random", "final_regret": 0.05628395080566406}
{"seed": 3, "user": 0, "mismatch": "pl", "strategy": "bald", "final_regret": 0.33403778076171875}
{"seed": 3, "user": 0, "mismatch": "pl", "strategy": "voi", "final_regret": 0.39171409606933594}
{"seed": 3, "user": 0, "mismatch": "lex", "strategy": "random", "final_regret": 0.32420921325683594}
{"seed": 3, "user": 0, "mismatch": "lex", "strategy": "bald", "final_regret": 0.32420921325683594}
{"seed": 3, "user": 0, "mismatch": "lex", "strategy": "voi", "final_regret": 0.050624847412109375}
{"seed": 3, "user": 0, "mismatch": "satisficing", "strategy": "random", "final_regret": 0.33403778076171875}
{"seed": 3, "user": 0, "mismatch": "satisficing", "strategy": "bald", "final_regret": 0.31540870666503906}
{"seed": 3, "user": 0, "mismatch": "satisficing", "strategy": "voi", "final_regret": 0.32219886779785156}
{"seed": 3, "user": 0, "mismatch": "fatigue", "strategy": "random", "final_regret": 4.640790939331055}
{"seed": 3, "user": 0, "mismatch": "fatigue", "strategy": "bald", "final_regret": 0.43798065185546875}
{"seed": 3, "user": 0, "mismatch": "fatigue", "strategy": "voi", "final_regret": 0.367584228515625}
{"seed": 3, "user": 1, "mismatch": "pl", "strategy": "random", "final_regret": 0.08298110961914062}
{"seed": 3, "user": 1, "mismatch": "pl", "strategy": "bald", "final_regret": 0.08502197265625}
{"seed": 3, "user": 1, "mismatch": "pl", "strategy": "voi", "final_regret": 0.0254669189453125}
{"seed": 3, "user": 1, "mismatch": "lex", "strategy": "random", "final_regret": 0.043247222900390625}
{"seed": 3, "user": 1, "mismatch": "lex", "strategy": "bald", "final_regret": 0.05405616760253906}
{"seed": 3, "user": 1, "mismatch": "lex", "strategy": "voi", "final_regret": 0.05405616760253906}
{"seed": 3, "user": 1, "mismatch": "satisficing", "strategy": "random", "final_regret": 0.015317916870117188}
{"seed": 3, "user": 1, "mismatch": "satisficing", "strategy": "bald", "final_regret": 0.08517074584960938}
{"seed": 3, "user": 1, "mismatch": "satisficing", "strategy": "voi", "final_regret": 0.2992687225341797}
{"seed": 3, "user": 1, "mismatch": "fatigue", "strategy": "random", "final_regret": 0.10269927978515625}
{"seed": 3, "user": 1, "mismatch": "fatigue", "strategy": "bald", "final_regret": 0.6568107604980469}
{"seed": 3, "user": 1, "mismatch": "fatigue", "strategy": "voi", "final_regret": 0.087249755859375}
{"seed": 3, "user": 2, "mismatch": "pl", "strategy": "random", "final_regret": 0.03333282470703125}
{"seed": 3, "user": 2, "mismatch": "pl", "strategy": "bald", "final_regret": 0.16254234313964844}
{"seed": 3, "user": 2, "mismatch": "pl", "strategy": "voi", "final_regret": 0.02855682373046875}
{"seed": 3, "user": 2, "mismatch": "lex", "strategy": "random", "final_regret": 0.2265796661376953}
{"seed": 3, "user": 2, "mismatch": "lex", "strategy": "bald", "final_regret": 0.18138504028320312}
{"seed": 3, "user": 2, "mismatch": "lex", "strategy": "voi", "final_regret": 0.17523956298828125}
{"seed": 3, "user": 2, "mismatch": "satisficing", "strategy": "random", "final_regret": 0.10502815246582031}
{"seed": 3, "user": 2, "mismatch": "satisficing", "strategy": "bald", "final_regret": 0.17523956298828125}
{"seed": 3, "user": 2, "mismatch": "satisficing", "strategy": "voi", "final_regret": 0.0640716552734375}
{"seed": 3, "user": 2, "mismatch": "fatigue", "strategy": "random", "final_regret": 6.096404075622559}
{"seed": 3, "user": 2, "mismatch": "fatigue", "strategy": "bald", "final_regret": 0.026185989379882812}
{"seed": 3, "user": 2, "mismatch": "fatigue", "strategy": "voi", "final_regret": 0.11232566833496094}
{"seed": 3, "user": 3, "mismatch": "pl", "strategy": "random", "final_regret": 0.05312538146972656}
{"seed": 3, "user": 3, "mismatch": "pl", "strategy": "bald", "final_regret": 0.04282569885253906}
{"seed": 3, "user": 3, "mismatch": "pl", "strategy": "voi", "final_regret": 0.4298095703125}
{"seed": 3, "user": 3, "mismatch": "lex", "strategy": "random", "final_regret": 0.08104896545410156}
{"seed": 3, "user": 3, "mismatch": "lex", "strategy": "bald", "final_regret": 4.549649238586426}
{"seed": 3, "user": 3, "mismatch": "lex", "strategy": "voi", "final_regret": 4.580503463745117}
{"seed": 3, "user": 3, "mismatch": "satisficing", "strategy": "random", "final_regret": 0.05312538146972656}
{"seed": 3, "user": 3, "mismatch": "satisficing", "strategy": "bald", "final_regret": 0.08128738403320312}
{"seed": 3, "user": 3, "mismatch": "satisficing", "strategy": "voi", "final_regret": 0.04725456237792969}
{"seed": 3, "user": 3, "mismatch": "fatigue", "strategy": "random", "final_regret": 0.08963394165039062}
{"seed": 3, "user": 3, "mismatch": "fatigue", "strategy": "bald", "final_regret": 0.06237602233886719}
{"seed": 3, "user": 3, "mismatch": "fatigue", "strategy": "voi", "final_regret": 5.755893707275391}
{"seed": 3, "user": 4, "mismatch": "pl", "strategy": "random", "final_regret": 1.8746089935302734}
{"seed": 3, "user": 4, "mismatch": "pl", "strategy": "bald", "final_regret": 0.1161041259765625}
{"seed": 3, "user": 4, "mismatch": "pl", "strategy": "voi", "final_regret": 1.808990478515625}
{"seed": 3, "user": 4, "mismatch": "lex", "strategy": "random", "final_regret": 1.834268569946289}
{"seed": 3, "user": 4, "mismatch": "lex", "strategy": "bald", "final_regret": 1.7794437408447266}
{"seed": 3, "user": 4, "mismatch": "lex", "strategy": "voi", "final_regret": 0.22397232055664062}
{"seed": 3, "user": 4, "mismatch": "satisficing", "strategy": "random", "final_regret": 1.8099136352539062}
{"seed": 3, "user": 4, "mismatch": "satisficing", "strategy": "bald", "final_regret": 1.7791328430175781}
{"seed": 3, "user": 4, "mismatch": "satisficing", "strategy": "voi", "final_regret": 1.9483985900878906}
{"seed": 3, "user": 4, "mismatch": "fatigue", "strategy": "random", "final_regret": 0.2635002136230469}
{"seed": 3, "user": 4, "mismatch": "fatigue", "strategy": "bald", "final_regret": 1.7791328430175781}
{"seed": 3, "user": 4, "mismatch": "fatigue", "strategy": "voi", "final_regret": 0.2710418701171875}
{"seed": 3, "user": 5, "mismatch": "pl", "strategy": "random", "final_regret": 7.065834045410156}
{"seed": 3, "user": 5, "mismatch": "pl", "strategy": "bald", "final_regret": 7.3898773193359375}
{"seed": 3, "user": 5, "mismatch": "pl", "strategy": "voi", "final_regret": 7.187227249145508}
{"seed": 3, "user": 5, "mismatch": "lex", "strategy": "random", "final_regret": 4.673282623291016}
{"seed": 3, "user": 5, "mismatch": "lex", "strategy": "bald", "final_regret": 4.177082061767578}
{"seed": 3, "user": 5, "mismatch": "lex", "strategy": "voi", "final_regret": 7.21473503112793}
{"seed": 3, "user": 5, "mismatch": "satisficing", "strategy": "random", "final_regret": 7.286617279052734}
{"seed": 3, "user": 5, "mismatch": "satisficing", "strategy": "bald", "final_regret": 7.38945198059082}
{"seed": 3, "user": 5, "mismatch": "satisficing", "strategy": "voi", "final_regret": 7.21473503112793}
{"seed": 3, "user": 5, "mismatch": "fatigue", "strategy": "random", "final_regret": 7.233058929443359}
{"seed": 3, "user": 5, "mismatch": "fatigue", "strategy": "bald", "final_regret": 4.673282623291016}
{"seed": 3, "user": 5, "mismatch": "fatigue", "strategy": "voi", "final_regret": 7.463720321655273}
{"seed": 3, "user": 6, "mismatch": "pl", "strategy": "random", "final_regret": 7.842524528503418}
{"seed": 3, "user": 6, "mismatch": "pl", "strategy": "bald", "final_regret": 0.19403648376464844}
{"seed": 3, "user": 6, "mismatch": "pl", "strategy": "voi", "final_regret": 6.972986221313477}
{"seed": 3, "user": 6, "mismatch": "lex", "strategy": "random", "final_regret": 7.72352409362793}
{"seed": 3, "user": 6, "mismatch": "lex", "strategy": "bald", "final_regret": 0.18491554260253906}
{"seed": 3, "user": 6, "mismatch": "lex", "strategy": "voi", "final_regret": 7.9634552001953125}
{"seed": 3, "user": 6, "mismatch": "satisficing", "strategy": "random", "final_regret": 5.112034797668457}
{"seed": 3, "user": 6, "mismatch": "satisficing", "strategy": "bald", "final_regret": 7.641000747680664}
{"seed": 3, "user": 6, "mismatch": "satisficing", "strategy": "voi", "final_regret": 7.719508171081543}
{"seed": 3, "user": 6, "mismatch": "fatigue", "strategy": "random", "final_regret": 5.586764335632324}
{"seed": 3, "user": 6, "mismatch": "fatigue", "strategy": "bald", "final_regret": 7.808188438415527}
{"seed": 3, "user": 6, "mismatch": "fatigue", "strategy": "voi", "final_regret": 7.296624183654785}
{"seed": 3, "user": 7, "mismatch": "pl", "strategy": "random", "final_regret": 2.616384506225586}
{"seed": 3, "user": 7, "mismatch": "pl", "strategy": "bald", "final_regret": 4.17369270324707}
{"seed": 3, "user": 7, "mismatch": "pl", "strategy": "voi", "final_regret": 4.158649444580078}
{"seed": 3, "user": 7, "mismatch": "lex", "strategy": "random", "final_regret": 4.02425479888916}
{"seed": 3, "user": 7, "mismatch": "lex", "strategy": "bald", "final_regret": 4.951526165008545}
{"seed": 3, "user": 7, "mismatch": "lex", "strategy": "voi", "final_regret": 5.144402980804443}
{"seed": 3, "user": 7, "mismatch": "satisficing", "strategy": "random", "final_regret": 4.179216384887695}
{"seed": 3, "user": 7, "mismatch": "satisficing", "strategy": "bald", "final_regret": 4.284039497375488}
{"seed": 3, "user": 7, "mismatch": "satisficing", "strategy": "voi", "final_regret": 4.208392143249512}
{"seed": 3, "user": 7, "mismatch": "fatigue", "strategy": "random", "final_regret": 1.8749685287475586}
{"seed": 3, "user": 7, "mismatch": "fatigue", "strategy": "bald", "final_regret": 4.214438438415527}
{"seed": 3, "user": 7, "mismatch": "fatigue", "strategy": "voi", "final_regret": 4.069530487060547}
{"seed": 3, "user": 8, "mismatch": "pl", "strategy": "random", "final_regret": 2.8679304122924805}
{"seed": 3, "user": 8, "mismatch": "pl", "strategy": "bald", "final_regret": 6.478275299072266}
{"seed": 3, "user": 8, "mismatch": "pl", "strategy": "voi", "final_regret": 0.1746063232421875}
{"seed": 3, "user": 8, "mismatch": "lex", "strategy": "random", "final_regret": 2.886427879333496}
{"seed": 3, "user": 8, "mismatch": "lex", "strategy": "bald", "final_regret": 6.4847822189331055}
{"seed": 3, "user": 8, "mismatch": "lex", "strategy": "voi", "final_regret": 6.61945915222168}
{"seed": 3, "user": 8, "mismatch": "satisficing", "strategy": "random", "final_regret": 0.07677841186523438}
{"seed": 3, "user": 8, "mismatch": "satisficing", "strategy": "bald", "final_regret": 0.18416213989257812}
{"seed": 3, "user": 8, "mismatch": "satisficing", "strategy": "voi", "final_regret": 0.054599761962890625}
{"seed": 3, "user": 8, "mismatch": "fatigue", "strategy": "random", "final_regret": 0.01183319091796875}
{"seed": 3, "user": 8, "mismatch": "fatigue", "strategy": "bald", "final_regret": 0.017023086547851562}
{"seed": 3, "user": 8, "mismatch": "fatigue", "strategy": "voi", "final_regret": 0.07190132141113281}
{"seed": 3, "user": 9, "mismatch": "pl", "strategy": "random", "final_regret": 0.19454002380371094}
{"seed": 3, "user": 9, "mismatch": "pl", "strategy": "bald", "final_regret": 0.13524627685546875}
{"seed": 3, "user": 9, "mismatch": "pl", "strategy": "voi", "final_regret": 0.05367279052734375}
{"seed": 3, "user": 9, "mismatch": "lex", "strategy": "random", "final_regret": 1.9670124053955078}
{"seed": 3, "user": 9, "mismatch": "lex", "strategy": "bald", "final_regret": 0.05640220642089844}
{"seed": 3, "user": 9, "mismatch": "lex", "strategy": "voi", "final_regret": 4.505546569824219}
{"seed": 3, "user": 9, "mismatch": "satisficing", "strategy": "random", "final_regret": 0.11475944519042969}
{"seed": 3, "user": 9, "mismatch": "satisficing", "strategy": "bald", "final_regret": 0.05640220642089844}
{"seed": 3, "user": 9, "mismatch": "satisficing", "strategy": "voi", "final_regret": 0.1765613555908203}
{"seed": 3, "user": 9, "mismatch": "fatigue", "strategy": "random", "final_regret": 1.978602409362793}
{"seed": 3, "user": 9, "mismatch": "fatigue", "strategy": "bald", "final_regret": 0.20767784118652344}
{"seed": 3, "user": 9, "mismatch": "fatigue", "strategy": "voi", "final_regret": 0.151611328125}
{"seed": 4, "user": 0, "mismatch": "pl", "strategy": "random", "final_regret": 0.35375404357910156}
{"seed": 4, "user": 0, "mismatch": "pl", "strategy": "bald", "final_regret": 8.865364074707031}
{"seed": 4, "user": 0, "mismatch": "pl", "strategy": "voi", "final_regret": 0.35335540771484375}
{"seed": 4, "user": 0, "mismatch": "lex", "strategy": "random", "final_regret": 0.120697021484375}
{"seed": 4, "user": 0, "mismatch": "lex", "strategy": "bald", "final_regret": 0.16048812866210938}
{"seed": 4, "user": 0, "mismatch": "lex", "strategy": "voi", "final_regret": 0.1460399627685547}
{"seed": 4, "user": 0, "mismatch": "satisficing", "strategy": "random", "final_regret": 4.991125106811523}
{"seed": 4, "user": 0, "mismatch": "satisficing", "strategy": "bald", "final_regret": 6.730691909790039}
{"seed": 4, "user": 0, "mismatch": "satisficing", "strategy": "voi", "final_regret": 0.28467559814453125}
{"seed": 4, "user": 0, "mismatch": "fatigue", "strategy": "random", "final_regret": 0.19299888610839844}
{"seed": 4, "user": 0, "mismatch": "fatigue", "strategy": "bald", "final_regret": 11.549924850463867}
{"seed": 4, "user": 0, "mismatch": "fatigue", "strategy": "voi", "final_regret": 0.19516754150390625}
{"seed": 4, "user": 1, "mismatch": "pl", "strategy": "random", "final_regret": 9.746353149414062}
{"seed": 4, "user": 1, "mismatch": "pl", "strategy": "bald", "final_regret": 3.7469615936279297}
{"seed": 4, "user": 1, "mismatch": "pl", "strategy": "voi", "final_regret": 0.15148162841796875}
{"seed": 4, "user": 1, "mismatch": "lex", "strategy": "random", "final_regret": 3.8766565322875977}
{"seed": 4, "user": 1, "mismatch": "lex", "strategy": "bald", "final_regret": 4.047739028930664}
{"seed": 4, "user": 1, "mismatch": "lex", "strategy": "voi", "final_regret": 4.094046592712402}
{"seed": 4, "user": 1, "mismatch": "satisficing", "strategy": "random", "final_regret": 4.418128967285156}
{"seed": 4, "user": 1, "mismatch": "satisficing", "strategy": "bald", "final_regret": 9.573905944824219}
{"seed": 4, "user": 1, "mismatch": "satisficing", "strategy": "voi", "final_regret": 3.0187082290649414}
{"seed": 4, "user": 1, "mismatch": "fatigue", "strategy": "random", "final_regret": 4.1186723709106445}
{"seed": 4, "user": 1, "mismatch": "fatigue", "strategy": "bald", "final_regret": 4.059975624084473}
{"seed": 4, "user": 1, "mismatch": "fatigue", "strategy": "voi", "final_regret": 4.406859397888184}
{"seed": 4, "user": 2, "mismatch": "pl", "strategy": "random", "final_regret": 5.521429061889648}
{"seed": 4, "user": 2, "mismatch": "pl", "strategy": "bald", "final_regret": 4.909631729125977}
{"seed": 4, "user": 2, "mismatch": "pl", "strategy": "voi", "final_regret": 0.0701141357421875}
{"seed": 4, "user": 2, "mismatch": "lex", "strategy": "random", "final_regret": 4.345912933349609}
{"seed": 4, "user": 2, "mismatch": "lex", "strategy": "bald", "final_regret": 6.242847442626953}
{"seed": 4, "user": 2, "mismatch": "lex", "strategy": "voi", "final_regret": 0.10353851318359375}
{"seed": 4, "user": 2, "mismatch": "satisficing", "strategy": "random", "final_regret": 6.345060348510742}
{"seed": 4, "user": 2, "mismatch": "satisficing", "strategy": "bald", "final_regret": 8.499755859375}
{"seed": 4, "user": 2, "mismatch": "satisficing", "strategy": "voi", "final_regret": 5.619976043701172}
{"seed": 4, "user": 2, "mismatch": "fatigue", "strategy": "random", "final_regret": 0.13315773010253906}
{"seed": 4, "user": 2, "mismatch": "fatigue", "strategy": "bald", "final_regret": 5.752895355224609}
{"seed": 4, "user": 2, "mismatch": "fatigue", "strategy": "voi", "final_regret": 3.6696510314941406}
{"seed": 4, "user": 3, "mismatch": "pl", "strategy": "random", "final_regret": 6.045533180236816}
{"seed": 4, "user": 3, "mismatch": "pl", "strategy": "bald", "final_regret": 6.112271308898926}
{"seed": 4, "user": 3, "mismatch": "pl", "strategy": "voi", "final_regret": 2.936107635498047}
{"seed": 4, "user": 3, "mismatch": "lex", "strategy": "random", "final_regret": 9.911747932434082}
{"seed": 4, "user": 3, "mismatch": "lex", "strategy": "bald", "final_regret": 0.030797958374023438}
{"seed": 4, "user": 3, "mismatch": "lex", "strategy": "voi", "final_regret": 1.5828933715820312}
{"seed": 4, "user": 3, "mismatch": "satisficing", "strategy": "random", "final_regret": 0.04372215270996094}
{"seed": 4, "user": 3, "mismatch": "satisficing", "strategy": "bald", "final_regret": 5.365609169006348}
{"seed": 4, "user": 3, "mismatch": "satisficing", "strategy": "voi", "final_regret": 5.397547721862793}
{"seed": 4, "user": 3, "mismatch": "fatigue", "strategy": "random", "final_regret": 12.542750358581543}
{"seed": 4, "user": 3, "mismatch": "fatigue", "strategy": "bald", "final_regret": 6.067560195922852}
{"seed": 4, "user": 3, "mismatch": "fatigue", "strategy": "voi", "final_regret": 1.3191490173339844}
{"seed": 4, "user": 4, "mismatch": "pl", "strategy": "random", "final_regret": 1.3190383911132812}
{"seed": 4, "user": 4, "mismatch": "pl", "strategy": "bald", "final_regret": 6.754617691040039}
{"seed": 4, "user": 4, "mismatch": "pl", "strategy": "voi", "final_regret": 1.0518779754638672}
{"seed": 4, "user": 4, "mismatch": "lex", "strategy": "random", "final_regret": 1.7641983032226562}
{"seed": 4, "user": 4, "mismatch": "lex", "strategy": "bald", "final_regret": 1.7592430114746094}
{"seed": 4, "user": 4, "mismatch": "lex", "strategy": "voi", "final_regret": 1.7981433868408203}
{"seed": 4, "user": 4, "mismatch": "satisficing", "strategy": "random", "final_regret": 1.7641983032226562}
{"seed": 4, "user": 4, "mismatch": "satisficing", "strategy": "bald", "final_regret": 1.3854236602783203}
{"seed": 4, "user": 4, "mismatch": "satisficing", "strategy": "voi", "final_regret": 1.914957046508789}
{"seed": 4, "user": 4, "mismatch": "fatigue", "strategy": "random", "final_regret": 0.9133777618408203}
{"seed": 4, "user": 4, "mismatch": "fatigue", "strategy": "bald", "final_regret": 1.326089859008789}
{"seed": 4, "user": 4, "mismatch": "fatigue", "strategy": "voi", "final_regret": 1.4360122680664062}
{"seed": 4, "user": 5, "mismatch": "pl", "strategy": "random", "final_regret": 0.06307125091552734}
{"seed": 4, "user": 5, "mismatch": "pl", "strategy": "bald", "final_regret": 0.21779727935791016}
{"seed": 4, "user": 5, "mismatch": "pl", "strategy": "voi", "final_regret": 6.040040969848633}
{"seed": 4, "user": 5, "mismatch": "lex", "strategy": "random", "final_regret": 5.170198917388916}
{"seed": 4, "user": 5, "mismatch": "lex", "strategy": "bald", "final_regret": 8.436979293823242}
{"seed": 4, "user": 5, "mismatch": "lex", "strategy": "voi", "final_regret": 5.0221428871154785}
{"seed": 4, "user": 5, "mismatch": "satisficing", "strategy": "random", "final_regret": 5.008159160614014}
{"seed": 4, "user": 5, "mismatch": "satisficing", "strategy": "bald", "final_regret": 1.9848718643188477}
{"seed": 4, "user": 5, "mismatch": "satisficing", "strategy": "voi", "final_regret": 5.591400623321533}
{"seed": 4, "user": 5, "mismatch": "fatigue", "strategy": "random", "final_regret": 5.20129919052124}
{"seed": 4, "user": 5, "mismatch": "fatigue", "strategy": "bald", "final_regret": 8.67135238647461}
{"seed": 4, "user": 5, "mismatch": "fatigue", "strategy": "voi", "final_regret": 2.728236198425293}
{"seed": 4, "user": 6, "mismatch": "pl", "strategy": "random", "final_regret": 8.367125511169434}
{"seed": 4, "user": 6, "mismatch": "pl", "strategy": "bald", "final_regret": 2.966154098510742}
{"seed": 4, "user": 6, "mismatch": "pl", "strategy": "voi", "final_regret": 7.537946701049805}
{"seed": 4, "user": 6, "mismatch": "lex", "strategy": "random", "final_regret": 2.4561519622802734}
{"seed": 4, "user": 6, "mismatch": "lex", "strategy": "bald", "final_regret": 2.2807483673095703}
{"seed": 4, "user": 6, "mismatch": "lex", "strategy": "voi", "final_regret": 2.3963489532470703}
{"seed": 4, "user": 6, "mismatch": "satisficing", "strategy": "random", "final_regret": 8.444433212280273}
{"seed": 4, "user": 6, "mismatch": "satisficing", "strategy": "bald", "final_regret": 2.912199020385742}
{"seed": 4, "user": 6, "mismatch": "satisficing", "strategy": "voi", "final_regret": 2.9408836364746094}
{"seed": 4, "user": 6, "mismatch": "fatigue", "strategy": "random", "final_regret": 9.79779052734375}
{"seed": 4, "user": 6, "mismatch": "fatigue", "strategy": "bald", "final_regret": 5.230231285095215}
{"seed": 4, "user": 6, "mismatch": "fatigue", "strategy": "voi", "final_regret": 7.2406158447265625}
{"seed": 4, "user": 7, "mismatch": "pl", "strategy": "random", "final_regret": 3.9890270233154297}
{"seed": 4, "user": 7, "mismatch": "pl", "strategy": "bald", "final_regret": 3.759463310241699}
{"seed": 4, "user": 7, "mismatch": "pl", "strategy": "voi", "final_regret": 2.2060861587524414}
{"seed": 4, "user": 7, "mismatch": "lex", "strategy": "random", "final_regret": 1.603292465209961}
{"seed": 4, "user": 7, "mismatch": "lex", "strategy": "bald", "final_regret": 1.5084419250488281}
{"seed": 4, "user": 7, "mismatch": "lex", "strategy": "voi", "final_regret": 1.603292465209961}
{"seed": 4, "user": 7, "mismatch": "satisficing", "strategy": "random", "final_regret": 5.971025466918945}
{"seed": 4, "user": 7, "mismatch": "satisficing", "strategy": "bald", "final_regret": 5.2487077713012695}
{"seed": 4, "user": 7, "mismatch": "satisficing", "strategy": "voi", "final_regret": 2.530137062072754}
{"seed": 4, "user": 7, "mismatch": "fatigue", "strategy": "random", "final_regret": 10.43696403503418}
{"seed": 4, "user": 7, "mismatch": "fatigue", "strategy": "bald", "final_regret": 2.2314834594726562}
{"seed": 4, "user": 7, "mismatch": "fatigue", "strategy": "voi", "final_regret": 2.077260971069336}
{"seed": 4, "user": 8, "mismatch": "pl", "strategy": "random", "final_regret": 0.3506793975830078}
{"seed": 4, "user": 8, "mismatch": "pl", "strategy": "bald", "final_regret": 6.741018295288086}
{"seed": 4, "user": 8, "mismatch": "pl", "strategy": "voi", "final_regret": 6.605581283569336}
{"seed": 4, "user": 8, "mismatch": "lex", "strategy": "random", "final_regret": 5.988979339599609}
{"seed": 4, "user": 8, "mismatch": "lex", "strategy": "bald", "final_regret": 5.587306976318359}
{"seed": 4, "user": 8, "mismatch": "lex", "strategy": "voi", "final_regret": 5.562662124633789}
{"seed": 4, "user": 8, "mismatch": "satisficing", "strategy": "random", "final_regret": 0.25089263916015625}
{"seed": 4, "user": 8, "mismatch": "satisficing", "strategy": "bald", "final_regret": 5.66131591796875}
{"seed": 4, "user": 8, "mismatch": "satisficing", "strategy": "voi", "final_regret": 5.660144805908203}
{"seed": 4, "user": 8, "mismatch": "fatigue", "strategy": "random", "final_regret": 6.811832427978516}
{"seed": 4, "user": 8, "mismatch": "fatigue", "strategy": "bald", "final_regret": 8.531390190124512}
{"seed": 4, "user": 8, "mismatch": "fatigue", "strategy": "voi", "final_regret": 6.7336883544921875}
{"seed": 4, "user": 9, "mismatch": "pl", "strategy": "random", "final_regret": 9.639055252075195}
{"seed": 4, "user": 9, "mismatch": "pl", "strategy": "bald", "final_regret": 0.23407363891601562}
{"seed": 4, "user": 9, "mismatch": "pl", "strategy": "voi", "final_regret": 2.0668249130249023}
{"seed": 4, "user": 9, "mismatch": "lex", "strategy": "random", "final_regret": 14.075740814208984}
{"seed": 4, "user": 9, "mismatch": "lex", "strategy": "bald", "final_regret": 11.33560562133789}
{"seed": 4, "user": 9, "mismatch": "lex", "strategy": "voi", "final_regret": 0.2606315612792969}
{"seed": 4, "user": 9, "mismatch": "satisficing", "strategy": "random", "final_regret": 9.238543510437012}
{"seed": 4, "user": 9, "mismatch": "satisficing", "strategy": "bald", "final_regret": 4.83469295501709}
{"seed": 4, "user": 9, "mismatch": "satisficing", "strategy": "voi", "final_regret": 0.2606315612792969}
{"seed": 4, "user": 9, "mismatch": "fatigue", "strategy": "random", "final_regret": 6.713048934936523}
{"seed": 4, "user": 9, "mismatch": "fatigue", "strategy": "bald", "final_regret": 7.063006401062012}
{"seed": 4, "user": 9, "mismatch": "fatigue", "strategy": "voi", "final_regret": 0.29693031311035156}
{"seed": 5, "user": 0, "mismatch": "pl", "strategy": "random", "final_regret": 2.0365867614746094}
{"seed": 5, "user": 0, "mismatch": "pl", "strategy": "bald", "final_regret": 0.2328968048095703}
{"seed": 5, "user": 0, "mismatch": "pl", "strategy": "voi", "final_regret": 3.7549285888671875}
{"seed": 5, "user": 0, "mismatch": "lex", "strategy": "random", "final_regret": 1.4631671905517578}
{"seed": 5, "user": 0, "mismatch": "lex", "strategy": "bald", "final_regret": 1.7326374053955078}
{"seed": 5, "user": 0, "mismatch": "lex", "strategy": "voi", "final_regret": 1.4202041625976562}
{"seed": 5, "user": 0, "mismatch": "satisficing", "strategy": "random", "final_regret": 1.3471660614013672}
{"seed": 5, "user": 0, "mismatch": "satisficing", "strategy": "bald", "final_regret": 1.7326374053955078}
{"seed": 5, "user": 0, "mismatch": "satisficing", "strategy": "voi", "final_regret": 1.7459602355957031}
{"seed": 5, "user": 0, "mismatch": "fatigue", "strategy": "random", "final_regret": 1.8752269744873047}
{"seed": 5, "user": 0, "mismatch": "fatigue", "strategy": "bald", "final_regret": 1.4250144958496094}
{"seed": 5, "user": 0, "mismatch": "fatigue", "strategy": "voi", "final_regret": 2.229135513305664}
{"seed": 5, "user": 1, "mismatch": "pl", "strategy": "random", "final_regret": 2.0608901977539062}
{"seed": 5, "user": 1, "mismatch": "pl", "strategy": "bald", "final_regret": 1.8769378662109375}
{"seed": 5, "user": 1, "mismatch": "pl", "strategy": "voi", "final_regret": 0.06181907653808594}
{"seed": 5, "user": 1, "mismatch": "lex", "strategy": "random", "final_regret": 0.6742210388183594}
{"seed": 5, "user": 1, "mismatch": "lex", "strategy": "bald", "final_regret": 0.9470958709716797}
{"seed": 5, "user": 1, "mismatch": "lex", "strategy": "voi", "final_regret": 0.6576786041259766}
{"seed": 5, "user": 1, "mismatch": "satisficing", "strategy": "random", "final_regret": 1.2382621765136719}
{"seed": 5, "user": 1, "mismatch": "satisficing", "strategy": "bald", "final_regret": 1.8831729888916016}
{"seed": 5, "user": 1, "mismatch": "satisficing", "strategy": "voi", "final_regret": 0.8346481323242188}
{"seed": 5, "user": 1, "mismatch": "fatigue", "strategy": "random", "final_regret": 0.21267318725585938}
{"seed": 5, "user": 1, "mismatch": "fatigue", "strategy": "bald", "final_regret": 1.9916105270385742}
{"seed": 5, "user": 1, "mismatch": "fatigue", "strategy": "voi", "final_regret": 0.48802947998046875}
{"seed": 5, "user": 2, "mismatch": "pl", "strategy": "random", "final_regret": 0.3045482635498047}
{"seed": 5, "user": 2, "mismatch": "pl", "strategy": "bald", "final_regret": 0.3270301818847656}
{"seed": 5, "user": 2, "mismatch": "pl", "strategy": "voi", "final_regret": 4.029889106750488}
{"seed": 5, "user": 2, "mismatch": "lex", "strategy": "random", "final_regret": 2.474903106689453}
{"seed": 5, "user": 2, "mismatch": "lex", "strategy": "bald", "final_regret": 0.02906036376953125}
{"seed": 5, "user": 2, "mismatch": "lex", "strategy": "voi", "final_regret": 0.02906036376953125}
{"seed": 5, "user": 2, "mismatch": "satisficing", "strategy": "random", "final_regret": 0.034114837646484375}
{"seed": 5, "user": 2, "mismatch": "satisficing", "strategy": "bald", "final_regret": 5.445183753967285}
{"seed": 5, "user": 2, "mismatch": "satisficing", "strategy": "voi", "final_regret": 0.9350376129150391}
{"seed": 5, "user": 2, "mismatch": "fatigue", "strategy": "random", "final_regret": 11.465478897094727}
{"seed": 5, "user": 2, "mismatch": "fatigue", "strategy": "bald", "final_regret": 0.07238197326660156}
{"seed": 5, "user": 2, "mismatch": "fatigue", "strategy": "voi", "final_regret": 0.3140373229980469}
{"seed": 5, "user": 3, "mismatch": "pl", "strategy": "random", "final_regret": 7.406023025512695}
{"seed": 5, "user": 3, "mismatch": "pl", "strategy": "bald", "final_regret": 2.7298197746276855}
{"seed": 5, "user": 3, "mismatch": "pl", "strategy": "voi", "final_regret": 2.8628265857696533}
{"seed": 5, "user": 3, "mismatch": "lex", "strategy": "random", "final_regret": 0.04738473892211914}
{"seed": 5, "user": 3, "mismatch": "lex", "strategy": "bald", "final_regret": 2.3575100898742676}
{"seed": 5, "user": 3, "mismatch": "lex", "strategy": "voi", "final_regret": 2.76442289352417}
{"seed": 5, "user": 3, "mismatch": "satisficing", "strategy": "random", "final_regret": 13.198352813720703}
{"seed": 5, "user": 3, "mismatch": "satisficing", "strategy": "bald", "final_regret": 13.00871467590332}
{"seed": 5, "user": 3, "mismatch": "satisficing", "strategy": "voi", "final_regret": 2.9688377380371094}
{"seed": 5, "user": 3, "mismatch": "fatigue", "strategy": "random", "final_regret": 0.7970876693725586}
{"seed": 5, "user": 3, "mismatch": "fatigue", "strategy": "bald", "final_regret": 13.406547546386719}
{"seed": 5, "user": 3, "mismatch": "fatigue", "strategy": "voi", "final_regret": 3.138201951980591}
{"seed": 5, "user": 4, "mismatch": "pl", "strategy": "random", "final_regret": 0.15406036376953125}
{"seed": 5, "user": 4, "mismatch": "pl", "strategy": "bald", "final_regret": 0.7367830276489258}
{"seed": 5, "user": 4, "mismatch": "pl", "strategy": "voi", "final_regret": 1.5554780960083008}
{"seed": 5, "user": 4, "mismatch": "lex", "strategy": "random", "final_regret": 0.04313850402832031}
{"seed": 5, "user": 4, "mismatch": "lex", "strategy": "bald", "final_regret": 0.008904457092285156}
{"seed": 5, "user": 4, "mismatch": "lex", "strategy": "voi", "final_regret": -4.76837158203125e-06}
{"seed": 5, "user": 4, "mismatch": "satisficing", "strategy": "random", "final_regret": 0.6316890716552734}
{"seed": 5, "user": 4, "mismatch": "satisficing", "strategy": "bald", "final_regret": 0.11700248718261719}
{"seed": 5, "user": 4, "mismatch": "satisficing", "strategy": "voi", "final_regret": 4.295448303222656}
{"seed": 5, "user": 4, "mismatch": "fatigue", "strategy": "random", "final_regret": 1.0670194625854492}
{"seed": 5, "user": 4, "mismatch": "fatigue", "strategy": "bald", "final_regret": 0.017119407653808594}
{"seed": 5, "user": 4, "mismatch": "fatigue", "strategy": "voi", "final_regret": 3.936206817626953}
{"seed": 5, "user": 5, "mismatch": "pl", "strategy": "random", "final_regret": 0.30496978759765625}
{"seed": 5, "user": 5, "mismatch": "pl", "strategy": "bald", "final_regret": 1.8670806884765625}
{"seed": 5, "user": 5, "mismatch": "pl", "strategy": "voi", "final_regret": 0.6553173065185547}
{"seed": 5, "user": 5, "mismatch": "lex", "strategy": "random", "final_regret": 0.12097549438476562}
{"seed": 5, "user": 5, "mismatch": "lex", "strategy": "bald", "final_regret": 0.8941307067871094}
{"seed": 5, "user": 5, "mismatch": "lex", "strategy": "voi", "final_regret": 1.236135482788086}
{"seed": 5, "user": 5, "mismatch": "satisficing", "strategy": "random", "final_regret": 0.09993362426757812}
{"seed": 5, "user": 5, "mismatch": "satisficing", "strategy": "bald", "final_regret": 0.6360549926757812}
{"seed": 5, "user": 5, "mismatch": "satisficing", "strategy": "voi", "final_regret": 0.1903076171875}
{"seed": 5, "user": 5, "mismatch": "fatigue", "strategy": "random", "final_regret": 4.798398971557617}
{"seed": 5, "user": 5, "mismatch": "fatigue", "strategy": "bald", "final_regret": 4.766513824462891}
{"seed": 5, "user": 5, "mismatch": "fatigue", "strategy": "voi", "final_regret": 0.212921142578125}
{"seed": 5, "user": 6, "mismatch": "pl", "strategy": "random", "final_regret": 2.3338069915771484}
{"seed": 5, "user": 6, "mismatch": "pl", "strategy": "bald", "final_regret": 1.533529281616211}
{"seed": 5, "user": 6, "mismatch": "pl", "strategy": "voi", "final_regret": 1.3807687759399414}
{"seed": 5, "user": 6, "mismatch": "lex", "strategy": "random", "final_regret": 1.356511116027832}
{"seed": 5, "user": 6, "mismatch": "lex", "strategy": "bald", "final_regret": 1.305161476135254}
{"seed": 5, "user": 6, "mismatch": "lex", "strategy": "voi", "final_regret": 1.3261852264404297}
{"seed": 5, "user": 6, "mismatch": "satisficing", "strategy": "random", "final_regret": 0.43526172637939453}
{"seed": 5, "user": 6, "mismatch": "satisficing", "strategy": "bald", "final_regret": 2.8338146209716797}
{"seed": 5, "user": 6, "mismatch": "satisficing", "strategy": "voi", "final_regret": 1.6459522247314453}
{"seed": 5, "user": 6, "mismatch": "fatigue", "strategy": "random", "final_regret": 1.386007308959961}
{"seed": 5, "user": 6, "mismatch": "fatigue", "strategy": "bald", "final_regret": 1.4396123886108398}
{"seed": 5, "user": 6, "mismatch": "fatigue", "strategy": "voi", "final_regret": 1.8232011795043945}
{"seed": 5, "user": 7, "mismatch": "pl", "strategy": "random", "final_regret": 2.1868648529052734}
{"seed": 5, "user": 7, "mismatch": "pl", "strategy": "bald", "final_regret": 8.148955345153809}
{"seed": 5, "user": 7, "mismatch": "pl", "strategy": "voi", "final_regret": 2.2069101333618164}
{"seed": 5, "user": 7, "mismatch": "lex", "strategy": "random", "final_regret": 2.120955467224121}
{"seed": 5, "user": 7, "mismatch": "lex", "strategy": "bald", "final_regret": 10.015902519226074}
{"seed": 5, "user": 7, "mismatch": "lex", "strategy": "voi", "final_regret": 2.4547510147094727}
{"seed": 5, "user": 7, "mismatch": "satisficing", "strategy": "random", "final_regret": 2.0657825469970703}
{"seed": 5, "user": 7, "mismatch": "satisficing", "strategy": "bald", "final_regret": 2.4296789169311523}
{"seed": 5, "user": 7, "mismatch": "satisficing", "strategy": "voi", "final_regret": 2.108915328979492}
{"seed": 5, "user": 7, "mismatch": "fatigue", "strategy": "random", "final_regret": 4.815990447998047}
{"seed": 5, "user": 7, "mismatch": "fatigue", "strategy": "bald", "final_regret": 2.1366424560546875}
{"seed": 5, "user": 7, "mismatch": "fatigue", "strategy": "voi", "final_regret": 2.540264129638672}
{"seed": 5, "user": 8, "mismatch": "pl", "strategy": "random", "final_regret": 0.5141410827636719}
{"seed": 5, "user": 8, "mismatch": "pl", "strategy": "bald", "final_regret": 4.906744003295898}
{"seed": 5, "user": 8, "mismatch": "pl", "strategy": "voi", "final_regret": 1.8359413146972656}
{"seed": 5, "user": 8, "mismatch": "lex", "strategy": "random", "final_regret": 1.0200023651123047}
{"seed": 5, "user": 8, "mismatch": "lex", "strategy": "bald", "final_regret": 3.711780548095703}
{"seed": 5, "user": 8, "mismatch": "lex", "strategy": "voi", "final_regret": 0.46581077575683594}
{"seed": 5, "user": 8, "mismatch": "satisficing", "strategy": "random", "final_regret": 8.55957317352295}
{"seed": 5, "user": 8, "mismatch": "satisficing", "strategy": "bald", "final_regret": 0.45145416259765625}
{"seed": 5, "user": 8, "mismatch": "satisficing", "strategy": "voi", "final_regret": 4.241640090942383}
{"seed": 5, "user": 8, "mismatch": "fatigue", "strategy": "random", "final_regret": 0.8304195404052734}
{"seed": 5, "user": 8, "mismatch": "fatigue", "strategy": "bald", "final_regret": 4.123623847961426}
{"seed": 5, "user": 8, "mismatch": "fatigue", "strategy": "voi", "final_regret": 2.853574752807617}
{"seed": 5, "user": 9, "mismatch": "pl", "strategy": "random", "final_regret": 0.5054721832275391}
{"seed": 5, "user": 9, "mismatch": "pl", "strategy": "bald", "final_regret": 0.3423748016357422}
{"seed": 5, "user": 9, "mismatch": "pl", "strategy": "voi", "final_regret": 0.06672096252441406}
{"seed": 5, "user": 9, "mismatch": "lex", "strategy": "random", "final_regret": 1.8364982604980469}
{"seed": 5, "user": 9, "mismatch": "lex", "strategy": "bald", "final_regret": 0.0392913818359375}
{"seed": 5, "user": 9, "mismatch": "lex", "strategy": "voi", "final_regret": 0.103118896484375}
{"seed": 5, "user": 9, "mismatch": "satisficing", "strategy": "random", "final_regret": 0.1693439483642578}
{"seed": 5, "user": 9, "mismatch": "satisficing", "strategy": "bald", "final_regret": 0.05146598815917969}
{"seed": 5, "user": 9, "mismatch": "satisficing", "strategy": "voi", "final_regret": 0.6824779510498047}
{"seed": 5, "user": 9, "mismatch": "fatigue", "strategy": "random", "final_regret": 1.8160247802734375}
{"seed": 5, "user": 9, "mismatch": "fatigue", "strategy": "bald", "final_regret": 0.0392913818359375}
{"seed": 5, "user": 9, "mismatch": "fatigue", "strategy": "voi", "final_regret": 0.24055862426757812}
EXIT:0
