{"seed": 0, "user": 0, "prior": "population", "final_regret": 6.319202423095703}
{"seed": 0, "user": 0, "prior": "uniform", "final_regret": 3.986980438232422}
{"seed": 0, "user": 0, "prior": "cheat", "final_regret": -2.86102294921875e-05}
{"seed": 0, "user": 1, "prior": "population", "final_regret": 2.5920448303222656}
{"seed": 0, "user": 1, "prior": "uniform", "final_regret": 4.369148254394531}
{"seed": 0, "user": 1, "prior": "cheat", "final_regret": -1.52587890625e-05}
{"seed": 0, "user": 2, "prior": "population", "final_regret": 0.002292633056640625}
{"seed": 0, "user": 2, "prior": "uniform", "final_regret": 0.10701751708984375}
{"seed": 0, "user": 2, "prior": "cheat", "final_regret": -1.71661376953125e-05}
{"seed": 0, "user": 3, "prior": "population", "final_regret": 4.107881546020508}
{"seed": 0, "user": 3, "prior": "uniform", "final_regret": 14.982074737548828}
{"seed": 0, "user": 3, "prior": "cheat", "final_regret": -1.71661376953125e-05}
{"seed": 0, "user": 4, "prior": "population", "final_regret": 1.6542892456054688}
{"seed": 0, "user": 4, "prior": "uniform", "final_regret": 6.184872627258301}
{"seed": 0, "user": 4, "prior": "cheat", "final_regret": -1.33514404296875e-05}
{"seed": 0, "user": 5, "prior": "population", "final_regret": 6.280540466308594}
{"seed": 0, "user": 5, "prior": "uniform", "final_regret": 15.520732879638672}
{"seed": 0, "user": 5, "prior": "cheat", "final_regret": -4.76837158203125e-06}
{"seed": 0, "user": 6, "prior": "population", "final_regret": 2.332357406616211}
{"seed": 0, "user": 6, "prior": "uniform", "final_regret": 10.01734733581543}
{"seed": 0, "user": 6, "prior": "cheat", "final_regret": -2.288818359375e-05}
{"seed": 0, "user": 7, "prior": "population", "final_regret": 0.2078876495361328}
{"seed": 0, "user": 7, "prior": "uniform", "final_regret": 0.7618627548217773}
{"seed": 0, "user": 7, "prior": "cheat", "final_regret": -1.52587890625e-05}
{"seed": 0, "user": 8, "prior": "population", "final_regret": 3.8762893676757812}
{"seed": 0, "user": 8, "prior": "uniform", "final_regret": 2.7720327377319336}
{"seed": 0, "user": 8, "prior": "cheat", "final_regret": -3.0517578125e-05}
{"seed": 0, "user": 9, "prior": "population", "final_regret": 1.6407232284545898}
{"seed": 0, "user": 9, "prior": "uniform", "final_regret": 0.34591007232666016}
{"seed": 0, "user": 9, "prior": "cheat", "final_regret": -2.09808349609375e-05}
{"seed": 0, "user": 10, "prior": "population", "final_regret": 2.248845100402832}
{"seed": 0, "user": 10, "prior": "uniform", "final_regret": 1.341547966003418}
{"seed": 0, "user": 10, "prior": "cheat", "final_regret": -6.67572021484375e-06}
{"seed": 0, "user": 11, "prior": "population", "final_regret": 2.5359292030334473}
{"seed": 0, "user": 11, "prior": "uniform", "final_regret": 5.660590171813965}
{"seed": 0, "user": 11, "prior": "cheat", "final_regret": -1.430511474609375e-05}
{"seed": 1, "user": 0, "prior": "population", "final_regret": 0.6021652221679688}
{"seed": 1, "user": 0, "prior": "uniform", "final_regret": 2.1745128631591797}
{"seed": 1, "user": 0, "prior": "cheat", "final_regret": -1.71661376953125e-05}
{"seed": 1, "user": 1, "prior": "population", "final_regret": 12.47946548461914}
{"seed": 1, "user": 1, "prior": "uniform", "final_regret": 1.451263427734375}
{"seed": 1, "user": 1, "prior": "cheat", "final_regret": -2.09808349609375e-05}
{"seed": 1, "user": 2, "prior": "population", "final_regret": 1.6123571395874023}
{"seed": 1, "user": 2, "prior": "uniform", "final_regret": 6.103147506713867}
{"seed": 1, "user": 2, "prior": "cheat", "final_regret": -1.9073486328125e-06}
{"seed": 1, "user": 3, "prior": "population", "final_regret": 0.5978946685791016}
{"seed": 1, "user": 3, "prior": "uniform", "final_regret": 12.900856018066406}
{"seed": 1, "user": 3, "prior": "cheat", "final_regret": -1.71661376953125e-05}
{"seed": 1, "user": 4, "prior": "population", "final_regret": 0.30727100372314453}
{"seed": 1, "user": 4, "prior": "uniform", "final_regret": 1.6632051467895508}
{"seed": 1, "user": 4, "prior": "cheat", "final_regret": -1.52587890625e-05}
{"seed": 1, "user": 5, "prior": "population", "final_regret": 2.9909420013427734}
{"seed": 1, "user": 5, "prior": "uniform", "final_regret": 12.6301851272583}
{"seed": 1, "user": 5, "prior": "cheat", "final_regret": -1.239776611328125e-05}
{"seed": 1, "user": 6, "prior": "population", "final_regret": 2.6403608322143555}
{"seed": 1, "user": 6, "prior": "uniform", "final_regret": 2.6557559967041016}
{"seed": 1, "user": 6, "prior": "cheat", "final_regret": -5.7220458984375e-06}
{"seed": 1, "user": 7, "prior": "population", "final_regret": 0.49069786071777344}
{"seed": 1, "user": 7, "prior": "uniform", "final_regret": 11.817346572875977}
{"seed": 1, "user": 7, "prior": "cheat", "final_regret": -1.33514404296875e-05}
{"seed": 1, "user": 8, "prior": "population", "final_regret": 0.4405508041381836}
{"seed": 1, "user": 8, "prior": "uniform", "final_regret": 3.8279314041137695}
{"seed": 1, "user": 8, "prior": "cheat", "final_regret": -7.62939453125e-06}
{"seed": 1, "user": 9, "prior": "population", "final_regret": 8.908289909362793}
{"seed": 1, "user": 9, "prior": "uniform", "final_regret": 6.121336936950684}
{"seed": 1, "user": 9, "prior": "cheat", "final_regret": -1.239776611328125e-05}
{"seed": 1, "user": 10, "prior": "population", "final_regret": 5.515439033508301}
{"seed": 1, "user": 10, "prior": "uniform", "final_regret": 0.6588115692138672}
{"seed": 1, "user": 10, "prior": "cheat", "final_regret": -1.71661376953125e-05}
{"seed": 1, "user": 11, "prior": "population", "final_regret": 2.061638355255127}
{"seed": 1, "user": 11, "prior": "uniform", "final_regret": 1.0451502799987793}
{"seed": 1, "user": 11, "prior": "cheat", "final_regret": -1.0013580322265625e-05}
{"seed": 2, "user": 0, "prior": "population", "final_regret": 0.049750328063964844}
{"seed": 2, "user": 0, "prior": "uniform", "final_regret": 8.38551139831543}
{"seed": 2, "user": 0, "prior": "cheat", "final_regret": -1.52587890625e-05}
{"seed": 2, "user": 1, "prior": "population", "final_regret": 2.129863739013672}
{"seed": 2, "user": 1, "prior": "uniform", "final_regret": 3.9050183296203613}
{"seed": 2, "user": 1, "prior": "cheat", "final_regret": -1.430511474609375e-05}
{"seed": 2, "user": 2, "prior": "population", "final_regret": 4.952559471130371}
{"seed": 2, "user": 2, "prior": "uniform", "final_regret": 9.78781795501709}
{"seed": 2, "user": 2, "prior": "cheat", "final_regret": -1.33514404296875e-05}
{"seed": 2, "user": 3, "prior": "population", "final_regret": 0.038294315338134766}
{"seed": 2, "user": 3, "prior": "uniform", "final_regret": 14.257293701171875}
{"seed": 2, "user": 3, "prior": "cheat", "final_regret": -1.6689300537109375e-05}
{"seed": 2, "user": 4, "prior": "population", "final_regret": 12.21037483215332}
{"seed": 2, "user": 4, "prior": "uniform", "final_regret": 10.525787353515625}
{"seed": 2, "user": 4, "prior": "cheat", "final_regret": -7.62939453125e-06}
{"seed": 2, "user": 5, "prior": "population", "final_regret": 0.07726669311523438}
{"seed": 2, "user": 5, "prior": "uniform", "final_regret": 6.309215545654297}
{"seed": 2, "user": 5, "prior": "cheat", "final_regret": 0.0}
{"seed": 2, "user": 6, "prior": "population", "final_regret": 1.873056411743164}
{"seed": 2, "user": 6, "prior": "uniform", "final_regret": 0.1765155792236328}
{"seed": 2, "user": 6, "prior": "cheat", "final_regret": -2.384185791015625e-05}
{"seed": 2, "user": 7, "prior": "population", "final_regret": 2.1485366821289062}
{"seed": 2, "user": 7, "prior": "uniform", "final_regret": 13.250571250915527}
{"seed": 2, "user": 7, "prior": "cheat", "final_regret": -1.811981201171875e-05}
{"seed": 2, "user": 8, "prior": "population", "final_regret": 10.23658561706543}
{"seed": 2, "user": 8, "prior": "uniform", "final_regret": 15.667133331298828}
{"seed": 2, "user": 8, "prior": "cheat", "final_regret": -2.09808349609375e-05}
{"seed": 2, "user": 9, "prior": "population", "final_regret": 1.585489273071289}
{"seed": 2, "user": 9, "prior": "uniform", "final_regret": 0.4332542419433594}
{"seed": 2, "user": 9, "prior": "cheat", "final_regret": -1.9073486328125e-06}
{"seed": 2, "user": 10, "prior": "population", "final_regret": 2.5464656352996826}
{"seed": 2, "user": 10, "prior": "uniform", "final_regret": 6.311655044555664}
{"seed": 2, "user": 10, "prior": "cheat", "final_regret": -1.7642974853515625e-05}
{"seed": 2, "user": 11, "prior": "population", "final_regret": 0.07319259643554688}
{"seed": 2, "user": 11, "prior": "uniform", "final_regret": 3.549501419067383}
{"seed": 2, "user": 11, "prior": "cheat", "final_regret": -2.09808349609375e-05}
{"seed": 3, "user": 0, "prior": "population", "final_regret": 0.025762557983398438}
{"seed": 3, "user": 0, "prior": "uniform", "final_regret": 0.2017059326171875}
{"seed": 3, "user": 0, "prior": "cheat", "final_regret": -1.33514404296875e-05}
{"seed": 3, "user": 1, "prior": "population", "final_regret": 0.03779411315917969}
{"seed": 3, "user": 1, "prior": "uniform", "final_regret": 0.6634845733642578}
{"seed": 3, "user": 1, "prior": "cheat", "final_regret": -3.814697265625e-06}
{"seed": 3, "user": 2, "prior": "population", "final_regret": 0.3356971740722656}
{"seed": 3, "user": 2, "prior": "uniform", "final_regret": 4.235888481140137}
{"seed": 3, "user": 2, "prior": "cheat", "final_regret": -5.7220458984375e-06}
{"seed": 3, "user": 3, "prior": "population", "final_regret": 1.801041603088379}
{"seed": 3, "user": 3, "prior": "uniform", "final_regret": 5.71074914932251}
{"seed": 3, "user": 3, "prior": "cheat", "final_regret": -9.5367431640625e-06}
{"seed": 3, "user": 4, "prior": "population", "final_regret": 0.11189079284667969}
{"seed": 3, "user": 4, "prior": "uniform", "final_regret": 0.31900787353515625}
{"seed": 3, "user": 4, "prior": "cheat", "final_regret": -1.33514404296875e-05}
{"seed": 3, "user": 5, "prior": "population", "final_regret": 2.14593505859375}
{"seed": 3, "user": 5, "prior": "uniform", "final_regret": 1.2533636093139648}
{"seed": 3, "user": 5, "prior": "cheat", "final_regret": -2.09808349609375e-05}
{"seed": 3, "user": 6, "prior": "population", "final_regret": 0.6005764007568359}
{"seed": 3, "user": 6, "prior": "uniform", "final_regret": 0.5189418792724609}
{"seed": 3, "user": 6, "prior": "cheat", "final_regret": -1.1444091796875e-05}
{"seed": 3, "user": 7, "prior": "population", "final_regret": 0.11157417297363281}
{"seed": 3, "user": 7, "prior": "uniform", "final_regret": 0.09787368774414062}
{"seed": 3, "user": 7, "prior": "cheat", "final_regret": -1.1444091796875e-05}
{"seed": 3, "user": 8, "prior": "population", "final_regret": 1.7880096435546875}
{"seed": 3, "user": 8, "prior": "uniform", "final_regret": 0.4452505111694336}
{"seed": 3, "user": 8, "prior": "cheat", "final_regret": -1.33514404296875e-05}
{"seed": 3, "user": 9, "prior": "population", "final_regret": 2.242526054382324}
{"seed": 3, "user": 9, "prior": "uniform", "final_regret": 5.532193183898926}
{"seed": 3, "user": 9, "prior": "cheat", "final_regret": -3.814697265625e-06}
{"seed": 3, "user": 10, "prior": "population", "final_regret": 0.06798171997070312}
{"seed": 3, "user": 10, "prior": "uniform", "final_regret": 2.7949962615966797}
{"seed": 3, "user": 10, "prior": "cheat", "final_regret": -1.71661376953125e-05}
{"seed": 3, "user": 11, "prior": "population", "final_regret": 0.15740585327148438}
{"seed": 3, "user": 11, "prior": "uniform", "final_regret": 0.12471389770507812}
{"seed": 3, "user": 11, "prior": "cheat", "final_regret": -2.47955322265625e-05}
{"seed": 4, "user": 0, "prior": "population", "final_regret": 9.902148246765137}
{"seed": 4, "user": 0, "prior": "uniform", "final_regret": 5.299674987792969}
{"seed": 4, "user": 0, "prior": "cheat", "final_regret": -3.814697265625e-06}
{"seed": 4, "user": 1, "prior": "population", "final_regret": 2.0433826446533203}
{"seed": 4, "user": 1, "prior": "uniform", "final_regret": 3.9789562225341797}
{"seed": 4, "user": 1, "prior": "cheat", "final_regret": 0.0}
{"seed": 4, "user": 2, "prior": "population", "final_regret": 17.07623863220215}
{"seed": 4, "user": 2, "prior": "uniform", "final_regret": 3.400259017944336}
{"seed": 4, "user": 2, "prior": "cheat", "final_regret": -7.62939453125e-06}
{"seed": 4, "user": 3, "prior": "population", "final_regret": 4.610464096069336}
{"seed": 4, "user": 3, "prior": "uniform", "final_regret": 0.4333534240722656}
{"seed": 4, "user": 3, "prior": "cheat", "final_regret": -9.5367431640625e-06}
{"seed": 4, "user": 4, "prior": "population", "final_regret": 1.5332069396972656}
{"seed": 4, "user": 4, "prior": "uniform", "final_regret": 4.258064270019531}
{"seed": 4, "user": 4, "prior": "cheat", "final_regret": -4.76837158203125e-06}
{"seed": 4, "user": 5, "prior": "population", "final_regret": 8.570263862609863}
{"seed": 4, "user": 5, "prior": "uniform", "final_regret": 12.401826858520508}
{"seed": 4, "user": 5, "prior": "cheat", "final_regret": -1.049041748046875e-05}
{"seed": 4, "user": 6, "prior": "population", "final_regret": 9.924571990966797}
{"seed": 4, "user": 6, "prior": "uniform", "final_regret": 2.330636978149414}
{"seed": 4, "user": 6, "prior": "cheat", "final_regret": -1.1444091796875e-05}
{"seed": 4, "user": 7, "prior": "population", "final_regret": 0.922022819519043}
{"seed": 4, "user": 7, "prior": "uniform", "final_regret": 0.9860935211181641}
{"seed": 4, "user": 7, "prior": "cheat", "final_regret": -1.1444091796875e-05}
{"seed": 4, "user": 8, "prior": "population", "final_regret": 4.0965728759765625}
{"seed": 4, "user": 8, "prior": "uniform", "final_regret": 0.6896286010742188}
{"seed": 4, "user": 8, "prior": "cheat", "final_regret": -1.52587890625e-05}
{"seed": 4, "user": 9, "prior": "population", "final_regret": 2.199268341064453}
{"seed": 4, "user": 9, "prior": "uniform", "final_regret": 4.437583923339844}
{"seed": 4, "user": 9, "prior": "cheat", "final_regret": -1.33514404296875e-05}
{"seed": 4, "user": 10, "prior": "population", "final_regret": 2.092434883117676}
{"seed": 4, "user": 10, "prior": "uniform", "final_regret": 1.6962146759033203}
{"seed": 4, "user": 10, "prior": "cheat", "final_regret": -8.58306884765625e-06}
{"seed": 4, "user": 11, "prior": "population", "final_regret": 1.9358205795288086}
{"seed": 4, "user": 11, "prior": "uniform", "final_regret": 3.410283088684082}
{"seed": 4, "user": 11, "prior": "cheat", "final_regret": -2.6702880859375e-05}
{"seed": 5, "user": 0, "prior": "population", "final_regret": 4.644126892089844}
{"seed": 5, "user": 0, "prior": "uniform", "final_regret": 0.07575798034667969}
{"seed": 5, "user": 0, "prior": "cheat", "final_regret": -1.71661376953125e-05}
{"seed": 5, "user": 1, "prior": "population", "final_regret": 2.3894968032836914}
{"seed": 5, "user": 1, "prior": "uniform", "final_regret": 0.24485206604003906}
{"seed": 5, "user": 1, "prior": "cheat", "final_regret": -5.7220458984375e-06}
{"seed": 5, "user": 2, "prior": "population", "final_regret": 1.3420734405517578}
{"seed": 5, "user": 2, "prior": "uniform", "final_regret": 2.748851776123047}
{"seed": 5, "user": 2, "prior": "cheat", "final_regret": -9.5367431640625e-06}
{"seed": 5, "user": 3, "prior": "population", "final_regret": 1.3125886917114258}
{"seed": 5, "user": 3, "prior": "uniform", "final_regret": 1.3633737564086914}
{"seed": 5, "user": 3, "prior": "cheat", "final_regret": -2.288818359375e-05}
{"seed": 5, "user": 4, "prior": "population", "final_regret": 0.011278152465820312}
{"seed": 5, "user": 4, "prior": "uniform", "final_regret": 6.778752326965332}
{"seed": 5, "user": 4, "prior": "cheat", "final_regret": -2.47955322265625e-05}
{"seed": 5, "user": 5, "prior": "population", "final_regret": 1.4764213562011719}
{"seed": 5, "user": 5, "prior": "uniform", "final_regret": 2.411815643310547}
{"seed": 5, "user": 5, "prior": "cheat", "final_regret": -3.814697265625e-06}
{"seed": 5, "user": 6, "prior": "population", "final_regret": 4.312692165374756}
{"seed": 5, "user": 6, "prior": "uniform", "final_regret": 9.45976448059082}
{"seed": 5, "user": 6, "prior": "cheat", "final_regret": -2.002716064453125e-05}
{"seed": 5, "user": 7, "prior": "population", "final_regret": 5.984034538269043}
{"seed": 5, "user": 7, "prior": "uniform", "final_regret": 0.9383964538574219}
{"seed": 5, "user": 7, "prior": "cheat", "final_regret": 0.0}
{"seed": 5, "user": 8, "prior": "population", "final_regret": 6.09650993347168}
{"seed": 5, "user": 8, "prior": "uniform", "final_regret": 0.8626060485839844}
{"seed": 5, "user": 8, "prior": "cheat", "final_regret": -1.71661376953125e-05}
{"seed": 5, "user": 9, "prior": "population", "final_regret": 0.24864959716796875}
{"seed": 5, "user": 9, "prior": "uniform", "final_regret": 8.50049114227295}
{"seed": 5, "user": 9, "prior": "cheat", "final_regret": -1.9073486328125e-05}
{"seed": 5, "user": 10, "prior": "population", "final_regret": 0.03863525390625}
{"seed": 5, "user": 10, "prior": "uniform", "final_regret": 3.5274295806884766}
{"seed": 5, "user": 10, "prior": "cheat", "final_regret": -1.1444091796875e-05}
{"seed": 5, "user": 11, "prior": "population", "final_regret": 3.458362579345703}
{"seed": 5, "user": 11, "prior": "uniform", "final_regret": 6.406785011291504}
{"seed": 5, "user": 11, "prior": "cheat", "final_regret": -1.33514404296875e-05}
{"seed": 6, "user": 0, "prior": "population", "final_regret": 0.43445491790771484}
{"seed": 6, "user": 0, "prior": "uniform", "final_regret": 0.9158096313476562}
{"seed": 6, "user": 0, "prior": "cheat", "final_regret": -2.09808349609375e-05}
{"seed": 6, "user": 1, "prior": "population", "final_regret": 4.234683990478516}
{"seed": 6, "user": 1, "prior": "uniform", "final_regret": 2.834479331970215}
{"seed": 6, "user": 1, "prior": "cheat", "final_regret": -2.002716064453125e-05}
{"seed": 6, "user": 2, "prior": "population", "final_regret": 3.2100982666015625}
{"seed": 6, "user": 2, "prior": "uniform", "final_regret": 2.6169309616088867}
{"seed": 6, "user": 2, "prior": "cheat", "final_regret": -1.5735626220703125e-05}
{"seed": 6, "user": 3, "prior": "population", "final_regret": 1.9316997528076172}
{"seed": 6, "user": 3, "prior": "uniform", "final_regret": 11.750228881835938}
{"seed": 6, "user": 3, "prior": "cheat", "final_regret": -1.430511474609375e-05}
{"seed": 6, "user": 4, "prior": "population", "final_regret": 1.676486611366272}
{"seed": 6, "user": 4, "prior": "uniform", "final_regret": 10.040207862854004}
{"seed": 6, "user": 4, "prior": "cheat", "final_regret": -1.6927719116210938e-05}
{"seed": 6, "user": 5, "prior": "population", "final_regret": 2.9034976959228516}
{"seed": 6, "user": 5, "prior": "uniform", "final_regret": 4.063236236572266}
{"seed": 6, "user": 5, "prior": "cheat", "final_regret": -1.33514404296875e-05}
{"seed": 6, "user": 6, "prior": "population", "final_regret": 4.0801897048950195}
{"seed": 6, "user": 6, "prior": "uniform", "final_regret": 1.9976425170898438}
{"seed": 6, "user": 6, "prior": "cheat", "final_regret": -1.71661376953125e-05}
{"seed": 6, "user": 7, "prior": "population", "final_regret": 0.24758148193359375}
{"seed": 6, "user": 7, "prior": "uniform", "final_regret": 0.36600685119628906}
{"seed": 6, "user": 7, "prior": "cheat", "final_regret": -2.47955322265625e-05}
{"seed": 6, "user": 8, "prior": "population", "final_regret": 2.4621801376342773}
{"seed": 6, "user": 8, "prior": "uniform", "final_regret": 0.16658496856689453}
{"seed": 6, "user": 8, "prior": "cheat", "final_regret": -9.5367431640625e-06}
{"seed": 6, "user": 9, "prior": "population", "final_regret": 0.4708728790283203}
{"seed": 6, "user": 9, "prior": "uniform", "final_regret": 2.4782848358154297}
{"seed": 6, "user": 9, "prior": "cheat", "final_regret": -2.288818359375e-05}
{"seed": 6, "user": 10, "prior": "population", "final_regret": 8.480648040771484}
{"seed": 6, "user": 10, "prior": "uniform", "final_regret": 5.356294631958008}
{"seed": 6, "user": 10, "prior": "cheat", "final_regret": -1.5735626220703125e-05}
{"seed": 6, "user": 11, "prior": "population", "final_regret": 0.6514530181884766}
{"seed": 6, "user": 11, "prior": "uniform", "final_regret": 0.6426601409912109}
{"seed": 6, "user": 11, "prior": "cheat", "final_regret": -2.09808349609375e-05}
{"seed": 7, "user": 0, "prior": "population", "final_regret": 0.03022003173828125}
{"seed": 7, "user": 0, "prior": "uniform", "final_regret": 0.8603830337524414}
{"seed": 7, "user": 0, "prior": "cheat", "final_regret": -2.193450927734375e-05}
{"seed": 7, "user": 1, "prior": "population", "final_regret": 0.3050813674926758}
{"seed": 7, "user": 1, "prior": "uniform", "final_regret": 7.501450538635254}
{"seed": 7, "user": 1, "prior": "cheat", "final_regret": -1.430511474609375e-05}
{"seed": 7, "user": 2, "prior": "population", "final_regret": 7.28526496887207}
{"seed": 7, "user": 2, "prior": "uniform", "final_regret": 6.383476257324219}
{"seed": 7, "user": 2, "prior": "cheat", "final_regret": -2.6702880859375e-05}
{"seed": 7, "user": 3, "prior": "population", "final_regret": 1.0683574676513672}
{"seed": 7, "user": 3, "prior": "uniform", "final_regret": 1.3198957443237305}
{"seed": 7, "user": 3, "prior": "cheat", "final_regret": -1.1444091796875e-05}
{"seed": 7, "user": 4, "prior": "population", "final_regret": 7.488474369049072}
{"seed": 7, "user": 4, "prior": "uniform", "final_regret": 5.2499799728393555}
{"seed": 7, "user": 4, "prior": "cheat", "final_regret": -1.71661376953125e-05}
{"seed": 7, "user": 5, "prior": "population", "final_regret": 4.6994524002075195}
{"seed": 7, "user": 5, "prior": "uniform", "final_regret": 0.27880287170410156}
{"seed": 7, "user": 5, "prior": "cheat", "final_regret": -2.09808349609375e-05}
{"seed": 7, "user": 6, "prior": "population", "final_regret": 0.03468513488769531}
{"seed": 7, "user": 6, "prior": "uniform", "final_regret": 11.118646621704102}
{"seed": 7, "user": 6, "prior": "cheat", "final_regret": -2.86102294921875e-06}
{"seed": 7, "user": 7, "prior": "population", "final_regret": 1.4794883728027344}
{"seed": 7, "user": 7, "prior": "uniform", "final_regret": 0.3480949401855469}
{"seed": 7, "user": 7, "prior": "cheat", "final_regret": -1.1444091796875e-05}
{"seed": 7, "user": 8, "prior": "population", "final_regret": 2.6462039947509766}
{"seed": 7, "user": 8, "prior": "uniform", "final_regret": 2.3172130584716797}
{"seed": 7, "user": 8, "prior": "cheat", "final_regret": -2.86102294921875e-05}
{"seed": 7, "user": 9, "prior": "population", "final_regret": 0.10593032836914062}
{"seed": 7, "user": 9, "prior": "uniform", "final_regret": 10.616691589355469}
{"seed": 7, "user": 9, "prior": "cheat", "final_regret": -1.9073486328125e-06}
{"seed": 7, "user": 10, "prior": "population", "final_regret": 0.9361038208007812}
{"seed": 7, "user": 10, "prior": "uniform", "final_regret": 3.4986398220062256}
{"seed": 7, "user": 10, "prior": "cheat", "final_regret": -1.6689300537109375e-05}
{"seed": 7, "user": 11, "prior": "population", "final_regret": 4.999306678771973}
{"seed": 7, "user": 11, "prior": "uniform", "final_regret": 9.245086669921875}
{"seed": 7, "user": 11, "prior": "cheat", "final_regret": -2.09808349609375e-05}
{"seed": 8, "user": 0, "prior": "population", "final_regret": 1.4842758178710938}
{"seed": 8, "user": 0, "prior": "uniform", "final_regret": 2.5667028427124023}
{"seed": 8, "user": 0, "prior": "cheat", "final_regret": -6.67572021484375e-06}
{"seed": 8, "user": 1, "prior": "population", "final_regret": 1.2658958435058594}
{"seed": 8, "user": 1, "prior": "uniform", "final_regret": 5.191214561462402}
{"seed": 8, "user": 1, "prior": "cheat", "final_regret": -5.7220458984375e-06}
{"seed": 8, "user": 2, "prior": "population", "final_regret": 0.027347564697265625}
{"seed": 8, "user": 2, "prior": "uniform", "final_regret": 6.847678184509277}
{"seed": 8, "user": 2, "prior": "cheat", "final_regret": -1.33514404296875e-05}
{"seed": 8, "user": 3, "prior": "population", "final_regret": 0.13889694213867188}
{"seed": 8, "user": 3, "prior": "uniform", "final_regret": 11.088977813720703}
{"seed": 8, "user": 3, "prior": "cheat", "final_regret": -2.288818359375e-05}
{"seed": 8, "user": 4, "prior": "population", "final_regret": 4.125829696655273}
{"seed": 8, "user": 4, "prior": "uniform", "final_regret": 4.617809295654297}
{"seed": 8, "user": 4, "prior": "cheat", "final_regret": -1.71661376953125e-05}
{"seed": 8, "user": 5, "prior": "population", "final_regret": 2.776726722717285}
{"seed": 8, "user": 5, "prior": "uniform", "final_regret": 6.969914436340332}
{"seed": 8, "user": 5, "prior": "cheat", "final_regret": -9.5367431640625e-06}
{"seed": 8, "user": 6, "prior": "population", "final_regret": 2.6959738731384277}
{"seed": 8, "user": 6, "prior": "uniform", "final_regret": 2.130927085876465}
{"seed": 8, "user": 6, "prior": "cheat", "final_regret": -7.62939453125e-06}
{"seed": 8, "user": 7, "prior": "population", "final_regret": 2.5780582427978516}
{"seed": 8, "user": 7, "prior": "uniform", "final_regret": 4.4472808837890625}
{"seed": 8, "user": 7, "prior": "cheat", "final_regret": -7.62939453125e-06}
{"seed": 8, "user": 8, "prior": "population", "final_regret": 6.756949424743652}
{"seed": 8, "user": 8, "prior": "uniform", "final_regret": 7.377862453460693}
{"seed": 8, "user": 8, "prior": "cheat", "final_regret": -7.62939453125e-06}
{"seed": 8, "user": 9, "prior": "population", "final_regret": 3.548478126525879}
{"seed": 8, "user": 9, "prior": "uniform", "final_regret": 1.8312797546386719}
{"seed": 8, "user": 9, "prior": "cheat", "final_regret": -1.33514404296875e-05}
{"seed": 8, "user": 10, "prior": "population", "final_regret": 0.15247821807861328}
{"seed": 8, "user": 10, "prior": "uniform", "final_regret": 7.760276794433594}
{"seed": 8, "user": 10, "prior": "cheat", "final_regret": 0.0}
{"seed": 8, "user": 11, "prior": "population", "final_regret": 0.9727325439453125}
{"seed": 8, "user": 11, "prior": "uniform", "final_regret": 10.01539421081543}
{"seed": 8, "user": 11, "prior": "cheat", "final_regret": 7.62939453125e-06}
{"seed": 9, "user": 0, "prior": "population", "final_regret": 0.2854480743408203}
{"seed": 9, "user": 0, "prior": "uniform", "final_regret": 6.4110822677612305}
{"seed": 9, "user": 0, "prior": "cheat", "final_regret": -1.049041748046875e-05}
{"seed": 9, "user": 1, "prior": "population", "final_regret": 3.079057216644287}
{"seed": 9, "user": 1, "prior": "uniform", "final_regret": 0.1913890838623047}
{"seed": 9, "user": 1, "prior": "cheat", "final_regret": -1.52587890625e-05}
{"seed": 9, "user": 2, "prior": "population", "final_regret": 1.5981502532958984}
{"seed": 9, "user": 2, "prior": "uniform", "final_regret": 3.546699047088623}
{"seed": 9, "user": 2, "prior": "cheat", "final_regret": -1.049041748046875e-05}
{"seed": 9, "user": 3, "prior": "population", "final_regret": 11.349468231201172}
{"seed": 9, "user": 3, "prior": "uniform", "final_regret": 9.88542652130127}
{"seed": 9, "user": 3, "prior": "cheat", "final_regret": -1.1920928955078125e-05}
{"seed": 9, "user": 4, "prior": "population", "final_regret": 3.650174140930176}
{"seed": 9, "user": 4, "prior": "uniform", "final_regret": 4.190190315246582}
{"seed": 9, "user": 4, "prior": "cheat", "final_regret": -1.239776611328125e-05}
{"seed": 9, "user": 5, "prior": "population", "final_regret": 0.24497699737548828}
{"seed": 9, "user": 5, "prior": "uniform", "final_regret": 7.730660438537598}
{"seed": 9, "user": 5, "prior": "cheat", "final_regret": -1.9073486328125e-06}
{"seed": 9, "user": 6, "prior": "population", "final_regret": 9.288176536560059}
{"seed": 9, "user": 6, "prior": "uniform", "final_regret": 1.2186355590820312}
{"seed": 9, "user": 6, "prior": "cheat", "final_regret": -1.52587890625e-05}
{"seed": 9, "user": 7, "prior": "population", "final_regret": 0.9064064025878906}
{"seed": 9, "user": 7, "prior": "uniform", "final_regret": 7.115163803100586}
{"seed": 9, "user": 7, "prior": "cheat", "final_regret": -1.33514404296875e-05}
{"seed": 9, "user": 8, "prior": "population", "final_regret": 1.1589107513427734}
{"seed": 9, "user": 8, "prior": "uniform", "final_regret": 0.4130268096923828}
{"seed": 9, "user": 8, "prior": "cheat", "final_regret": -2.86102294921875e-05}
{"seed": 9, "user": 9, "prior": "population", "final_regret": 0.508819580078125}
{"seed": 9, "user": 9, "prior": "uniform", "final_regret": 6.520596027374268}
{"seed": 9, "user": 9, "prior": "cheat", "final_regret": -2.288818359375e-05}
{"seed": 9, "user": 10, "prior": "population", "final_regret": 10.802621841430664}
{"seed": 9, "user": 10, "prior": "uniform", "final_regret": 5.323761940002441}
{"seed": 9, "user": 10, "prior": "cheat", "final_regret": -7.62939453125e-06}
{"seed": 9, "user": 11, "prior": "population", "final_regret": 0.6630344390869141}
{"seed": 9, "user": 11, "prior": "uniform", "final_regret": 1.5145320892333984}
{"seed": 9, "user": 11, "prior": "cheat", "final_regret": -6.67572021484375e-06}
EXIT:0
