{"seed": 0, "user": 0, "prior": "matched", "final_regret": 4.3240509033203125}
{"seed": 0, "user": 0, "prior": "shifted", "final_regret": 3.696125030517578}
{"seed": 0, "user": 0, "prior": "uniform", "final_regret": 3.162027359008789}
{"seed": 0, "user": 1, "prior": "matched", "final_regret": 0.5369539260864258}
{"seed": 0, "user": 1, "prior": "shifted", "final_regret": 2.2984466552734375}
{"seed": 0, "user": 1, "prior": "uniform", "final_regret": 1.4592981338500977}
{"seed": 0, "user": 2, "prior": "matched", "final_regret": 0.007415771484375}
{"seed": 0, "user": 2, "prior": "shifted", "final_regret": 3.5534629821777344}
{"seed": 0, "user": 2, "prior": "uniform", "final_regret": 2.176706314086914}
{"seed": 0, "user": 3, "prior": "matched", "final_regret": 5.864221572875977}
{"seed": 0, "user": 3, "prior": "shifted", "final_regret": 0.03778648376464844}
{"seed": 0, "user": 3, "prior": "uniform", "final_regret": 0.21265602111816406}
{"seed": 0, "user": 4, "prior": "matched", "final_regret": 0.009874343872070312}
{"seed": 0, "user": 4, "prior": "shifted", "final_regret": 3.237309455871582}
{"seed": 0, "user": 4, "prior": "uniform", "final_regret": 0.024272918701171875}
{"seed": 0, "user": 5, "prior": "matched", "final_regret": 0.02288818359375}
{"seed": 0, "user": 5, "prior": "shifted", "final_regret": 5.861514091491699}
{"seed": 0, "user": 5, "prior": "uniform", "final_regret": 0.24652862548828125}
{"seed": 0, "user": 6, "prior": "matched", "final_regret": 0.26605224609375}
{"seed": 0, "user": 6, "prior": "shifted", "final_regret": 3.1498146057128906}
{"seed": 0, "user": 6, "prior": "uniform", "final_regret": 3.3627777099609375}
{"seed": 0, "user": 7, "prior": "matched", "final_regret": 0.025443077087402344}
{"seed": 0, "user": 7, "prior": "shifted", "final_regret": 0.18508148193359375}
{"seed": 0, "user": 7, "prior": "uniform", "final_regret": 2.4039058685302734}
{"seed": 0, "user": 8, "prior": "matched", "final_regret": 0.002040863037109375}
{"seed": 0, "user": 8, "prior": "shifted", "final_regret": 1.8069419860839844}
{"seed": 0, "user": 8, "prior": "uniform", "final_regret": 0.07201576232910156}
{"seed": 0, "user": 9, "prior": "matched", "final_regret": 4.667413711547852}
{"seed": 0, "user": 9, "prior": "shifted", "final_regret": 6.476531505584717}
{"seed": 0, "user": 9, "prior": "uniform", "final_regret": 2.6696879863739014}
{"seed": 0, "user": 10, "prior": "matched", "final_regret": 0.22449493408203125}
{"seed": 0, "user": 10, "prior": "shifted", "final_regret": 1.447861671447754}
{"seed": 0, "user": 10, "prior": "uniform", "final_regret": 0.4389839172363281}
{"seed": 0, "user": 11, "prior": "matched", "final_regret": 7.562405586242676}
{"seed": 0, "user": 11, "prior": "shifted", "final_regret": 2.9210665225982666}
{"seed": 0, "user": 11, "prior": "uniform", "final_regret": 4.237823486328125}
{"seed": 1, "user": 0, "prior": "matched", "final_regret": 4.838773250579834}
{"seed": 1, "user": 0, "prior": "shifted", "final_regret": 0.37143993377685547}
{"seed": 1, "user": 0, "prior": "uniform", "final_regret": 14.095365524291992}
{"seed": 1, "user": 1, "prior": "matched", "final_regret": 11.028850555419922}
{"seed": 1, "user": 1, "prior": "shifted", "final_regret": 2.6062545776367188}
{"seed": 1, "user": 1, "prior": "uniform", "final_regret": 0.3240633010864258}
{"seed": 1, "user": 2, "prior": "matched", "final_regret": 4.028022289276123}
{"seed": 1, "user": 2, "prior": "shifted", "final_regret": 16.379308700561523}
{"seed": 1, "user": 2, "prior": "uniform", "final_regret": 1.924607276916504}
{"seed": 1, "user": 3, "prior": "matched", "final_regret": 4.125924110412598}
{"seed": 1, "user": 3, "prior": "shifted", "final_regret": 0.33690547943115234}
{"seed": 1, "user": 3, "prior": "uniform", "final_regret": 0.26587581634521484}
{"seed": 1, "user": 4, "prior": "matched", "final_regret": 6.648841381072998}
{"seed": 1, "user": 4, "prior": "shifted", "final_regret": 1.8585388660430908}
{"seed": 1, "user": 4, "prior": "uniform", "final_regret": 0.14281988143920898}
{"seed": 1, "user": 5, "prior": "matched", "final_regret": 3.862771987915039}
{"seed": 1, "user": 5, "prior": "shifted", "final_regret": 11.119049072265625}
{"seed": 1, "user": 5, "prior": "uniform", "final_regret": 2.1232194900512695}
{"seed": 1, "user": 6, "prior": "matched", "final_regret": 1.936884880065918}
{"seed": 1, "user": 6, "prior": "shifted", "final_regret": 2.8029584884643555}
{"seed": 1, "user": 6, "prior": "uniform", "final_regret": 5.955487251281738}
{"seed": 1, "user": 7, "prior": "matched", "final_regret": 3.414796829223633}
{"seed": 1, "user": 7, "prior": "shifted", "final_regret": 9.301896095275879}
{"seed": 1, "user": 7, "prior": "uniform", "final_regret": 9.336999893188477}
{"seed": 1, "user": 8, "prior": "matched", "final_regret": 1.4439096450805664}
{"seed": 1, "user": 8, "prior": "shifted", "final_regret": 1.3021082878112793}
{"seed": 1, "user": 8, "prior": "uniform", "final_regret": 11.000702857971191}
{"seed": 1, "user": 9, "prior": "matched", "final_regret": 0.545689582824707}
{"seed": 1, "user": 9, "prior": "shifted", "final_regret": 9.379207611083984}
{"seed": 1, "user": 9, "prior": "uniform", "final_regret": 8.562752723693848}
{"seed": 1, "user": 10, "prior": "matched", "final_regret": 1.9395408630371094}
{"seed": 1, "user": 10, "prior": "shifted", "final_regret": 7.788303852081299}
{"seed": 1, "user": 10, "prior": "uniform", "final_regret": 2.8385677337646484}
{"seed": 1, "user": 11, "prior": "matched", "final_regret": 1.5984268188476562}
{"seed": 1, "user": 11, "prior": "shifted", "final_regret": 7.087345123291016}
{"seed": 1, "user": 11, "prior": "uniform", "final_regret": 1.7211012840270996}
{"seed": 2, "user": 0, "prior": "matched", "final_regret": 3.22409725189209}
{"seed": 2, "user": 0, "prior": "shifted", "final_regret": 0.24802398681640625}
{"seed": 2, "user": 0, "prior": "uniform", "final_regret": 0.0741124153137207}
{"seed": 2, "user": 1, "prior": "matched", "final_regret": 1.8511414527893066}
{"seed": 2, "user": 1, "prior": "shifted", "final_regret": 8.088279724121094}
{"seed": 2, "user": 1, "prior": "uniform", "final_regret": 1.7284913063049316}
{"seed": 2, "user": 2, "prior": "matched", "final_regret": 0.8889679908752441}
{"seed": 2, "user": 2, "prior": "shifted", "final_regret": 0.5858364105224609}
{"seed": 2, "user": 2, "prior": "uniform", "final_regret": 1.1264772415161133}
{"seed": 2, "user": 3, "prior": "matched", "final_regret": 5.80143928527832}
{"seed": 2, "user": 3, "prior": "shifted", "final_regret": 6.07423210144043}
{"seed": 2, "user": 3, "prior": "uniform", "final_regret": 5.748770713806152}
{"seed": 2, "user": 4, "prior": "matched", "final_regret": 6.064992904663086}
{"seed": 2, "user": 4, "prior": "shifted", "final_regret": 2.0199155807495117}
{"seed": 2, "user": 4, "prior": "uniform", "final_regret": 18.190998077392578}
{"seed": 2, "user": 5, "prior": "matched", "final_regret": 0.05340003967285156}
{"seed": 2, "user": 5, "prior": "shifted", "final_regret": 0.1507244110107422}
{"seed": 2, "user": 5, "prior": "uniform", "final_regret": 0.026012420654296875}
{"seed": 2, "user": 6, "prior": "matched", "final_regret": 10.616416931152344}
{"seed": 2, "user": 6, "prior": "shifted", "final_regret": 14.502163887023926}
{"seed": 2, "user": 6, "prior": "uniform", "final_regret": 4.398684501647949}
{"seed": 2, "user": 7, "prior": "matched", "final_regret": 5.2252912521362305}
{"seed": 2, "user": 7, "prior": "shifted", "final_regret": 7.80156946182251}
{"seed": 2, "user": 7, "prior": "uniform", "final_regret": 6.55837345123291}
{"seed": 2, "user": 8, "prior": "matched", "final_regret": 4.4033050537109375}
{"seed": 2, "user": 8, "prior": "shifted", "final_regret": 7.7091240882873535}
{"seed": 2, "user": 8, "prior": "uniform", "final_regret": 16.58814811706543}
{"seed": 2, "user": 9, "prior": "matched", "final_regret": 0.06756973266601562}
{"seed": 2, "user": 9, "prior": "shifted", "final_regret": 0.050174713134765625}
{"seed": 2, "user": 9, "prior": "uniform", "final_regret": 0.1425151824951172}
{"seed": 2, "user": 10, "prior": "matched", "final_regret": 4.542642116546631}
{"seed": 2, "user": 10, "prior": "shifted", "final_regret": 11.993684768676758}
{"seed": 2, "user": 10, "prior": "uniform", "final_regret": 4.447467803955078}
{"seed": 2, "user": 11, "prior": "matched", "final_regret": 0.1266498565673828}
{"seed": 2, "user": 11, "prior": "shifted", "final_regret": 4.596966743469238}
{"seed": 2, "user": 11, "prior": "uniform", "final_regret": 13.869672775268555}
{"seed": 3, "user": 0, "prior": "matched", "final_regret": 3.9896695613861084}
{"seed": 3, "user": 0, "prior": "shifted", "final_regret": 4.552431106567383}
{"seed": 3, "user": 0, "prior": "uniform", "final_regret": 2.26760196685791}
{"seed": 3, "user": 1, "prior": "matched", "final_regret": 10.833457946777344}
{"seed": 3, "user": 1, "prior": "shifted", "final_regret": 7.472008228302002}
{"seed": 3, "user": 1, "prior": "uniform", "final_regret": 13.81464958190918}
{"seed": 3, "user": 2, "prior": "matched", "final_regret": 0.2495899200439453}
{"seed": 3, "user": 2, "prior": "shifted", "final_regret": 3.226811647415161}
{"seed": 3, "user": 2, "prior": "uniform", "final_regret": 1.491309642791748}
{"seed": 3, "user": 3, "prior": "matched", "final_regret": 10.572372436523438}
{"seed": 3, "user": 3, "prior": "shifted", "final_regret": 13.31266975402832}
{"seed": 3, "user": 3, "prior": "uniform", "final_regret": 12.373617172241211}
{"seed": 3, "user": 4, "prior": "matched", "final_regret": 0.16588735580444336}
{"seed": 3, "user": 4, "prior": "shifted", "final_regret": 15.090677261352539}
{"seed": 3, "user": 4, "prior": "uniform", "final_regret": 0.0047607421875}
{"seed": 3, "user": 5, "prior": "matched", "final_regret": 3.714999198913574}
{"seed": 3, "user": 5, "prior": "shifted", "final_regret": 0.22306060791015625}
{"seed": 3, "user": 5, "prior": "uniform", "final_regret": 3.0528879165649414}
{"seed": 3, "user": 6, "prior": "matched", "final_regret": 0.049236297607421875}
{"seed": 3, "user": 6, "prior": "shifted", "final_regret": 2.2076854705810547}
{"seed": 3, "user": 6, "prior": "uniform", "final_regret": 5.800511360168457}
{"seed": 3, "user": 7, "prior": "matched", "final_regret": 0.30475807189941406}
{"seed": 3, "user": 7, "prior": "shifted", "final_regret": 0.8275585174560547}
{"seed": 3, "user": 7, "prior": "uniform", "final_regret": 10.552343368530273}
{"seed": 3, "user": 8, "prior": "matched", "final_regret": 0.6562700271606445}
{"seed": 3, "user": 8, "prior": "shifted", "final_regret": 0.1892862319946289}
{"seed": 3, "user": 8, "prior": "uniform", "final_regret": 13.781603813171387}
{"seed": 3, "user": 9, "prior": "matched", "final_regret": 8.589160919189453}
{"seed": 3, "user": 9, "prior": "shifted", "final_regret": 4.873706817626953}
{"seed": 3, "user": 9, "prior": "uniform", "final_regret": 1.0884382724761963}
{"seed": 3, "user": 10, "prior": "matched", "final_regret": 4.582364559173584}
{"seed": 3, "user": 10, "prior": "shifted", "final_regret": 6.470559120178223}
{"seed": 3, "user": 10, "prior": "uniform", "final_regret": 5.426602363586426}
{"seed": 3, "user": 11, "prior": "matched", "final_regret": 2.9062795639038086}
{"seed": 3, "user": 11, "prior": "shifted", "final_regret": 0.08310890197753906}
{"seed": 3, "user": 11, "prior": "uniform", "final_regret": 6.568902969360352}
{"seed": 4, "user": 0, "prior": "matched", "final_regret": 4.390314102172852}
{"seed": 4, "user": 0, "prior": "shifted", "final_regret": 13.758035659790039}
{"seed": 4, "user": 0, "prior": "uniform", "final_regret": 9.047086715698242}
{"seed": 4, "user": 1, "prior": "matched", "final_regret": 0.16088390350341797}
{"seed": 4, "user": 1, "prior": "shifted", "final_regret": 0.29968738555908203}
{"seed": 4, "user": 1, "prior": "uniform", "final_regret": 0.25188350677490234}
{"seed": 4, "user": 2, "prior": "matched", "final_regret": 2.0739784240722656}
{"seed": 4, "user": 2, "prior": "shifted", "final_regret": 1.1700935363769531}
{"seed": 4, "user": 2, "prior": "uniform", "final_regret": 3.709867477416992}
{"seed": 4, "user": 3, "prior": "matched", "final_regret": 3.9827041625976562}
{"seed": 4, "user": 3, "prior": "shifted", "final_regret": 3.899686813354492}
{"seed": 4, "user": 3, "prior": "uniform", "final_regret": 9.10099983215332}
{"seed": 4, "user": 4, "prior": "matched", "final_regret": 7.164270401000977}
{"seed": 4, "user": 4, "prior": "shifted", "final_regret": 4.226556301116943}
{"seed": 4, "user": 4, "prior": "uniform", "final_regret": 0.5426025390625}
{"seed": 4, "user": 5, "prior": "matched", "final_regret": 1.0804967880249023}
{"seed": 4, "user": 5, "prior": "shifted", "final_regret": 4.462414264678955}
{"seed": 4, "user": 5, "prior": "uniform", "final_regret": 0.8962587714195251}
{"seed": 4, "user": 6, "prior": "matched", "final_regret": 0.5030404329299927}
{"seed": 4, "user": 6, "prior": "shifted", "final_regret": 9.886178970336914}
{"seed": 4, "user": 6, "prior": "uniform", "final_regret": 4.216256141662598}
{"seed": 4, "user": 7, "prior": "matched", "final_regret": 0.05556964874267578}
{"seed": 4, "user": 7, "prior": "shifted", "final_regret": 14.974689483642578}
{"seed": 4, "user": 7, "prior": "uniform", "final_regret": 3.877870559692383}
{"seed": 4, "user": 8, "prior": "matched", "final_regret": 8.563796997070312}
{"seed": 4, "user": 8, "prior": "shifted", "final_regret": 0.0447235107421875}
{"seed": 4, "user": 8, "prior": "uniform", "final_regret": 0.11704635620117188}
{"seed": 4, "user": 9, "prior": "matched", "final_regret": 0.19878792762756348}
{"seed": 4, "user": 9, "prior": "shifted", "final_regret": 8.40213680267334}
{"seed": 4, "user": 9, "prior": "uniform", "final_regret": 2.2129008769989014}
{"seed": 4, "user": 10, "prior": "matched", "final_regret": 0.75189208984375}
{"seed": 4, "user": 10, "prior": "shifted", "final_regret": 9.799132347106934}
{"seed": 4, "user": 10, "prior": "uniform", "final_regret": 6.024256706237793}
{"seed": 4, "user": 11, "prior": "matched", "final_regret": 0.1703038215637207}
{"seed": 4, "user": 11, "prior": "shifted", "final_regret": 4.3756303787231445}
{"seed": 4, "user": 11, "prior": "uniform", "final_regret": 0.05383920669555664}
{"seed": 5, "user": 0, "prior": "matched", "final_regret": 0.8638668060302734}
{"seed": 5, "user": 0, "prior": "shifted", "final_regret": 11.275489807128906}
{"seed": 5, "user": 0, "prior": "uniform", "final_regret": 0.3499584197998047}
{"seed": 5, "user": 1, "prior": "matched", "final_regret": 0.0033359527587890625}
{"seed": 5, "user": 1, "prior": "shifted", "final_regret": 0.08016014099121094}
{"seed": 5, "user": 1, "prior": "uniform", "final_regret": 11.914402961730957}
{"seed": 5, "user": 2, "prior": "matched", "final_regret": 2.1266283988952637}
{"seed": 5, "user": 2, "prior": "shifted", "final_regret": 3.199155569076538}
{"seed": 5, "user": 2, "prior": "uniform", "final_regret": 5.347266674041748}
{"seed": 5, "user": 3, "prior": "matched", "final_regret": 7.352261543273926}
{"seed": 5, "user": 3, "prior": "shifted", "final_regret": 6.108404159545898}
{"seed": 5, "user": 3, "prior": "uniform", "final_regret": 6.1530375480651855}
{"seed": 5, "user": 4, "prior": "matched", "final_regret": 0.0067691802978515625}
{"seed": 5, "user": 4, "prior": "shifted", "final_regret": 0.06152915954589844}
{"seed": 5, "user": 4, "prior": "uniform", "final_regret": 7.922168731689453}
{"seed": 5, "user": 5, "prior": "matched", "final_regret": -2.09808349609375e-05}
{"seed": 5, "user": 5, "prior": "shifted", "final_regret": 1.550638198852539}
{"seed": 5, "user": 5, "prior": "uniform", "final_regret": 6.227173805236816}
{"seed": 5, "user": 6, "prior": "matched", "final_regret": 10.319419860839844}
{"seed": 5, "user": 6, "prior": "shifted", "final_regret": 15.196391105651855}
{"seed": 5, "user": 6, "prior": "uniform", "final_regret": 6.593482971191406}
{"seed": 5, "user": 7, "prior": "matched", "final_regret": 0.1271381378173828}
{"seed": 5, "user": 7, "prior": "shifted", "final_regret": 7.066901206970215}
{"seed": 5, "user": 7, "prior": "uniform", "final_regret": 7.155852317810059}
{"seed": 5, "user": 8, "prior": "matched", "final_regret": 1.1366081237792969}
{"seed": 5, "user": 8, "prior": "shifted", "final_regret": 16.0412654876709}
{"seed": 5, "user": 8, "prior": "uniform", "final_regret": 0.009128570556640625}
{"seed": 5, "user": 9, "prior": "matched", "final_regret": 4.892005920410156}
{"seed": 5, "user": 9, "prior": "shifted", "final_regret": 7.785147190093994}
{"seed": 5, "user": 9, "prior": "uniform", "final_regret": 2.022533416748047}
{"seed": 5, "user": 10, "prior": "matched", "final_regret": 5.70103645324707}
{"seed": 5, "user": 10, "prior": "shifted", "final_regret": 5.882112503051758}
{"seed": 5, "user": 10, "prior": "uniform", "final_regret": 5.345288276672363}
{"seed": 5, "user": 11, "prior": "matched", "final_regret": 0.03833293914794922}
{"seed": 5, "user": 11, "prior": "shifted", "final_regret": 0.0923910140991211}
{"seed": 5, "user": 11, "prior": "uniform", "final_regret": 7.913788795471191}
EXIT:0
