{"seed": 0, "user": 0, "acquisition": "voi", "decision_rule": "mean", "final_regret": 6.319202423095703}
{"seed": 0, "user": 0, "acquisition": "voi", "decision_rule": "map", "final_regret": 0.5310420989990234}
{"seed": 0, "user": 0, "acquisition": "voi", "decision_rule": "sample", "final_regret": 2.9042510986328125}
{"seed": 0, "user": 0, "acquisition": "voi", "decision_rule": "softminimax", "final_regret": 0.9739418029785156}
{"seed": 0, "user": 0, "acquisition": "bald", "decision_rule": "mean", "final_regret": 0.952545166015625}
{"seed": 0, "user": 0, "acquisition": "bald", "decision_rule": "map", "final_regret": 4.293238639831543}
{"seed": 0, "user": 0, "acquisition": "bald", "decision_rule": "sample", "final_regret": 4.649111747741699}
{"seed": 0, "user": 0, "acquisition": "bald", "decision_rule": "softminimax", "final_regret": 0.21395111083984375}
{"seed": 0, "user": 0, "acquisition": "oracle", "decision_rule": "mean", "final_regret": 0.12212753295898438}
{"seed": 0, "user": 1, "acquisition": "voi", "decision_rule": "mean", "final_regret": 5.948987007141113}
{"seed": 0, "user": 1, "acquisition": "voi", "decision_rule": "map", "final_regret": 2.595489501953125}
{"seed": 0, "user": 1, "acquisition": "voi", "decision_rule": "sample", "final_regret": 2.595489501953125}
{"seed": 0, "user": 1, "acquisition": "voi", "decision_rule": "softminimax", "final_regret": 5.139280319213867}
{"seed": 0, "user": 1, "acquisition": "bald", "decision_rule": "mean", "final_regret": 2.530059814453125}
{"seed": 0, "user": 1, "acquisition": "bald", "decision_rule": "map", "final_regret": 4.405509948730469}
{"seed": 0, "user": 1, "acquisition": "bald", "decision_rule": "sample", "final_regret": 3.099700927734375}
{"seed": 0, "user": 1, "acquisition": "bald", "decision_rule": "softminimax", "final_regret": 3.571502685546875}
{"seed": 0, "user": 1, "acquisition": "oracle", "decision_rule": "mean", "final_regret": 0.00299835205078125}
{"seed": 0, "user": 2, "acquisition": "voi", "decision_rule": "mean", "final_regret": 0.039073944091796875}
{"seed": 0, "user": 2, "acquisition": "voi", "decision_rule": "map", "final_regret": 0.8552417755126953}
{"seed": 0, "user": 2, "acquisition": "voi", "decision_rule": "sample", "final_regret": 7.739654541015625}
{"seed": 0, "user": 2, "acquisition": "voi", "decision_rule": "softminimax", "final_regret": 0.0038051605224609375}
{"seed": 0, "user": 2, "acquisition": "bald", "decision_rule": "mean", "final_regret": 7.7112884521484375}
{"seed": 0, "user": 2, "acquisition": "bald", "decision_rule": "map", "final_regret": 3.071521759033203}
{"seed": 0, "user": 2, "acquisition": "bald", "decision_rule": "sample", "final_regret": 9.237876892089844}
{"seed": 0, "user": 2, "acquisition": "bald", "decision_rule": "softminimax", "final_regret": 0.18996238708496094}
{"seed": 0, "user": 2, "acquisition": "oracle", "decision_rule": "mean", "final_regret": 0.06310844421386719}
{"seed": 0, "user": 3, "acquisition": "voi", "decision_rule": "mean", "final_regret": 5.470804214477539}
{"seed": 0, "user": 3, "acquisition": "voi", "decision_rule": "map", "final_regret": 6.458996772766113}
{"seed": 0, "user": 3, "acquisition": "voi", "decision_rule": "sample", "final_regret": 0.5576601028442383}
{"seed": 0, "user": 3, "acquisition": "voi", "decision_rule": "softminimax", "final_regret": 5.470804214477539}
{"seed": 0, "user": 3, "acquisition": "bald", "decision_rule": "mean", "final_regret": 5.482378005981445}
{"seed": 0, "user": 3, "acquisition": "bald", "decision_rule": "map", "final_regret": 5.470804214477539}
{"seed": 0, "user": 3, "acquisition": "bald", "decision_rule": "sample", "final_regret": 6.224295616149902}
{"seed": 0, "user": 3, "acquisition": "bald", "decision_rule": "softminimax", "final_regret": 8.97187328338623}
{"seed": 0, "user": 3, "acquisition": "oracle", "decision_rule": "mean", "final_regret": 0.06851959228515625}
{"seed": 0, "user": 4, "acquisition": "voi", "decision_rule": "mean", "final_regret": 11.876848220825195}
{"seed": 0, "user": 4, "acquisition": "voi", "decision_rule": "map", "final_regret": 3.537496566772461}
{"seed": 0, "user": 4, "acquisition": "voi", "decision_rule": "sample", "final_regret": 0.34793663024902344}
{"seed": 0, "user": 4, "acquisition": "voi", "decision_rule": "softminimax", "final_regret": 2.7396678924560547}
{"seed": 0, "user": 4, "acquisition": "bald", "decision_rule": "mean", "final_regret": 0.6896095275878906}
{"seed": 0, "user": 4, "acquisition": "bald", "decision_rule": "map", "final_regret": 3.068685531616211}
{"seed": 0, "user": 4, "acquisition": "bald", "decision_rule": "sample", "final_regret": 0.8571529388427734}
{"seed": 0, "user": 4, "acquisition": "bald", "decision_rule": "softminimax", "final_regret": 3.291134834289551}
{"seed": 0, "user": 4, "acquisition": "oracle", "decision_rule": "mean", "final_regret": 0.28092193603515625}
{"seed": 0, "user": 5, "acquisition": "voi", "decision_rule": "mean", "final_regret": 0.1893768310546875}
{"seed": 0, "user": 5, "acquisition": "voi", "decision_rule": "map", "final_regret": 1.2366418838500977}
{"seed": 0, "user": 5, "acquisition": "voi", "decision_rule": "sample", "final_regret": 11.283740043640137}
{"seed": 0, "user": 5, "acquisition": "voi", "decision_rule": "softminimax", "final_regret": 8.111838340759277}
{"seed": 0, "user": 5, "acquisition": "bald", "decision_rule": "mean", "final_regret": 6.321380615234375}
{"seed": 0, "user": 5, "acquisition": "bald", "decision_rule": "map", "final_regret": 0.0911712646484375}
{"seed": 0, "user": 5, "acquisition": "bald", "decision_rule": "sample", "final_regret": 15.894455909729004}
{"seed": 0, "user": 5, "acquisition": "bald", "decision_rule": "softminimax", "final_regret": 6.337681770324707}
{"seed": 0, "user": 5, "acquisition": "oracle", "decision_rule": "mean", "final_regret": 0.019964218139648438}
{"seed": 0, "user": 6, "acquisition": "voi", "decision_rule": "mean", "final_regret": 2.5507164001464844}
{"seed": 0, "user": 6, "acquisition": "voi", "decision_rule": "map", "final_regret": 1.3107328414916992}
{"seed": 0, "user": 6, "acquisition": "voi", "decision_rule": "sample", "final_regret": 2.3288049697875977}
{"seed": 0, "user": 6, "acquisition": "voi", "decision_rule": "softminimax", "final_regret": 2.5002260208129883}
{"seed": 0, "user": 6, "acquisition": "bald", "decision_rule": "mean", "final_regret": 2.293539047241211}
{"seed": 0, "user": 6, "acquisition": "bald", "decision_rule": "map", "final_regret": 6.3667097091674805}
{"seed": 0, "user": 6, "acquisition": "bald", "decision_rule": "sample", "final_regret": 1.532090187072754}
{"seed": 0, "user": 6, "acquisition": "bald", "decision_rule": "softminimax", "final_regret": 0.2380695343017578}
{"seed": 0, "user": 6, "acquisition": "oracle", "decision_rule": "mean", "final_regret": 0.35605430603027344}
{"seed": 0, "user": 7, "acquisition": "voi", "decision_rule": "mean", "final_regret": 1.7998876571655273}
{"seed": 0, "user": 7, "acquisition": "voi", "decision_rule": "map", "final_regret": 2.1643190383911133}
{"seed": 0, "user": 7, "acquisition": "voi", "decision_rule": "sample", "final_regret": 1.4525632858276367}
{"seed": 0, "user": 7, "acquisition": "voi", "decision_rule": "softminimax", "final_regret": 1.3171539306640625}
{"seed": 0, "user": 7, "acquisition": "bald", "decision_rule": "mean", "final_regret": 1.8603134155273438}
{"seed": 0, "user": 7, "acquisition": "bald", "decision_rule": "map", "final_regret": 0.2666664123535156}
{"seed": 0, "user": 7, "acquisition": "bald", "decision_rule": "sample", "final_regret": 0.6251249313354492}
{"seed": 0, "user": 7, "acquisition": "bald", "decision_rule": "softminimax", "final_regret": 0.13189697265625}
{"seed": 0, "user": 7, "acquisition": "oracle", "decision_rule": "mean", "final_regret": 0.15038585662841797}
{"seed": 0, "user": 8, "acquisition": "voi", "decision_rule": "mean", "final_regret": 3.8677215576171875}
{"seed": 0, "user": 8, "acquisition": "voi", "decision_rule": "map", "final_regret": 5.790891647338867}
{"seed": 0, "user": 8, "acquisition": "voi", "decision_rule": "sample", "final_regret": 1.5983505249023438}
{"seed": 0, "user": 8, "acquisition": "voi", "decision_rule": "softminimax", "final_regret": 3.8963088989257812}
{"seed": 0, "user": 8, "acquisition": "bald", "decision_rule": "mean", "final_regret": 4.248108863830566}
{"seed": 0, "user": 8, "acquisition": "bald", "decision_rule": "map", "final_regret": 5.790891647338867}
{"seed": 0, "user": 8, "acquisition": "bald", "decision_rule": "sample", "final_regret": 3.1743574142456055}
{"seed": 0, "user": 8, "acquisition": "bald", "decision_rule": "softminimax", "final_regret": 3.8807449340820312}
{"seed": 0, "user": 8, "acquisition": "oracle", "decision_rule": "mean", "final_regret": 3.2687387466430664}
{"seed": 0, "user": 9, "acquisition": "voi", "decision_rule": "mean", "final_regret": 1.6988754272460938}
{"seed": 0, "user": 9, "acquisition": "voi", "decision_rule": "map", "final_regret": 9.873373985290527}
{"seed": 0, "user": 9, "acquisition": "voi", "decision_rule": "sample", "final_regret": 0.7062950134277344}
{"seed": 0, "user": 9, "acquisition": "voi", "decision_rule": "softminimax", "final_regret": 9.873373985290527}
{"seed": 0, "user": 9, "acquisition": "bald", "decision_rule": "mean", "final_regret": 1.758540153503418}
{"seed": 0, "user": 9, "acquisition": "bald", "decision_rule": "map", "final_regret": 0.7179985046386719}
{"seed": 0, "user": 9, "acquisition": "bald", "decision_rule": "sample", "final_regret": 17.41345977783203}
{"seed": 0, "user": 9, "acquisition": "bald", "decision_rule": "softminimax", "final_regret": 15.838726043701172}
{"seed": 0, "user": 9, "acquisition": "oracle", "decision_rule": "mean", "final_regret": 0.41318702697753906}
{"seed": 0, "user": 10, "acquisition": "voi", "decision_rule": "mean", "final_regret": 1.4270892143249512}
{"seed": 0, "user": 10, "acquisition": "voi", "decision_rule": "map", "final_regret": 6.208467483520508}
{"seed": 0, "user": 10, "acquisition": "voi", "decision_rule": "sample", "final_regret": 1.2824091911315918}
{"seed": 0, "user": 10, "acquisition": "voi", "decision_rule": "softminimax", "final_regret": 3.6225647926330566}
{"seed": 0, "user": 10, "acquisition": "bald", "decision_rule": "mean", "final_regret": 1.3684544563293457}
{"seed": 0, "user": 10, "acquisition": "bald", "decision_rule": "map", "final_regret": 0.5473613739013672}
{"seed": 0, "user": 10, "acquisition": "bald", "decision_rule": "sample", "final_regret": 6.902212142944336}
{"seed": 0, "user": 10, "acquisition": "bald", "decision_rule": "softminimax", "final_regret": 0.3251361846923828}
{"seed": 0, "user": 10, "acquisition": "oracle", "decision_rule": "mean", "final_regret": 0.18307876586914062}
{"seed": 0, "user": 11, "acquisition": "voi", "decision_rule": "mean", "final_regret": 0.8132314682006836}
{"seed": 0, "user": 11, "acquisition": "voi", "decision_rule": "map", "final_regret": 8.572823524475098}
{"seed": 0, "user": 11, "acquisition": "voi", "decision_rule": "sample", "final_regret": 1.5587763786315918}
{"seed": 0, "user": 11, "acquisition": "voi", "decision_rule": "softminimax", "final_regret": 5.186428070068359}
{"seed": 0, "user": 11, "acquisition": "bald", "decision_rule": "mean", "final_regret": 1.9537959098815918}
{"seed": 0, "user": 11, "acquisition": "bald", "decision_rule": "map", "final_regret": 9.810739517211914}
{"seed": 0, "user": 11, "acquisition": "bald", "decision_rule": "sample", "final_regret": 10.358675003051758}
{"seed": 0, "user": 11, "acquisition": "bald", "decision_rule": "softminimax", "final_regret": 4.791088104248047}
{"seed": 0, "user": 11, "acquisition": "oracle", "decision_rule": "mean", "final_regret": 0.3448619842529297}
{"seed": 1, "user": 0, "acquisition": "voi", "decision_rule": "mean", "final_regret": 0.6021652221679688}
{"seed": 1, "user": 0, "acquisition": "voi", "decision_rule": "map", "final_regret": 3.47462797164917}
{"seed": 1, "user": 0, "acquisition": "voi", "decision_rule": "sample", "final_regret": 0.4141664505004883}
{"seed": 1, "user": 0, "acquisition": "voi", "decision_rule": "softminimax", "final_regret": 0.7678651809692383}
{"seed": 1, "user": 0, "acquisition": "bald", "decision_rule": "mean", "final_regret": 4.375085830688477}
{"seed": 1, "user": 0, "acquisition": "bald", "decision_rule": "map", "final_regret": 2.6672067642211914}
{"seed": 1, "user": 0, "acquisition": "bald", "decision_rule": "sample", "final_regret": 6.25454044342041}
{"seed": 1, "user": 0, "acquisition": "bald", "decision_rule": "softminimax", "final_regret": 1.7403068542480469}
{"seed": 1, "user": 0, "acquisition": "oracle", "decision_rule": "mean", "final_regret": 1.2732419967651367}
{"seed": 1, "user": 1, "acquisition": "voi", "decision_rule": "mean", "final_regret": 6.162578582763672}
{"seed": 1, "user": 1, "acquisition": "voi", "decision_rule": "map", "final_regret": 3.4334535598754883}
{"seed": 1, "user": 1, "acquisition": "voi", "decision_rule": "sample", "final_regret": 15.769680976867676}
{"seed": 1, "user": 1, "acquisition": "voi", "decision_rule": "softminimax", "final_regret": 7.53684139251709}
{"seed": 1, "user": 1, "acquisition": "bald", "decision_rule": "mean", "final_regret": 8.624818801879883}
{"seed": 1, "user": 1, "acquisition": "bald", "decision_rule": "map", "final_regret": 9.964922904968262}
{"seed": 1, "user": 1, "acquisition": "bald", "decision_rule": "sample", "final_regret": 2.1677284240722656}
{"seed": 1, "user": 1, "acquisition": "bald", "decision_rule": "softminimax", "final_regret": 7.53684139251709}
{"seed": 1, "user": 1, "acquisition": "oracle", "decision_rule": "mean", "final_regret": 0.1836566925048828}
{"seed": 1, "user": 2, "acquisition": "voi", "decision_rule": "mean", "final_regret": 1.3908205032348633}
{"seed": 1, "user": 2, "acquisition": "voi", "decision_rule": "map", "final_regret": 6.384334564208984}
{"seed": 1, "user": 2, "acquisition": "voi", "decision_rule": "sample", "final_regret": 11.073732376098633}
{"seed": 1, "user": 2, "acquisition": "voi", "decision_rule": "softminimax", "final_regret": 0.1699991226196289}
{"seed": 1, "user": 2, "acquisition": "bald", "decision_rule": "mean", "final_regret": 12.182209014892578}
{"seed": 1, "user": 2, "acquisition": "bald", "decision_rule": "map", "final_regret": 6.384334564208984}
{"seed": 1, "user": 2, "acquisition": "bald", "decision_rule": "sample", "final_regret": 8.115468978881836}
{"seed": 1, "user": 2, "acquisition": "bald", "decision_rule": "softminimax", "final_regret": 8.115468978881836}
{"seed": 1, "user": 2, "acquisition": "oracle", "decision_rule": "mean", "final_regret": 6.783885478973389}
{"seed": 1, "user": 3, "acquisition": "voi", "decision_rule": "mean", "final_regret": 1.0929956436157227}
{"seed": 1, "user": 3, "acquisition": "voi", "decision_rule": "map", "final_regret": 6.000019073486328}
{"seed": 1, "user": 3, "acquisition": "voi", "decision_rule": "sample", "final_regret": 14.017566680908203}
{"seed": 1, "user": 3, "acquisition": "voi", "decision_rule": "softminimax", "final_regret": 1.1268892288208008}
{"seed": 1, "user": 3, "acquisition": "bald", "decision_rule": "mean", "final_regret": 0.49808788299560547}
{"seed": 1, "user": 3, "acquisition": "bald", "decision_rule": "map", "final_regret": 3.283186912536621}
{"seed": 1, "user": 3, "acquisition": "bald", "decision_rule": "sample", "final_regret": 3.3753347396850586}
{"seed": 1, "user": 3, "acquisition": "bald", "decision_rule": "softminimax", "final_regret": 2.057069778442383}
{"seed": 1, "user": 3, "acquisition": "oracle", "decision_rule": "mean", "final_regret": 0.026434898376464844}
{"seed": 1, "user": 4, "acquisition": "voi", "decision_rule": "mean", "final_regret": 0.30727100372314453}
{"seed": 1, "user": 4, "acquisition": "voi", "decision_rule": "map", "final_regret": 1.1778841018676758}
{"seed": 1, "user": 4, "acquisition": "voi", "decision_rule": "sample", "final_regret": 2.9462575912475586}
{"seed": 1, "user": 4, "acquisition": "voi", "decision_rule": "softminimax", "final_regret": 1.4243793487548828}
{"seed": 1, "user": 4, "acquisition": "bald", "decision_rule": "mean", "final_regret": 1.2203683853149414}
{"seed": 1, "user": 4, "acquisition": "bald", "decision_rule": "map", "final_regret": 0.16925430297851562}
{"seed": 1, "user": 4, "acquisition": "bald", "decision_rule": "sample", "final_regret": 1.1778841018676758}
{"seed": 1, "user": 4, "acquisition": "bald", "decision_rule": "softminimax", "final_regret": 1.4243793487548828}
{"seed": 1, "user": 4, "acquisition": "oracle", "decision_rule": "mean", "final_regret": 0.7458934783935547}
{"seed": 1, "user": 5, "acquisition": "voi", "decision_rule": "mean", "final_regret": 0.4096345901489258}
{"seed": 1, "user": 5, "acquisition": "voi", "decision_rule": "map", "final_regret": 15.564950942993164}
{"seed": 1, "user": 5, "acquisition": "voi", "decision_rule": "sample", "final_regret": 11.538151741027832}
{"seed": 1, "user": 5, "acquisition": "voi", "decision_rule": "softminimax", "final_regret": 3.073470115661621}
{"seed": 1, "user": 5, "acquisition": "bald", "decision_rule": "mean", "final_regret": 0.26807308197021484}
{"seed": 1, "user": 5, "acquisition": "bald", "decision_rule": "map", "final_regret": 4.8665266036987305}
{"seed": 1, "user": 5, "acquisition": "bald", "decision_rule": "sample", "final_regret": 5.076139450073242}
{"seed": 1, "user": 5, "acquisition": "bald", "decision_rule": "softminimax", "final_regret": 3.030022621154785}
{"seed": 1, "user": 5, "acquisition": "oracle", "decision_rule": "mean", "final_regret": 0.5769004821777344}
{"seed": 1, "user": 6, "acquisition": "voi", "decision_rule": "mean", "final_regret": 1.2181825637817383}
{"seed": 1, "user": 6, "acquisition": "voi", "decision_rule": "map", "final_regret": 6.273887634277344}
{"seed": 1, "user": 6, "acquisition": "voi", "decision_rule": "sample", "final_regret": 2.0916624069213867}
{"seed": 1, "user": 6, "acquisition": "voi", "decision_rule": "softminimax", "final_regret": 1.557363510131836}
{"seed": 1, "user": 6, "acquisition": "bald", "decision_rule": "mean", "final_regret": 1.5571231842041016}
{"seed": 1, "user": 6, "acquisition": "bald", "decision_rule": "map", "final_regret": 5.768450736999512}
{"seed": 1, "user": 6, "acquisition": "bald", "decision_rule": "sample", "final_regret": 2.797077178955078}
{"seed": 1, "user": 6, "acquisition": "bald", "decision_rule": "softminimax", "final_regret": 1.2837104797363281}
{"seed": 1, "user": 6, "acquisition": "oracle", "decision_rule": "mean", "final_regret": 1.1195564270019531}
{"seed": 1, "user": 7, "acquisition": "voi", "decision_rule": "mean", "final_regret": 0.6289119720458984}
{"seed": 1, "user": 7, "acquisition": "voi", "decision_rule": "map", "final_regret": 2.6489248275756836}
{"seed": 1, "user": 7, "acquisition": "voi", "decision_rule": "sample", "final_regret": 3.3133888244628906}
{"seed": 1, "user": 7, "acquisition": "voi", "decision_rule": "softminimax", "final_regret": 4.292623519897461}
{"seed": 1, "user": 7, "acquisition": "bald", "decision_rule": "mean", "final_regret": 5.264552116394043}
{"seed": 1, "user": 7, "acquisition": "bald", "decision_rule": "map", "final_regret": 5.0479278564453125}
{"seed": 1, "user": 7, "acquisition": "bald", "decision_rule": "sample", "final_regret": 9.362800598144531}
{"seed": 1, "user": 7, "acquisition": "bald", "decision_rule": "softminimax", "final_regret": 5.625628471374512}
{"seed": 1, "user": 7, "acquisition": "oracle", "decision_rule": "mean", "final_regret": 0.7421016693115234}
{"seed": 1, "user": 8, "acquisition": "voi", "decision_rule": "mean", "final_regret": 2.12021541595459}
{"seed": 1, "user": 8, "acquisition": "voi", "decision_rule": "map", "final_regret": 10.922164916992188}
{"seed": 1, "user": 8, "acquisition": "voi", "decision_rule": "sample", "final_regret": 9.378357887268066}
{"seed": 1, "user": 8, "acquisition": "voi", "decision_rule": "softminimax", "final_regret": 13.438654899597168}
{"seed": 1, "user": 8, "acquisition": "bald", "decision_rule": "mean", "final_regret": 1.7820453643798828}
{"seed": 1, "user": 8, "acquisition": "bald", "decision_rule": "map", "final_regret": 13.640076637268066}
{"seed": 1, "user": 8, "acquisition": "bald", "decision_rule": "sample", "final_regret": 8.82190227508545}
{"seed": 1, "user": 8, "acquisition": "bald", "decision_rule": "softminimax", "final_regret": 6.316558361053467}
{"seed": 1, "user": 8, "acquisition": "oracle", "decision_rule": "mean", "final_regret": 3.5511951446533203}
{"seed": 1, "user": 9, "acquisition": "voi", "decision_rule": "mean", "final_regret": 10.485145568847656}
{"seed": 1, "user": 9, "acquisition": "voi", "decision_rule": "map", "final_regret": 2.065793991088867}
{"seed": 1, "user": 9, "acquisition": "voi", "decision_rule": "sample", "final_regret": 0.15466594696044922}
{"seed": 1, "user": 9, "acquisition": "voi", "decision_rule": "softminimax", "final_regret": 10.485145568847656}
{"seed": 1, "user": 9, "acquisition": "bald", "decision_rule": "mean", "final_regret": 4.34272575378418}
{"seed": 1, "user": 9, "acquisition": "bald", "decision_rule": "map", "final_regret": 10.555872917175293}
{"seed": 1, "user": 9, "acquisition": "bald", "decision_rule": "sample", "final_regret": 10.21528434753418}
{"seed": 1, "user": 9, "acquisition": "bald", "decision_rule": "softminimax", "final_regret": 4.907351493835449}
{"seed": 1, "user": 9, "acquisition": "oracle", "decision_rule": "mean", "final_regret": 0.1726522445678711}
{"seed": 1, "user": 10, "acquisition": "voi", "decision_rule": "mean", "final_regret": 1.7466802597045898}
{"seed": 1, "user": 10, "acquisition": "voi", "decision_rule": "map", "final_regret": 1.7548274993896484}
{"seed": 1, "user": 10, "acquisition": "voi", "decision_rule": "sample", "final_regret": 2.927750587463379}
{"seed": 1, "user": 10, "acquisition": "voi", "decision_rule": "softminimax", "final_regret": 2.0062036514282227}
{"seed": 1, "user": 10, "acquisition": "bald", "decision_rule": "mean", "final_regret": 1.5776729583740234}
{"seed": 1, "user": 10, "acquisition": "bald", "decision_rule": "map", "final_regret": 1.4301414489746094}
{"seed": 1, "user": 10, "acquisition": "bald", "decision_rule": "sample", "final_regret": 6.6284027099609375}
{"seed": 1, "user": 10, "acquisition": "bald", "decision_rule": "softminimax", "final_regret": 2.0062036514282227}
{"seed": 1, "user": 10, "acquisition": "oracle", "decision_rule": "mean", "final_regret": 0.1448802947998047}
{"seed": 1, "user": 11, "acquisition": "voi", "decision_rule": "mean", "final_regret": 2.061638355255127}
{"seed": 1, "user": 11, "acquisition": "voi", "decision_rule": "map", "final_regret": 2.166626453399658}
{"seed": 1, "user": 11, "acquisition": "voi", "decision_rule": "sample", "final_regret": 2.9104771614074707}
{"seed": 1, "user": 11, "acquisition": "voi", "decision_rule": "softminimax", "final_regret": 2.1568379402160645}
{"seed": 1, "user": 11, "acquisition": "bald", "decision_rule": "mean", "final_regret": 8.29916763305664}
{"seed": 1, "user": 11, "acquisition": "bald", "decision_rule": "map", "final_regret": 0.1851043701171875}
{"seed": 1, "user": 11, "acquisition": "bald", "decision_rule": "sample", "final_regret": 8.896699905395508}
{"seed": 1, "user": 11, "acquisition": "bald", "decision_rule": "softminimax", "final_regret": 2.166626453399658}
{"seed": 1, "user": 11, "acquisition": "oracle", "decision_rule": "mean", "final_regret": 1.562096118927002}
{"seed": 2, "user": 0, "acquisition": "voi", "decision_rule": "mean", "final_regret": 0.049750328063964844}
{"seed": 2, "user": 0, "acquisition": "voi", "decision_rule": "map", "final_regret": 0.16199684143066406}
{"seed": 2, "user": 0, "acquisition": "voi", "decision_rule": "sample", "final_regret": 0.35336971282958984}
{"seed": 2, "user": 0, "acquisition": "voi", "decision_rule": "softminimax", "final_regret": 0.16199684143066406}
{"seed": 2, "user": 0, "acquisition": "bald", "decision_rule": "mean", "final_regret": 0.032131195068359375}
{"seed": 2, "user": 0, "acquisition": "bald", "decision_rule": "map", "final_regret": 7.014904975891113}
{"seed": 2, "user": 0, "acquisition": "bald", "decision_rule": "sample", "final_regret": 0.5579433441162109}
{"seed": 2, "user": 0, "acquisition": "bald", "decision_rule": "softminimax", "final_regret": 0.16199684143066406}
{"seed": 2, "user": 0, "acquisition": "oracle", "decision_rule": "mean", "final_regret": 0.0028753280639648438}
{"seed": 2, "user": 1, "acquisition": "voi", "decision_rule": "mean", "final_regret": 2.130239486694336}
{"seed": 2, "user": 1, "acquisition": "voi", "decision_rule": "map", "final_regret": 0.8881568908691406}
{"seed": 2, "user": 1, "acquisition": "voi", "decision_rule": "sample", "final_regret": 1.99615478515625}
{"seed": 2, "user": 1, "acquisition": "voi", "decision_rule": "softminimax", "final_regret": 14.164278030395508}
{"seed": 2, "user": 1, "acquisition": "bald", "decision_rule": "mean", "final_regret": 1.8502817153930664}
{"seed": 2, "user": 1, "acquisition": "bald", "decision_rule": "map", "final_regret": 6.630591869354248}
{"seed": 2, "user": 1, "acquisition": "bald", "decision_rule": "sample", "final_regret": 2.0776071548461914}
{"seed": 2, "user": 1, "acquisition": "bald", "decision_rule": "softminimax", "final_regret": 1.8930473327636719}
{"seed": 2, "user": 1, "acquisition": "oracle", "decision_rule": "mean", "final_regret": 2.1739721298217773}
{"seed": 2, "user": 2, "acquisition": "voi", "decision_rule": "mean", "final_regret": 0.10477256774902344}
{"seed": 2, "user": 2, "acquisition": "voi", "decision_rule": "map", "final_regret": 7.319949150085449}
{"seed": 2, "user": 2, "acquisition": "voi", "decision_rule": "sample", "final_regret": 8.931211471557617}
{"seed": 2, "user": 2, "acquisition": "voi", "decision_rule": "softminimax", "final_regret": 0.06925201416015625}
{"seed": 2, "user": 2, "acquisition": "bald", "decision_rule": "mean", "final_regret": 0.03231239318847656}
{"seed": 2, "user": 2, "acquisition": "bald", "decision_rule": "map", "final_regret": 0.18317413330078125}
{"seed": 2, "user": 2, "acquisition": "bald", "decision_rule": "sample", "final_regret": 14.341530799865723}
{"seed": 2, "user": 2, "acquisition": "bald", "decision_rule": "softminimax", "final_regret": 0.031167984008789062}
{"seed": 2, "user": 2, "acquisition": "oracle", "decision_rule": "mean", "final_regret": 0.00785064697265625}
{"seed": 2, "user": 3, "acquisition": "voi", "decision_rule": "mean", "final_regret": 0.0780019760131836}
{"seed": 2, "user": 3, "acquisition": "voi", "decision_rule": "map", "final_regret": 2.5316288471221924}
{"seed": 2, "user": 3, "acquisition": "voi", "decision_rule": "sample", "final_regret": 2.436318874359131}
{"seed": 2, "user": 3, "acquisition": "voi", "decision_rule": "softminimax", "final_regret": 6.307432174682617}
{"seed": 2, "user": 3, "acquisition": "bald", "decision_rule": "mean", "final_regret": 6.357115745544434}
{"seed": 2, "user": 3, "acquisition": "bald", "decision_rule": "map", "final_regret": 9.346417427062988}
{"seed": 2, "user": 3, "acquisition": "bald", "decision_rule": "sample", "final_regret": 4.545412540435791}
{"seed": 2, "user": 3, "acquisition": "bald", "decision_rule": "softminimax", "final_regret": 4.545412540435791}
{"seed": 2, "user": 3, "acquisition": "oracle", "decision_rule": "mean", "final_regret": 2.245433807373047}
{"seed": 2, "user": 4, "acquisition": "voi", "decision_rule": "mean", "final_regret": 0.09150886535644531}
{"seed": 2, "user": 4, "acquisition": "voi", "decision_rule": "map", "final_regret": 0.3574676513671875}
{"seed": 2, "user": 4, "acquisition": "voi", "decision_rule": "sample", "final_regret": 7.833958625793457}
{"seed": 2, "user": 4, "acquisition": "voi", "decision_rule": "softminimax", "final_regret": 0.07917976379394531}
{"seed": 2, "user": 4, "acquisition": "bald", "decision_rule": "mean", "final_regret": 0.08044624328613281}
{"seed": 2, "user": 4, "acquisition": "bald", "decision_rule": "map", "final_regret": 3.45819091796875}
{"seed": 2, "user": 4, "acquisition": "bald", "decision_rule": "sample", "final_regret": 12.59959888458252}
{"seed": 2, "user": 4, "acquisition": "bald", "decision_rule": "softminimax", "final_regret": 0.04599761962890625}
{"seed": 2, "user": 4, "acquisition": "oracle", "decision_rule": "mean", "final_regret": 0.3167381286621094}
{"seed": 2, "user": 5, "acquisition": "voi", "decision_rule": "mean", "final_regret": 15.2761869430542}
{"seed": 2, "user": 5, "acquisition": "voi", "decision_rule": "map", "final_regret": 0.0059757232666015625}
{"seed": 2, "user": 5, "acquisition": "voi", "decision_rule": "sample", "final_regret": 9.341930389404297}
{"seed": 2, "user": 5, "acquisition": "voi", "decision_rule": "softminimax", "final_regret": 0.14206695556640625}
{"seed": 2, "user": 5, "acquisition": "bald", "decision_rule": "mean", "final_regret": 12.128406524658203}
{"seed": 2, "user": 5, "acquisition": "bald", "decision_rule": "map", "final_regret": 0.03914642333984375}
{"seed": 2, "user": 5, "acquisition": "bald", "decision_rule": "sample", "final_regret": 0.0059757232666015625}
{"seed": 2, "user": 5, "acquisition": "bald", "decision_rule": "softminimax", "final_regret": 0.16741943359375}
{"seed": 2, "user": 5, "acquisition": "oracle", "decision_rule": "mean", "final_regret": 0.011030197143554688}
{"seed": 2, "user": 6, "acquisition": "voi", "decision_rule": "mean", "final_regret": 13.914972305297852}
{"seed": 2, "user": 6, "acquisition": "voi", "decision_rule": "map", "final_regret": 0.7084684371948242}
{"seed": 2, "user": 6, "acquisition": "voi", "decision_rule": "sample", "final_regret": 7.559772491455078}
{"seed": 2, "user": 6, "acquisition": "voi", "decision_rule": "softminimax", "final_regret": 7.647219657897949}
{"seed": 2, "user": 6, "acquisition": "bald", "decision_rule": "mean", "final_regret": 9.509526252746582}
{"seed": 2, "user": 6, "acquisition": "bald", "decision_rule": "map", "final_regret": 15.776514053344727}
{"seed": 2, "user": 6, "acquisition": "bald", "decision_rule": "sample", "final_regret": 6.148035049438477}
{"seed": 2, "user": 6, "acquisition": "bald", "decision_rule": "softminimax", "final_regret": 6.422555923461914}
{"seed": 2, "user": 6, "acquisition": "oracle", "decision_rule": "mean", "final_regret": 0.49942493438720703}
{"seed": 2, "user": 7, "acquisition": "voi", "decision_rule": "mean", "final_regret": 2.0338807106018066}
{"seed": 2, "user": 7, "acquisition": "voi", "decision_rule": "map", "final_regret": 7.63265323638916}
{"seed": 2, "user": 7, "acquisition": "voi", "decision_rule": "sample", "final_regret": 2.6427907943725586}
{"seed": 2, "user": 7, "acquisition": "voi", "decision_rule": "softminimax", "final_regret": 18.376068115234375}
{"seed": 2, "user": 7, "acquisition": "bald", "decision_rule": "mean", "final_regret": 0.1979389190673828}
{"seed": 2, "user": 7, "acquisition": "bald", "decision_rule": "map", "final_regret": 2.1485366821289062}
{"seed": 2, "user": 7, "acquisition": "bald", "decision_rule": "sample", "final_regret": 0.906733512878418}
{"seed": 2, "user": 7, "acquisition": "bald", "decision_rule": "softminimax", "final_regret": 2.30584716796875}
{"seed": 2, "user": 7, "acquisition": "oracle", "decision_rule": "mean", "final_regret": 0.08411788940429688}
{"seed": 2, "user": 8, "acquisition": "voi", "decision_rule": "mean", "final_regret": 0.02213287353515625}
{"seed": 2, "user": 8, "acquisition": "voi", "decision_rule": "map", "final_regret": 10.03465461730957}
{"seed": 2, "user": 8, "acquisition": "voi", "decision_rule": "sample", "final_regret": 0.28351593017578125}
{"seed": 2, "user": 8, "acquisition": "voi", "decision_rule": "softminimax", "final_regret": 0.04218101501464844}
{"seed": 2, "user": 8, "acquisition": "bald", "decision_rule": "mean", "final_regret": 0.2806873321533203}
{"seed": 2, "user": 8, "acquisition": "bald", "decision_rule": "map", "final_regret": 0.0413970947265625}
{"seed": 2, "user": 8, "acquisition": "bald", "decision_rule": "sample", "final_regret": 12.43564510345459}
{"seed": 2, "user": 8, "acquisition": "bald", "decision_rule": "softminimax", "final_regret": 0.10025787353515625}
{"seed": 2, "user": 8, "acquisition": "oracle", "decision_rule": "mean", "final_regret": 0.14017868041992188}
{"seed": 2, "user": 9, "acquisition": "voi", "decision_rule": "mean", "final_regret": 0.15644264221191406}
{"seed": 2, "user": 9, "acquisition": "voi", "decision_rule": "map", "final_regret": 11.592713356018066}
{"seed": 2, "user": 9, "acquisition": "voi", "decision_rule": "sample", "final_regret": 0.20951461791992188}
{"seed": 2, "user": 9, "acquisition": "voi", "decision_rule": "softminimax", "final_regret": 0.2908000946044922}
{"seed": 2, "user": 9, "acquisition": "bald", "decision_rule": "mean", "final_regret": 12.630088806152344}
{"seed": 2, "user": 9, "acquisition": "bald", "decision_rule": "map", "final_regret": 5.237468719482422}
{"seed": 2, "user": 9, "acquisition": "bald", "decision_rule": "sample", "final_regret": 0.20951461791992188}
{"seed": 2, "user": 9, "acquisition": "bald", "decision_rule": "softminimax", "final_regret": 0.21352005004882812}
{"seed": 2, "user": 9, "acquisition": "oracle", "decision_rule": "mean", "final_regret": 0.013668060302734375}
{"seed": 2, "user": 10, "acquisition": "voi", "decision_rule": "mean", "final_regret": 4.432195663452148}
{"seed": 2, "user": 10, "acquisition": "voi", "decision_rule": "map", "final_regret": 1.154426097869873}
{"seed": 2, "user": 10, "acquisition": "voi", "decision_rule": "sample", "final_regret": 2.199073314666748}
{"seed": 2, "user": 10, "acquisition": "voi", "decision_rule": "softminimax", "final_regret": 2.6415889263153076}
{"seed": 2, "user": 10, "acquisition": "bald", "decision_rule": "mean", "final_regret": 0.25569868087768555}
{"seed": 2, "user": 10, "acquisition": "bald", "decision_rule": "map", "final_regret": 11.043231010437012}
{"seed": 2, "user": 10, "acquisition": "bald", "decision_rule": "sample", "final_regret": 13.003213882446289}
{"seed": 2, "user": 10, "acquisition": "bald", "decision_rule": "softminimax", "final_regret": 12.978021621704102}
{"seed": 2, "user": 10, "acquisition": "oracle", "decision_rule": "mean", "final_regret": 2.7951297760009766}
{"seed": 2, "user": 11, "acquisition": "voi", "decision_rule": "mean", "final_regret": 2.852752685546875}
{"seed": 2, "user": 11, "acquisition": "voi", "decision_rule": "map", "final_regret": 2.236278533935547}
{"seed": 2, "user": 11, "acquisition": "voi", "decision_rule": "sample", "final_regret": 5.489046096801758}
{"seed": 2, "user": 11, "acquisition": "voi", "decision_rule": "softminimax", "final_regret": 2.8945159912109375}
{"seed": 2, "user": 11, "acquisition": "bald", "decision_rule": "mean", "final_regret": 2.843900680541992}
{"seed": 2, "user": 11, "acquisition": "bald", "decision_rule": "map", "final_regret": 2.673717498779297}
{"seed": 2, "user": 11, "acquisition": "bald", "decision_rule": "sample", "final_regret": 2.837076187133789}
{"seed": 2, "user": 11, "acquisition": "bald", "decision_rule": "softminimax", "final_regret": 2.8353614807128906}
{"seed": 2, "user": 11, "acquisition": "oracle", "decision_rule": "mean", "final_regret": 0.06711769104003906}
{"seed": 3, "user": 0, "acquisition": "voi", "decision_rule": "mean", "final_regret": 0.025762557983398438}
{"seed": 3, "user": 0, "acquisition": "voi", "decision_rule": "map", "final_regret": 4.633098602294922}
{"seed": 3, "user": 0, "acquisition": "voi", "decision_rule": "sample", "final_regret": 0.087860107421875}
{"seed": 3, "user": 0, "acquisition": "voi", "decision_rule": "softminimax", "final_regret": 0.025762557983398438}
{"seed": 3, "user": 0, "acquisition": "bald", "decision_rule": "mean", "final_regret": 0.07303810119628906}
{"seed": 3, "user": 0, "acquisition": "bald", "decision_rule": "map", "final_regret": 7.451504707336426}
{"seed": 3, "user": 0, "acquisition": "bald", "decision_rule": "sample", "final_regret": 0.14020919799804688}
{"seed": 3, "user": 0, "acquisition": "bald", "decision_rule": "softminimax", "final_regret": 0.025762557983398438}
{"seed": 3, "user": 0, "acquisition": "oracle", "decision_rule": "mean", "final_regret": 0.011926651000976562}
{"seed": 3, "user": 1, "acquisition": "voi", "decision_rule": "mean", "final_regret": 0.5377864837646484}
{"seed": 3, "user": 1, "acquisition": "voi", "decision_rule": "map", "final_regret": 0.005764007568359375}
{"seed": 3, "user": 1, "acquisition": "voi", "decision_rule": "sample", "final_regret": 0.2474212646484375}
{"seed": 3, "user": 1, "acquisition": "voi", "decision_rule": "softminimax", "final_regret": 0.5085048675537109}
{"seed": 3, "user": 1, "acquisition": "bald", "decision_rule": "mean", "final_regret": 7.091692924499512}
{"seed": 3, "user": 1, "acquisition": "bald", "decision_rule": "map", "final_regret": 3.26461124420166}
{"seed": 3, "user": 1, "acquisition": "bald", "decision_rule": "sample", "final_regret": 0.2772808074951172}
{"seed": 3, "user": 1, "acquisition": "bald", "decision_rule": "softminimax", "final_regret": 0.030649185180664062}
{"seed": 3, "user": 1, "acquisition": "oracle", "decision_rule": "mean", "final_regret": 0.022661209106445312}
{"seed": 3, "user": 2, "acquisition": "voi", "decision_rule": "mean", "final_regret": 0.15236663818359375}
{"seed": 3, "user": 2, "acquisition": "voi", "decision_rule": "map", "final_regret": 1.9305782318115234}
{"seed": 3, "user": 2, "acquisition": "voi", "decision_rule": "sample", "final_regret": 0.1672992706298828}
{"seed": 3, "user": 2, "acquisition": "voi", "decision_rule": "softminimax", "final_regret": 0.11704826354980469}
{"seed": 3, "user": 2, "acquisition": "bald", "decision_rule": "mean", "final_regret": 0.09710884094238281}
{"seed": 3, "user": 2, "acquisition": "bald", "decision_rule": "map", "final_regret": 8.83774185180664}
{"seed": 3, "user": 2, "acquisition": "bald", "decision_rule": "sample", "final_regret": 0.10853195190429688}
{"seed": 3, "user": 2, "acquisition": "bald", "decision_rule": "softminimax", "final_regret": 0.10853195190429688}
{"seed": 3, "user": 2, "acquisition": "oracle", "decision_rule": "mean", "final_regret": 0.09113311767578125}
{"seed": 3, "user": 3, "acquisition": "voi", "decision_rule": "mean", "final_regret": 2.3647470474243164}
{"seed": 3, "user": 3, "acquisition": "voi", "decision_rule": "map", "final_regret": 1.801041603088379}
{"seed": 3, "user": 3, "acquisition": "voi", "decision_rule": "sample", "final_regret": 3.3409128189086914}
{"seed": 3, "user": 3, "acquisition": "voi", "decision_rule": "softminimax", "final_regret": 1.8072433471679688}
{"seed": 3, "user": 3, "acquisition": "bald", "decision_rule": "mean", "final_regret": 6.737465858459473}
{"seed": 3, "user": 3, "acquisition": "bald", "decision_rule": "map", "final_regret": 1.993947982788086}
{"seed": 3, "user": 3, "acquisition": "bald", "decision_rule": "sample", "final_regret": 9.56010627746582}
{"seed": 3, "user": 3, "acquisition": "bald", "decision_rule": "softminimax", "final_regret": 2.391970634460449}
{"seed": 3, "user": 3, "acquisition": "oracle", "decision_rule": "mean", "final_regret": 0.02163410186767578}
{"seed": 3, "user": 4, "acquisition": "voi", "decision_rule": "mean", "final_regret": 4.345519065856934}
{"seed": 3, "user": 4, "acquisition": "voi", "decision_rule": "map", "final_regret": 0.12984466552734375}
{"seed": 3, "user": 4, "acquisition": "voi", "decision_rule": "sample", "final_regret": 4.9229326248168945}
{"seed": 3, "user": 4, "acquisition": "voi", "decision_rule": "softminimax", "final_regret": 3.0483999252319336}
{"seed": 3, "user": 4, "acquisition": "bald", "decision_rule": "mean", "final_regret": 4.516177177429199}
{"seed": 3, "user": 4, "acquisition": "bald", "decision_rule": "map", "final_regret": 4.417856216430664}
{"seed": 3, "user": 4, "acquisition": "bald", "decision_rule": "sample", "final_regret": 4.516177177429199}
{"seed": 3, "user": 4, "acquisition": "bald", "decision_rule": "softminimax", "final_regret": 3.189359664916992}
{"seed": 3, "user": 4, "acquisition": "oracle", "decision_rule": "mean", "final_regret": 0.023138046264648438}
{"seed": 3, "user": 5, "acquisition": "voi", "decision_rule": "mean", "final_regret": 2.1719608306884766}
{"seed": 3, "user": 5, "acquisition": "voi", "decision_rule": "map", "final_regret": 3.9818592071533203}
{"seed": 3, "user": 5, "acquisition": "voi", "decision_rule": "sample", "final_regret": 5.8484649658203125}
{"seed": 3, "user": 5, "acquisition": "voi", "decision_rule": "softminimax", "final_regret": 0.5307760238647461}
{"seed": 3, "user": 5, "acquisition": "bald", "decision_rule": "mean", "final_regret": 0.4923982620239258}
{"seed": 3, "user": 5, "acquisition": "bald", "decision_rule": "map", "final_regret": 2.151021957397461}
{"seed": 3, "user": 5, "acquisition": "bald", "decision_rule": "sample", "final_regret": 0.020044326782226562}
{"seed": 3, "user": 5, "acquisition": "bald", "decision_rule": "softminimax", "final_regret": 0.5122909545898438}
{"seed": 3, "user": 5, "acquisition": "oracle", "decision_rule": "mean", "final_regret": 0.4070119857788086}
{"seed": 3, "user": 6, "acquisition": "voi", "decision_rule": "mean", "final_regret": 0.5011539459228516}
{"seed": 3, "user": 6, "acquisition": "voi", "decision_rule": "map", "final_regret": 4.42387580871582}
{"seed": 3, "user": 6, "acquisition": "voi", "decision_rule": "sample", "final_regret": 0.5185337066650391}
{"seed": 3, "user": 6, "acquisition": "voi", "decision_rule": "softminimax", "final_regret": 0.6104755401611328}
{"seed": 3, "user": 6, "acquisition": "bald", "decision_rule": "mean", "final_regret": 0.6060981750488281}
{"seed": 3, "user": 6, "acquisition": "bald", "decision_rule": "map", "final_regret": 0.6434803009033203}
{"seed": 3, "user": 6, "acquisition": "bald", "decision_rule": "sample", "final_regret": 0.11432647705078125}
{"seed": 3, "user": 6, "acquisition": "bald", "decision_rule": "softminimax", "final_regret": 0.5046844482421875}
{"seed": 3, "user": 6, "acquisition": "oracle", "decision_rule": "mean", "final_regret": 0.6104755401611328}
{"seed": 3, "user": 7, "acquisition": "voi", "decision_rule": "mean", "final_regret": 0.04809761047363281}
{"seed": 3, "user": 7, "acquisition": "voi", "decision_rule": "map", "final_regret": 0.11211967468261719}
{"seed": 3, "user": 7, "acquisition": "voi", "decision_rule": "sample", "final_regret": 14.251611709594727}
{"seed": 3, "user": 7, "acquisition": "voi", "decision_rule": "softminimax", "final_regret": 0.09427452087402344}
{"seed": 3, "user": 7, "acquisition": "bald", "decision_rule": "mean", "final_regret": 0.09427452087402344}
{"seed": 3, "user": 7, "acquisition": "bald", "decision_rule": "map", "final_regret": 0.03573036193847656}
{"seed": 3, "user": 7, "acquisition": "bald", "decision_rule": "sample", "final_regret": 1.1051292419433594}
{"seed": 3, "user": 7, "acquisition": "bald", "decision_rule": "softminimax", "final_regret": 0.09427452087402344}
{"seed": 3, "user": 7, "acquisition": "oracle", "decision_rule": "mean", "final_regret": 0.08781623840332031}
{"seed": 3, "user": 8, "acquisition": "voi", "decision_rule": "mean", "final_regret": 0.29384326934814453}
{"seed": 3, "user": 8, "acquisition": "voi", "decision_rule": "map", "final_regret": 0.3319206237792969}
{"seed": 3, "user": 8, "acquisition": "voi", "decision_rule": "sample", "final_regret": 5.011256217956543}
{"seed": 3, "user": 8, "acquisition": "voi", "decision_rule": "softminimax", "final_regret": 1.7755470275878906}
{"seed": 3, "user": 8, "acquisition": "bald", "decision_rule": "mean", "final_regret": 5.35513973236084}
{"seed": 3, "user": 8, "acquisition": "bald", "decision_rule": "map", "final_regret": 0.3319206237792969}
{"seed": 3, "user": 8, "acquisition": "bald", "decision_rule": "sample", "final_regret": 5.469181060791016}
{"seed": 3, "user": 8, "acquisition": "bald", "decision_rule": "softminimax", "final_regret": 0.2718477249145508}
{"seed": 3, "user": 8, "acquisition": "oracle", "decision_rule": "mean", "final_regret": 0.24305438995361328}
{"seed": 3, "user": 9, "acquisition": "voi", "decision_rule": "mean", "final_regret": 0.22296810150146484}
{"seed": 3, "user": 9, "acquisition": "voi", "decision_rule": "map", "final_regret": 3.6627559661865234}
{"seed": 3, "user": 9, "acquisition": "voi", "decision_rule": "sample", "final_regret": 3.6627559661865234}
{"seed": 3, "user": 9, "acquisition": "voi", "decision_rule": "softminimax", "final_regret": 2.247133255004883}
{"seed": 3, "user": 9, "acquisition": "bald", "decision_rule": "mean", "final_regret": 0.06887340545654297}
{"seed": 3, "user": 9, "acquisition": "bald", "decision_rule": "map", "final_regret": 0.9368257522583008}
{"seed": 3, "user": 9, "acquisition": "bald", "decision_rule": "sample", "final_regret": 2.247133255004883}
{"seed": 3, "user": 9, "acquisition": "bald", "decision_rule": "softminimax", "final_regret": 0.3339090347290039}
{"seed": 3, "user": 9, "acquisition": "oracle", "decision_rule": "mean", "final_regret": 0.2103862762451172}
{"seed": 3, "user": 10, "acquisition": "voi", "decision_rule": "mean", "final_regret": 0.3089866638183594}
{"seed": 3, "user": 10, "acquisition": "voi", "decision_rule": "map", "final_regret": 2.734516143798828}
{"seed": 3, "user": 10, "acquisition": "voi", "decision_rule": "sample", "final_regret": 2.0121822357177734}
{"seed": 3, "user": 10, "acquisition": "voi", "decision_rule": "softminimax", "final_regret": 2.019559860229492}
{"seed": 3, "user": 10, "acquisition": "bald", "decision_rule": "mean", "final_regret": 1.9582996368408203}
{"seed": 3, "user": 10, "acquisition": "bald", "decision_rule": "map", "final_regret": 1.9906349182128906}
{"seed": 3, "user": 10, "acquisition": "bald", "decision_rule": "sample", "final_regret": 4.160871505737305}
{"seed": 3, "user": 10, "acquisition": "bald", "decision_rule": "softminimax", "final_regret": 1.962493896484375}
{"seed": 3, "user": 10, "acquisition": "oracle", "decision_rule": "mean", "final_regret": 2.0189037322998047}
{"seed": 3, "user": 11, "acquisition": "voi", "decision_rule": "mean", "final_regret": 0.05703163146972656}
{"seed": 3, "user": 11, "acquisition": "voi", "decision_rule": "map", "final_regret": 1.99420166015625}
{"seed": 3, "user": 11, "acquisition": "voi", "decision_rule": "sample", "final_regret": 7.377229690551758}
{"seed": 3, "user": 11, "acquisition": "voi", "decision_rule": "softminimax", "final_regret": 0.06188201904296875}
{"seed": 3, "user": 11, "acquisition": "bald", "decision_rule": "mean", "final_regret": 0.05554771423339844}
{"seed": 3, "user": 11, "acquisition": "bald", "decision_rule": "map", "final_regret": 0.35858917236328125}
{"seed": 3, "user": 11, "acquisition": "bald", "decision_rule": "sample", "final_regret": 0.26780128479003906}
{"seed": 3, "user": 11, "acquisition": "bald", "decision_rule": "softminimax", "final_regret": 0.26780128479003906}
{"seed": 3, "user": 11, "acquisition": "oracle", "decision_rule": "mean", "final_regret": 0.05559349060058594}
{"seed": 4, "user": 0, "acquisition": "voi", "decision_rule": "mean", "final_regret": 9.902148246765137}
{"seed": 4, "user": 0, "acquisition": "voi", "decision_rule": "map", "final_regret": 1.8133907318115234}
{"seed": 4, "user": 0, "acquisition": "voi", "decision_rule": "sample", "final_regret": 1.5513458251953125}
{"seed": 4, "user": 0, "acquisition": "voi", "decision_rule": "softminimax", "final_regret": 0.09608268737792969}
{"seed": 4, "user": 0, "acquisition": "bald", "decision_rule": "mean", "final_regret": 0.4504413604736328}
{"seed": 4, "user": 0, "acquisition": "bald", "decision_rule": "map", "final_regret": 0.5094146728515625}
{"seed": 4, "user": 0, "acquisition": "bald", "decision_rule": "sample", "final_regret": 10.411500930786133}
{"seed": 4, "user": 0, "acquisition": "bald", "decision_rule": "softminimax", "final_regret": 1.5555534362792969}
{"seed": 4, "user": 0, "acquisition": "oracle", "decision_rule": "mean", "final_regret": 0.09811782836914062}
{"seed": 4, "user": 1, "acquisition": "voi", "decision_rule": "mean", "final_regret": 1.1283760070800781}
{"seed": 4, "user": 1, "acquisition": "voi", "decision_rule": "map", "final_regret": 0.05623435974121094}
{"seed": 4, "user": 1, "acquisition": "voi", "decision_rule": "sample", "final_regret": 11.97532844543457}
{"seed": 4, "user": 1, "acquisition": "voi", "decision_rule": "softminimax", "final_regret": 3.9676942825317383}
{"seed": 4, "user": 1, "acquisition": "bald", "decision_rule": "mean", "final_regret": 5.451737403869629}
{"seed": 4, "user": 1, "acquisition": "bald", "decision_rule": "map", "final_regret": 2.0573301315307617}
{"seed": 4, "user": 1, "acquisition": "bald", "decision_rule": "sample", "final_regret": 2.0573301315307617}
{"seed": 4, "user": 1, "acquisition": "bald", "decision_rule": "softminimax", "final_regret": 0.05623435974121094}
{"seed": 4, "user": 1, "acquisition": "oracle", "decision_rule": "mean", "final_regret": 1.9427595138549805}
{"seed": 4, "user": 2, "acquisition": "voi", "decision_rule": "mean", "final_regret": 2.035358428955078}
{"seed": 4, "user": 2, "acquisition": "voi", "decision_rule": "map", "final_regret": 0.15667152404785156}
{"seed": 4, "user": 2, "acquisition": "voi", "decision_rule": "sample", "final_regret": 11.153390884399414}
{"seed": 4, "user": 2, "acquisition": "voi", "decision_rule": "softminimax", "final_regret": 2.1534862518310547}
{"seed": 4, "user": 2, "acquisition": "bald", "decision_rule": "mean", "final_regret": 8.298580169677734}
{"seed": 4, "user": 2, "acquisition": "bald", "decision_rule": "map", "final_regret": 16.80982208251953}
{"seed": 4, "user": 2, "acquisition": "bald", "decision_rule": "sample", "final_regret": 0.1364459991455078}
{"seed": 4, "user": 2, "acquisition": "bald", "decision_rule": "softminimax", "final_regret": 8.390424728393555}
{"seed": 4, "user": 2, "acquisition": "oracle", "decision_rule": "mean", "final_regret": 0.06494140625}
{"seed": 4, "user": 3, "acquisition": "voi", "decision_rule": "mean", "final_regret": 0.12777137756347656}
{"seed": 4, "user": 3, "acquisition": "voi", "decision_rule": "map", "final_regret": 0.1882648468017578}
{"seed": 4, "user": 3, "acquisition": "voi", "decision_rule": "sample", "final_regret": 6.431408882141113}
{"seed": 4, "user": 3, "acquisition": "voi", "decision_rule": "softminimax", "final_regret": 4.71382999420166}
{"seed": 4, "user": 3, "acquisition": "bald", "decision_rule": "mean", "final_regret": 0.3953971862792969}
{"seed": 4, "user": 3, "acquisition": "bald", "decision_rule": "map", "final_regret": 11.238738059997559}
{"seed": 4, "user": 3, "acquisition": "bald", "decision_rule": "sample", "final_regret": 6.12495231628418}
{"seed": 4, "user": 3, "acquisition": "bald", "decision_rule": "softminimax", "final_regret": 5.421609878540039}
{"seed": 4, "user": 3, "acquisition": "oracle", "decision_rule": "mean", "final_regret": 0.3678398132324219}
{"seed": 4, "user": 4, "acquisition": "voi", "decision_rule": "mean", "final_regret": 3.933908462524414}
{"seed": 4, "user": 4, "acquisition": "voi", "decision_rule": "map", "final_regret": 9.570311546325684}
{"seed": 4, "user": 4, "acquisition": "voi", "decision_rule": "sample", "final_regret": 2.927464485168457}
{"seed": 4, "user": 4, "acquisition": "voi", "decision_rule": "softminimax", "final_regret": 9.67604923248291}
{"seed": 4, "user": 4, "acquisition": "bald", "decision_rule": "mean", "final_regret": 2.2628345489501953}
{"seed": 4, "user": 4, "acquisition": "bald", "decision_rule": "map", "final_regret": 2.8042221069335938}
{"seed": 4, "user": 4, "acquisition": "bald", "decision_rule": "sample", "final_regret": 2.522322654724121}
{"seed": 4, "user": 4, "acquisition": "bald", "decision_rule": "softminimax", "final_regret": 5.576013565063477}
{"seed": 4, "user": 4, "acquisition": "oracle", "decision_rule": "mean", "final_regret": 0.11318492889404297}
{"seed": 4, "user": 5, "acquisition": "voi", "decision_rule": "mean", "final_regret": 7.182590484619141}
{"seed": 4, "user": 5, "acquisition": "voi", "decision_rule": "map", "final_regret": 14.70577621459961}
{"seed": 4, "user": 5, "acquisition": "voi", "decision_rule": "sample", "final_regret": 5.12697696685791}
{"seed": 4, "user": 5, "acquisition": "voi", "decision_rule": "softminimax", "final_regret": 4.123416423797607}
{"seed": 4, "user": 5, "acquisition": "bald", "decision_rule": "mean", "final_regret": 5.121755123138428}
{"seed": 4, "user": 5, "acquisition": "bald", "decision_rule": "map", "final_regret": 6.787773609161377}
{"seed": 4, "user": 5, "acquisition": "bald", "decision_rule": "sample", "final_regret": 8.122466087341309}
{"seed": 4, "user": 5, "acquisition": "bald", "decision_rule": "softminimax", "final_regret": 13.988136291503906}
{"seed": 4, "user": 5, "acquisition": "oracle", "decision_rule": "mean", "final_regret": 5.218381881713867}
{"seed": 4, "user": 6, "acquisition": "voi", "decision_rule": "mean", "final_regret": 2.95004940032959}
{"seed": 4, "user": 6, "acquisition": "voi", "decision_rule": "map", "final_regret": 4.143921852111816}
{"seed": 4, "user": 6, "acquisition": "voi", "decision_rule": "sample", "final_regret": 1.2756471633911133}
{"seed": 4, "user": 6, "acquisition": "voi", "decision_rule": "softminimax", "final_regret": 2.3854970932006836}
{"seed": 4, "user": 6, "acquisition": "bald", "decision_rule": "mean", "final_regret": 2.1047840118408203}
{"seed": 4, "user": 6, "acquisition": "bald", "decision_rule": "map", "final_regret": 0.24857616424560547}
{"seed": 4, "user": 6, "acquisition": "bald", "decision_rule": "sample", "final_regret": 1.2756471633911133}
{"seed": 4, "user": 6, "acquisition": "bald", "decision_rule": "softminimax", "final_regret": 5.247390270233154}
{"seed": 4, "user": 6, "acquisition": "oracle", "decision_rule": "mean", "final_regret": 2.0769081115722656}
{"seed": 4, "user": 7, "acquisition": "voi", "decision_rule": "mean", "final_regret": 2.6854686737060547}
{"seed": 4, "user": 7, "acquisition": "voi", "decision_rule": "map", "final_regret": 0.9534072875976562}
{"seed": 4, "user": 7, "acquisition": "voi", "decision_rule": "sample", "final_regret": 4.660214424133301}
{"seed": 4, "user": 7, "acquisition": "voi", "decision_rule": "softminimax", "final_regret": 1.0263328552246094}
{"seed": 4, "user": 7, "acquisition": "bald", "decision_rule": "mean", "final_regret": 8.768424987792969}
{"seed": 4, "user": 7, "acquisition": "bald", "decision_rule": "map", "final_regret": 1.0263328552246094}
{"seed": 4, "user": 7, "acquisition": "bald", "decision_rule": "sample", "final_regret": 4.410336494445801}
{"seed": 4, "user": 7, "acquisition": "bald", "decision_rule": "softminimax", "final_regret": 0.4080791473388672}
{"seed": 4, "user": 7, "acquisition": "oracle", "decision_rule": "mean", "final_regret": 1.0548248291015625}
{"seed": 4, "user": 8, "acquisition": "voi", "decision_rule": "mean", "final_regret": 12.205266952514648}
{"seed": 4, "user": 8, "acquisition": "voi", "decision_rule": "map", "final_regret": 14.129111289978027}
{"seed": 4, "user": 8, "acquisition": "voi", "decision_rule": "sample", "final_regret": 14.243419647216797}
{"seed": 4, "user": 8, "acquisition": "voi", "decision_rule": "softminimax", "final_regret": 4.211000442504883}
{"seed": 4, "user": 8, "acquisition": "bald", "decision_rule": "mean", "final_regret": 4.187372207641602}
{"seed": 4, "user": 8, "acquisition": "bald", "decision_rule": "map", "final_regret": 0.23494911193847656}
{"seed": 4, "user": 8, "acquisition": "bald", "decision_rule": "sample", "final_regret": 3.246438980102539}
{"seed": 4, "user": 8, "acquisition": "bald", "decision_rule": "softminimax", "final_regret": 3.246438980102539}
{"seed": 4, "user": 8, "acquisition": "oracle", "decision_rule": "mean", "final_regret": 1.6159706115722656}
{"seed": 4, "user": 9, "acquisition": "voi", "decision_rule": "mean", "final_regret": 7.399293899536133}
{"seed": 4, "user": 9, "acquisition": "voi", "decision_rule": "map", "final_regret": 0.06900215148925781}
{"seed": 4, "user": 9, "acquisition": "voi", "decision_rule": "sample", "final_regret": 9.966360092163086}
{"seed": 4, "user": 9, "acquisition": "voi", "decision_rule": "softminimax", "final_regret": 1.7979154586791992}
{"seed": 4, "user": 9, "acquisition": "bald", "decision_rule": "mean", "final_regret": 2.7644691467285156}
{"seed": 4, "user": 9, "acquisition": "bald", "decision_rule": "map", "final_regret": 1.8749361038208008}
{"seed": 4, "user": 9, "acquisition": "bald", "decision_rule": "sample", "final_regret": 8.672253608703613}
{"seed": 4, "user": 9, "acquisition": "bald", "decision_rule": "softminimax", "final_regret": 1.8943710327148438}
{"seed": 4, "user": 9, "acquisition": "oracle", "decision_rule": "mean", "final_regret": 0.035980224609375}
{"seed": 4, "user": 10, "acquisition": "voi", "decision_rule": "mean", "final_regret": 0.7543849945068359}
{"seed": 4, "user": 10, "acquisition": "voi", "decision_rule": "map", "final_regret": 7.900078296661377}
{"seed": 4, "user": 10, "acquisition": "voi", "decision_rule": "sample", "final_regret": 8.276159286499023}
{"seed": 4, "user": 10, "acquisition": "voi", "decision_rule": "softminimax", "final_regret": 2.64913272857666}
{"seed": 4, "user": 10, "acquisition": "bald", "decision_rule": "mean", "final_regret": 0.20885181427001953}
{"seed": 4, "user": 10, "acquisition": "bald", "decision_rule": "map", "final_regret": 1.9250926971435547}
{"seed": 4, "user": 10, "acquisition": "bald", "decision_rule": "sample", "final_regret": 0.19107341766357422}
{"seed": 4, "user": 10, "acquisition": "bald", "decision_rule": "softminimax", "final_regret": 2.64913272857666}
{"seed": 4, "user": 10, "acquisition": "oracle", "decision_rule": "mean", "final_regret": 2.037337303161621}
{"seed": 4, "user": 11, "acquisition": "voi", "decision_rule": "mean", "final_regret": 0.4653959274291992}
{"seed": 4, "user": 11, "acquisition": "voi", "decision_rule": "map", "final_regret": 1.8979911804199219}
{"seed": 4, "user": 11, "acquisition": "voi", "decision_rule": "sample", "final_regret": 1.971663475036621}
{"seed": 4, "user": 11, "acquisition": "voi", "decision_rule": "softminimax", "final_regret": 3.2267236709594727}
{"seed": 4, "user": 11, "acquisition": "bald", "decision_rule": "mean", "final_regret": 6.765171051025391}
{"seed": 4, "user": 11, "acquisition": "bald", "decision_rule": "map", "final_regret": 3.928776741027832}
{"seed": 4, "user": 11, "acquisition": "bald", "decision_rule": "sample", "final_regret": 0.8386020660400391}
{"seed": 4, "user": 11, "acquisition": "bald", "decision_rule": "softminimax", "final_regret": 3.247187614440918}
{"seed": 4, "user": 11, "acquisition": "oracle", "decision_rule": "mean", "final_regret": 0.17791080474853516}
{"seed": 5, "user": 0, "acquisition": "voi", "decision_rule": "mean", "final_regret": 4.644126892089844}
{"seed": 5, "user": 0, "acquisition": "voi", "decision_rule": "map", "final_regret": 0.03362274169921875}
{"seed": 5, "user": 0, "acquisition": "voi", "decision_rule": "sample", "final_regret": 1.966217041015625}
{"seed": 5, "user": 0, "acquisition": "voi", "decision_rule": "softminimax", "final_regret": 3.134481430053711}
{"seed": 5, "user": 0, "acquisition": "bald", "decision_rule": "mean", "final_regret": 0.18900489807128906}
{"seed": 5, "user": 0, "acquisition": "bald", "decision_rule": "map", "final_regret": 4.7198638916015625}
{"seed": 5, "user": 0, "acquisition": "bald", "decision_rule": "sample", "final_regret": 4.738679885864258}
{"seed": 5, "user": 0, "acquisition": "bald", "decision_rule": "softminimax", "final_regret": 3.134481430053711}
{"seed": 5, "user": 0, "acquisition": "oracle", "decision_rule": "mean", "final_regret": 0.03426551818847656}
{"seed": 5, "user": 1, "acquisition": "voi", "decision_rule": "mean", "final_regret": 0.028482437133789062}
{"seed": 5, "user": 1, "acquisition": "voi", "decision_rule": "map", "final_regret": 0.5262832641601562}
{"seed": 5, "user": 1, "acquisition": "voi", "decision_rule": "sample", "final_regret": 0.5262832641601562}
{"seed": 5, "user": 1, "acquisition": "voi", "decision_rule": "softminimax", "final_regret": 0.11381816864013672}
{"seed": 5, "user": 1, "acquisition": "bald", "decision_rule": "mean", "final_regret": 0.6254281997680664}
{"seed": 5, "user": 1, "acquisition": "bald", "decision_rule": "map", "final_regret": 6.955616474151611}
{"seed": 5, "user": 1, "acquisition": "bald", "decision_rule": "sample", "final_regret": 4.961610794067383}
{"seed": 5, "user": 1, "acquisition": "bald", "decision_rule": "softminimax", "final_regret": 0.11381816864013672}
{"seed": 5, "user": 1, "acquisition": "oracle", "decision_rule": "mean", "final_regret": 0.0037984848022460938}
{"seed": 5, "user": 2, "acquisition": "voi", "decision_rule": "mean", "final_regret": 4.347977638244629}
{"seed": 5, "user": 2, "acquisition": "voi", "decision_rule": "map", "final_regret": 1.6337194442749023}
{"seed": 5, "user": 2, "acquisition": "voi", "decision_rule": "sample", "final_regret": 2.104477882385254}
{"seed": 5, "user": 2, "acquisition": "voi", "decision_rule": "softminimax", "final_regret": 3.4869260787963867}
{"seed": 5, "user": 2, "acquisition": "bald", "decision_rule": "mean", "final_regret": 6.112673759460449}
{"seed": 5, "user": 2, "acquisition": "bald", "decision_rule": "map", "final_regret": 6.864468097686768}
{"seed": 5, "user": 2, "acquisition": "bald", "decision_rule": "sample", "final_regret": 8.302083015441895}
{"seed": 5, "user": 2, "acquisition": "bald", "decision_rule": "softminimax", "final_regret": 6.057408809661865}
{"seed": 5, "user": 2, "acquisition": "oracle", "decision_rule": "mean", "final_regret": 0.15096092224121094}
{"seed": 5, "user": 3, "acquisition": "voi", "decision_rule": "mean", "final_regret": 1.2087640762329102}
{"seed": 5, "user": 3, "acquisition": "voi", "decision_rule": "map", "final_regret": 2.212710380554199}
{"seed": 5, "user": 3, "acquisition": "voi", "decision_rule": "sample", "final_regret": 1.2442398071289062}
{"seed": 5, "user": 3, "acquisition": "voi", "decision_rule": "softminimax", "final_regret": 1.0107641220092773}
{"seed": 5, "user": 3, "acquisition": "bald", "decision_rule": "mean", "final_regret": 0.7327766418457031}
{"seed": 5, "user": 3, "acquisition": "bald", "decision_rule": "map", "final_regret": 8.389410018920898}
{"seed": 5, "user": 3, "acquisition": "bald", "decision_rule": "sample", "final_regret": 1.2442398071289062}
{"seed": 5, "user": 3, "acquisition": "bald", "decision_rule": "softminimax", "final_regret": 2.034184455871582}
{"seed": 5, "user": 3, "acquisition": "oracle", "decision_rule": "mean", "final_regret": 0.5247211456298828}
{"seed": 5, "user": 4, "acquisition": "voi", "decision_rule": "mean", "final_regret": 2.676492691040039}
{"seed": 5, "user": 4, "acquisition": "voi", "decision_rule": "map", "final_regret": 9.769140243530273}
{"seed": 5, "user": 4, "acquisition": "voi", "decision_rule": "sample", "final_regret": 2.434835433959961}
{"seed": 5, "user": 4, "acquisition": "voi", "decision_rule": "softminimax", "final_regret": 3.037698745727539}
{"seed": 5, "user": 4, "acquisition": "bald", "decision_rule": "mean", "final_regret": 0.03969764709472656}
{"seed": 5, "user": 4, "acquisition": "bald", "decision_rule": "map", "final_regret": 0.05412101745605469}
{"seed": 5, "user": 4, "acquisition": "bald", "decision_rule": "sample", "final_regret": 8.194808959960938}
{"seed": 5, "user": 4, "acquisition": "bald", "decision_rule": "softminimax", "final_regret": 1.8796405792236328}
{"seed": 5, "user": 4, "acquisition": "oracle", "decision_rule": "mean", "final_regret": 0.03448486328125}
{"seed": 5, "user": 5, "acquisition": "voi", "decision_rule": "mean", "final_regret": 1.412384033203125}
{"seed": 5, "user": 5, "acquisition": "voi", "decision_rule": "map", "final_regret": 4.645270347595215}
{"seed": 5, "user": 5, "acquisition": "voi", "decision_rule": "sample", "final_regret": 1.5369749069213867}
{"seed": 5, "user": 5, "acquisition": "voi", "decision_rule": "softminimax", "final_regret": 1.5369749069213867}
{"seed": 5, "user": 5, "acquisition": "bald", "decision_rule": "mean", "final_regret": 3.516972541809082}
{"seed": 5, "user": 5, "acquisition": "bald", "decision_rule": "map", "final_regret": 1.52783203125}
{"seed": 5, "user": 5, "acquisition": "bald", "decision_rule": "sample", "final_regret": 3.1629457473754883}
{"seed": 5, "user": 5, "acquisition": "bald", "decision_rule": "softminimax", "final_regret": 3.516972541809082}
{"seed": 5, "user": 5, "acquisition": "oracle", "decision_rule": "mean", "final_regret": 0.5700559616088867}
{"seed": 5, "user": 6, "acquisition": "voi", "decision_rule": "mean", "final_regret": 4.420037269592285}
{"seed": 5, "user": 6, "acquisition": "voi", "decision_rule": "map", "final_regret": 7.916894435882568}
{"seed": 5, "user": 6, "acquisition": "voi", "decision_rule": "sample", "final_regret": 6.432196140289307}
{"seed": 5, "user": 6, "acquisition": "voi", "decision_rule": "softminimax", "final_regret": 1.8578262329101562}
{"seed": 5, "user": 6, "acquisition": "bald", "decision_rule": "mean", "final_regret": 4.950831413269043}
{"seed": 5, "user": 6, "acquisition": "bald", "decision_rule": "map", "final_regret": 7.916894435882568}
{"seed": 5, "user": 6, "acquisition": "bald", "decision_rule": "sample", "final_regret": 3.831416130065918}
{"seed": 5, "user": 6, "acquisition": "bald", "decision_rule": "softminimax", "final_regret": 1.8578262329101562}
{"seed": 5, "user": 6, "acquisition": "oracle", "decision_rule": "mean", "final_regret": 1.7025070190429688}
{"seed": 5, "user": 7, "acquisition": "voi", "decision_rule": "mean", "final_regret": 7.668163299560547}
{"seed": 5, "user": 7, "acquisition": "voi", "decision_rule": "map", "final_regret": 2.533916473388672}
{"seed": 5, "user": 7, "acquisition": "voi", "decision_rule": "sample", "final_regret": 3.4936256408691406}
{"seed": 5, "user": 7, "acquisition": "voi", "decision_rule": "softminimax", "final_regret": 4.398157119750977}
{"seed": 5, "user": 7, "acquisition": "bald", "decision_rule": "mean", "final_regret": 7.46248722076416}
{"seed": 5, "user": 7, "acquisition": "bald", "decision_rule": "map", "final_regret": 5.259786605834961}
{"seed": 5, "user": 7, "acquisition": "bald", "decision_rule": "sample", "final_regret": 3.9626970291137695}
{"seed": 5, "user": 7, "acquisition": "bald", "decision_rule": "softminimax", "final_regret": 4.260587692260742}
{"seed": 5, "user": 7, "acquisition": "oracle", "decision_rule": "mean", "final_regret": 3.042269706726074}
{"seed": 5, "user": 8, "acquisition": "voi", "decision_rule": "mean", "final_regret": 1.9166622161865234}
{"seed": 5, "user": 8, "acquisition": "voi", "decision_rule": "map", "final_regret": 0.7293262481689453}
{"seed": 5, "user": 8, "acquisition": "voi", "decision_rule": "sample", "final_regret": 5.449216842651367}
{"seed": 5, "user": 8, "acquisition": "voi", "decision_rule": "softminimax", "final_regret": 0.7293262481689453}
{"seed": 5, "user": 8, "acquisition": "bald", "decision_rule": "mean", "final_regret": 1.275491714477539}
{"seed": 5, "user": 8, "acquisition": "bald", "decision_rule": "map", "final_regret": 5.16436767578125}
{"seed": 5, "user": 8, "acquisition": "bald", "decision_rule": "sample", "final_regret": 1.451568603515625}
{"seed": 5, "user": 8, "acquisition": "bald", "decision_rule": "softminimax", "final_regret": 0.7741107940673828}
{"seed": 5, "user": 8, "acquisition": "oracle", "decision_rule": "mean", "final_regret": 0.6300849914550781}
{"seed": 5, "user": 9, "acquisition": "voi", "decision_rule": "mean", "final_regret": 0.23308753967285156}
{"seed": 5, "user": 9, "acquisition": "voi", "decision_rule": "map", "final_regret": 0.9658546447753906}
{"seed": 5, "user": 9, "acquisition": "voi", "decision_rule": "sample", "final_regret": 3.78155517578125}
{"seed": 5, "user": 9, "acquisition": "voi", "decision_rule": "softminimax", "final_regret": 0.03562736511230469}
{"seed": 5, "user": 9, "acquisition": "bald", "decision_rule": "mean", "final_regret": 0.9396820068359375}
{"seed": 5, "user": 9, "acquisition": "bald", "decision_rule": "map", "final_regret": 0.03562736511230469}
{"seed": 5, "user": 9, "acquisition": "bald", "decision_rule": "sample", "final_regret": 2.590953826904297}
{"seed": 5, "user": 9, "acquisition": "bald", "decision_rule": "softminimax", "final_regret": 0.03562736511230469}
{"seed": 5, "user": 9, "acquisition": "oracle", "decision_rule": "mean", "final_regret": 0.0290985107421875}
{"seed": 5, "user": 10, "acquisition": "voi", "decision_rule": "mean", "final_regret": 0.056621551513671875}
{"seed": 5, "user": 10, "acquisition": "voi", "decision_rule": "map", "final_regret": 10.466499328613281}
{"seed": 5, "user": 10, "acquisition": "voi", "decision_rule": "sample", "final_regret": 4.15921688079834}
{"seed": 5, "user": 10, "acquisition": "voi", "decision_rule": "softminimax", "final_regret": 1.1235523223876953}
{"seed": 5, "user": 10, "acquisition": "bald", "decision_rule": "mean", "final_regret": 3.6967029571533203}
{"seed": 5, "user": 10, "acquisition": "bald", "decision_rule": "map", "final_regret": 3.584127426147461}
{"seed": 5, "user": 10, "acquisition": "bald", "decision_rule": "sample", "final_regret": 1.07220458984375}
{"seed": 5, "user": 10, "acquisition": "bald", "decision_rule": "softminimax", "final_regret": 0.3263721466064453}
{"seed": 5, "user": 10, "acquisition": "oracle", "decision_rule": "mean", "final_regret": 0.10839080810546875}
{"seed": 5, "user": 11, "acquisition": "voi", "decision_rule": "mean", "final_regret": 0.07062530517578125}
{"seed": 5, "user": 11, "acquisition": "voi", "decision_rule": "map", "final_regret": 5.031693458557129}
{"seed": 5, "user": 11, "acquisition": "voi", "decision_rule": "sample", "final_regret": 3.845996856689453}
{"seed": 5, "user": 11, "acquisition": "voi", "decision_rule": "softminimax", "final_regret": 0.05408287048339844}
{"seed": 5, "user": 11, "acquisition": "bald", "decision_rule": "mean", "final_regret": 4.616996765136719}
{"seed": 5, "user": 11, "acquisition": "bald", "decision_rule": "map", "final_regret": 0.10053062438964844}
{"seed": 5, "user": 11, "acquisition": "bald", "decision_rule": "sample", "final_regret": 0.1830158233642578}
{"seed": 5, "user": 11, "acquisition": "bald", "decision_rule": "softminimax", "final_regret": 0.06903076171875}
{"seed": 5, "user": 11, "acquisition": "oracle", "decision_rule": "mean", "final_regret": 0.03913116455078125}
EXIT:0
