\BOOKMARK [1][-]{section.1}{\376\377\000I\000n\000t\000r\000o\000d\000u\000c\000t\000i\000o\000n}{}% 1
\BOOKMARK [2][-]{subsection.1.1}{\376\377\000C\000o\000n\000t\000r\000i\000b\000u\000t\000i\000o\000n\000s}{section.1}% 2
\BOOKMARK [1][-]{section.2}{\376\377\000R\000e\000l\000a\000t\000e\000d\000\040\000W\000o\000r\000k}{}% 3
\BOOKMARK [2][-]{subsection.2.1}{\376\377\000D\000e\000c\000i\000s\000i\000o\000n\000-\000r\000e\000l\000e\000v\000a\000n\000t\000\040\000e\000l\000i\000c\000i\000t\000a\000t\000i\000o\000n}{section.2}% 4
\BOOKMARK [2][-]{subsection.2.2}{\376\377\000A\000c\000t\000i\000v\000e\000\040\000p\000r\000e\000f\000e\000r\000e\000n\000c\000e\000-\000b\000a\000s\000e\000d\000\040\000r\000e\000w\000a\000r\000d\000\040\000l\000e\000a\000r\000n\000i\000n\000g}{section.2}% 5
\BOOKMARK [2][-]{subsection.2.3}{\376\377\000P\000o\000p\000u\000l\000a\000t\000i\000o\000n\000\040\000a\000n\000d\000\040\000p\000l\000u\000r\000a\000l\000i\000s\000t\000i\000c\000\040\000p\000r\000e\000f\000e\000r\000e\000n\000c\000e\000\040\000m\000o\000d\000e\000l\000s}{section.2}% 6
\BOOKMARK [2][-]{subsection.2.4}{\376\377\000A\000c\000t\000i\000v\000e\000\040\000p\000e\000r\000s\000o\000n\000a\000l\000i\000z\000a\000t\000i\000o\000n\000\040\000e\000l\000s\000e\000w\000h\000e\000r\000e}{section.2}% 7
\BOOKMARK [1][-]{section.3}{\376\377\000P\000r\000o\000b\000l\000e\000m\000\040\000F\000o\000r\000m\000u\000l\000a\000t\000i\000o\000n}{}% 8
\BOOKMARK [2][-]{subsection.3.1}{\376\377\000R\000e\000w\000a\000r\000d\000\040\000m\000o\000d\000e\000l}{section.3}% 9
\BOOKMARK [2][-]{subsection.3.2}{\376\377\000R\000e\000s\000p\000o\000n\000s\000e\000\040\000m\000o\000d\000e\000l}{section.3}% 10
\BOOKMARK [2][-]{subsection.3.3}{\376\377\000P\000o\000p\000u\000l\000a\000t\000i\000o\000n\000\040\000s\000e\000t\000t\000i\000n\000g}{section.3}% 11
\BOOKMARK [2][-]{subsection.3.4}{\376\377\000O\000b\000j\000e\000c\000t\000i\000v\000e}{section.3}% 12
\BOOKMARK [2][-]{subsection.3.5}{\376\377\000O\000r\000a\000c\000l\000e}{section.3}% 13
\BOOKMARK [1][-]{section.4}{\376\377\000M\000e\000t\000h\000o\000d}{}% 14
\BOOKMARK [2][-]{subsection.4.1}{\376\377\000P\000r\000o\000b\000l\000e\000m\000\040\000S\000e\000t\000u\000p}{section.4}% 15
\BOOKMARK [2][-]{subsection.4.2}{\376\377\000A\000p\000p\000r\000o\000a\000c\000h}{section.4}% 16
\BOOKMARK [2][-]{subsection.4.3}{\376\377\000A\000l\000g\000o\000r\000i\000t\000h\000m}{section.4}% 17
\BOOKMARK [2][-]{subsection.4.4}{\376\377\000C\000o\000m\000p\000l\000e\000x\000i\000t\000y\000\040\000/\000\040\000P\000r\000a\000c\000t\000i\000c\000a\000l\000\040\000N\000o\000t\000e\000s}{section.4}% 18
\BOOKMARK [1][-]{section.5}{\376\377\000E\000x\000p\000e\000r\000i\000m\000e\000n\000t\000s}{}% 19
\BOOKMARK [2][-]{subsection.5.1}{\376\377\000S\000e\000t\000u\000p}{section.5}% 20
\BOOKMARK [2][-]{subsection.5.2}{\376\377\000M\000a\000i\000n\000\040\000R\000e\000s\000u\000l\000t\000s}{section.5}% 21
\BOOKMARK [2][-]{subsection.5.3}{\376\377\000A\000b\000l\000a\000t\000i\000o\000n\000s}{section.5}% 22
\BOOKMARK [2][-]{subsection.5.4}{\376\377\000F\000a\000i\000l\000u\000r\000e\000\040\000M\000o\000d\000e\000s}{section.5}% 23
\BOOKMARK [1][-]{section.6}{\376\377\000D\000i\000s\000c\000u\000s\000s\000i\000o\000n}{}% 24
\BOOKMARK [2][-]{subsection.6.1}{\376\377\000W\000h\000a\000t\000\040\000t\000h\000e\000\040\000r\000e\000s\000u\000l\000t\000s\000\040\000i\000m\000p\000l\000y}{section.6}% 25
\BOOKMARK [2][-]{subsection.6.2}{\376\377\000L\000i\000m\000i\000t\000a\000t\000i\000o\000n\000s}{section.6}% 26
\BOOKMARK [2][-]{subsection.6.3}{\376\377\000B\000r\000o\000a\000d\000e\000r\000\040\000i\000m\000p\000a\000c\000t}{section.6}% 27
\BOOKMARK [1][-]{section.7}{\376\377\000C\000o\000n\000c\000l\000u\000s\000i\000o\000n}{}% 28
\BOOKMARK [1][-]{appendix.A}{\376\377\000A\000d\000d\000i\000t\000i\000o\000n\000a\000l\000\040\000E\000x\000p\000e\000r\000i\000m\000e\000n\000t\000a\000l\000\040\000D\000e\000t\000a\000i\000l\000s}{}% 29
\BOOKMARK [1][-]{appendix.B}{\376\377\000E\000x\000t\000e\000n\000d\000e\000d\000\040\000R\000e\000s\000u\000l\000t\000s}{}% 30
